[1.464s] Invoking command in '/home/ubuntuuser/ros2_ws/src/r7021e_exploration': DEBUGINFOD_URLS=https://debuginfod.ubuntu.com PS1=(.venv) \[\e]0;\u@\h: \w\a\]${debian_chroot:+($debian_chroot)}\[\033[01;32m\]\u@\h\[\033[00m\]:\[\033[01;34m\]\w\[\033[00m\]\$ PYTHONPATH=/home/ubuntuuser/ros2_ws/build/r7021e_exploration/prefix_override:/home/ubuntuuser/ros2_ws/.venv/lib/python3.12/site-packages/colcon_core/task/python/colcon_distutils_commands:/home/ubuntuuser/ros2_ws/install/r7021e_exploration/lib/python3.12/site-packages:${PYTHONPATH} VIRTUAL_ENV_PROMPT=(.venv) /home/ubuntuuser/ros2_ws/.venv/bin/python3 -W ignore:setup.py install is deprecated -W ignore:easy_install command is deprecated setup.py egg_info --egg-base ../../build/r7021e_exploration build --build-base /home/ubuntuuser/ros2_ws/build/r7021e_exploration/build install --record /home/ubuntuuser/ros2_ws/build/r7021e_exploration/install.log --single-version-externally-managed install_data
[1.797s] /home/ubuntuuser/ros2_ws/.venv/lib/python3.12/site-packages/setuptools/_distutils/dist.py:289: UserWarning: Unknown distribution option: 'tests_require'
[1.798s]   warnings.warn(msg)
[2.186s] running egg_info
[2.252s] writing ../../build/r7021e_exploration/r7021e_exploration.egg-info/PKG-INFO
[2.253s] writing dependency_links to ../../build/r7021e_exploration/r7021e_exploration.egg-info/dependency_links.txt
[2.254s] writing entry points to ../../build/r7021e_exploration/r7021e_exploration.egg-info/entry_points.txt
[2.254s] writing requirements to ../../build/r7021e_exploration/r7021e_exploration.egg-info/requires.txt
[2.254s] writing top-level names to ../../build/r7021e_exploration/r7021e_exploration.egg-info/top_level.txt
[2.449s] reading manifest file '../../build/r7021e_exploration/r7021e_exploration.egg-info/SOURCES.txt'
[2.460s] writing manifest file '../../build/r7021e_exploration/r7021e_exploration.egg-info/SOURCES.txt'
[2.460s] running build
[2.460s] running build_py
[2.463s] copying r7021e_exploration/frontier_detector_node.py -> /home/ubuntuuser/ros2_ws/build/r7021e_exploration/build/lib/r7021e_exploration
[2.465s] copying r7021e_exploration/__init__.py -> /home/ubuntuuser/ros2_ws/build/r7021e_exploration/build/lib/r7021e_exploration
[2.466s] copying r7021e_exploration/navigation_node.py -> /home/ubuntuuser/ros2_ws/build/r7021e_exploration/build/lib/r7021e_exploration
[2.466s] copying r7021e_exploration/rrt.py -> /home/ubuntuuser/ros2_ws/build/r7021e_exploration/build/lib/r7021e_exploration
[2.476s] copying r7021e_exploration/path_follower_node.py -> /home/ubuntuuser/ros2_ws/build/r7021e_exploration/build/lib/r7021e_exploration
[2.477s] running install
[2.509s] running install_lib
[2.557s] copying /home/ubuntuuser/ros2_ws/build/r7021e_exploration/build/lib/r7021e_exploration/navigation_node.py -> /home/ubuntuuser/ros2_ws/install/r7021e_exploration/lib/python3.12/site-packages/r7021e_exploration
[2.560s] byte-compiling /home/ubuntuuser/ros2_ws/install/r7021e_exploration/lib/python3.12/site-packages/r7021e_exploration/navigation_node.py to navigation_node.cpython-312.pyc
[2.576s] running install_data
[2.577s] copying resource/r7021e_exploration -> /home/ubuntuuser/ros2_ws/install/r7021e_exploration/share/ament_index/resource_index/packages
[2.580s] copying launch/exploration.launch.py -> /home/ubuntuuser/ros2_ws/install/r7021e_exploration/share/r7021e_exploration/launch
[2.580s] copying config/slam_config.yaml -> /home/ubuntuuser/ros2_ws/install/r7021e_exploration/share/r7021e_exploration/config
[2.581s] running install_egg_info
[2.639s] removing '/home/ubuntuuser/ros2_ws/install/r7021e_exploration/lib/python3.12/site-packages/r7021e_exploration-0.0.0-py3.12.egg-info' (and everything under it)
[2.642s] Copying ../../build/r7021e_exploration/r7021e_exploration.egg-info to /home/ubuntuuser/ros2_ws/install/r7021e_exploration/lib/python3.12/site-packages/r7021e_exploration-0.0.0-py3.12.egg-info
[2.646s] running install_scripts
[2.868s] Installing frontier_detector_node script to /home/ubuntuuser/ros2_ws/install/r7021e_exploration/lib/r7021e_exploration
[2.868s] Installing navigation_node script to /home/ubuntuuser/ros2_ws/install/r7021e_exploration/lib/r7021e_exploration
[2.869s] Installing path_follower_node script to /home/ubuntuuser/ros2_ws/install/r7021e_exploration/lib/r7021e_exploration
[2.869s] writing list of installed files to '/home/ubuntuuser/ros2_ws/build/r7021e_exploration/install.log'
[3.158s] Invoked command in '/home/ubuntuuser/ros2_ws/src/r7021e_exploration' returned '0': DEBUGINFOD_URLS=https://debuginfod.ubuntu.com PS1=(.venv) \[\e]0;\u@\h: \w\a\]${debian_chroot:+($debian_chroot)}\[\033[01;32m\]\u@\h\[\033[00m\]:\[\033[01;34m\]\w\[\033[00m\]\$ PYTHONPATH=/home/ubuntuuser/ros2_ws/build/r7021e_exploration/prefix_override:/home/ubuntuuser/ros2_ws/.venv/lib/python3.12/site-packages/colcon_core/task/python/colcon_distutils_commands:/home/ubuntuuser/ros2_ws/install/r7021e_exploration/lib/python3.12/site-packages:${PYTHONPATH} VIRTUAL_ENV_PROMPT=(.venv) /home/ubuntuuser/ros2_ws/.venv/bin/python3 -W ignore:setup.py install is deprecated -W ignore:easy_install command is deprecated setup.py egg_info --egg-base ../../build/r7021e_exploration build --build-base /home/ubuntuuser/ros2_ws/build/r7021e_exploration/build install --record /home/ubuntuuser/ros2_ws/build/r7021e_exploration/install.log --single-version-externally-managed install_data
