[0.067s] Invoking command in '/home/ubuntuuser/ros2_ws/src/build/crazyflie_interfaces': CMAKE_PREFIX_PATH=${CMAKE_PREFIX_PATH}:/opt/ros/jazzy DEBUGINFOD_URLS=https://debuginfod.ubuntu.com /usr/bin/cmake /home/ubuntuuser/ros2_ws/src/crazyswarm2/crazyflie_interfaces -DCMAKE_INSTALL_PREFIX=/home/ubuntuuser/ros2_ws/src/install/crazyflie_interfaces
[0.130s] -- Found ament_cmake: 2.5.4 (/opt/ros/jazzy/share/ament_cmake/cmake)
[0.709s] -- Found builtin_interfaces: 2.0.3 (/opt/ros/jazzy/share/builtin_interfaces/cmake)
[0.815s] -- Found rosidl_generator_c: 4.6.6 (/opt/ros/jazzy/share/rosidl_generator_c/cmake)
[0.842s] -- Found rosidl_generator_cpp: 4.6.6 (/opt/ros/jazzy/share/rosidl_generator_cpp/cmake)
[0.886s] -- Using all available rosidl_typesupport_c: rosidl_typesupport_fastrtps_c;rosidl_typesupport_introspection_c
[0.954s] -- Using all available rosidl_typesupport_cpp: rosidl_typesupport_fastrtps_cpp;rosidl_typesupport_introspection_cpp
[1.016s] -- Found geometry_msgs: 5.3.6 (/opt/ros/jazzy/share/geometry_msgs/cmake)
[1.147s] -- Found rosidl_default_generators: 1.6.0 (/opt/ros/jazzy/share/rosidl_default_generators/cmake)
[1.182s] -- Found rosidl_adapter: 4.6.6 (/opt/ros/jazzy/share/rosidl_adapter/cmake)
[1.651s] [31mCMake Error at /opt/ros/jazzy/share/rosidl_adapter/cmake/rosidl_adapt_interfaces.cmake:57 (message):
[1.652s]   execute_process(/home/ubuntuuser/repos/ros2_robotics/.venv/bin/python3 -m
[1.652s]   rosidl_adapter --package-name crazyflie_interfaces --arguments-file
[1.652s]   /home/ubuntuuser/ros2_ws/src/build/crazyflie_interfaces/rosidl_adapter__arguments__crazyflie_interfaces.json
[1.652s]   --output-dir
[1.652s]   /home/ubuntuuser/ros2_ws/src/build/crazyflie_interfaces/rosidl_adapter/crazyflie_interfaces
[1.652s]   --output-file
[1.652s]   /home/ubuntuuser/ros2_ws/src/build/crazyflie_interfaces/rosidl_adapter/crazyflie_interfaces.idls)
[1.653s]   returned error code 1:
[1.653s] 
[1.657s]   Traceback (most recent call last):
[1.657s] 
[1.657s]     File "<frozen runpy>", line 198, in _run_module_as_main
[1.657s]     File "<frozen runpy>", line 88, in _run_code
[1.657s]     File "/opt/ros/jazzy/lib/python3.12/site-packages/rosidl_adapter/__main__.py", line 19, in <module>
[1.658s]       sys.exit(main())
[1.658s]                ^^^^^^
[1.658s]     File "/opt/ros/jazzy/lib/python3.12/site-packages/rosidl_adapter/main.py", line 53, in main
[1.658s]       abs_idl_file = convert_to_idl(
[1.658s]                      ^^^^^^^^^^^^^^^
[1.658s]     File "/opt/ros/jazzy/lib/python3.12/site-packages/rosidl_adapter/__init__.py", line 18, in convert_to_idl
[1.659s]       from rosidl_adapter.msg import convert_msg_to_idl
[1.659s]     File "/opt/ros/jazzy/lib/python3.12/site-packages/rosidl_adapter/msg/__init__.py", line 16, in <module>
[1.659s]       from rosidl_adapter.resource import expand_template
[1.659s]     File "/opt/ros/jazzy/lib/python3.12/site-packages/rosidl_adapter/resource/__init__.py", line 19, in <module>
[1.659s]       import em
[1.659s] 
[1.659s]   ModuleNotFoundError: No module named 'em'
[1.659s] 
[1.659s] Call Stack (most recent call first):
[1.660s]   /opt/ros/jazzy/share/rosidl_cmake/cmake/rosidl_generate_interfaces.cmake:132 (rosidl_adapt_interfaces)
[1.660s]   CMakeLists.txt:20 (rosidl_generate_interfaces)
[1.660s] 
[1.660s] [0m
[1.662s] -- Configuring incomplete, errors occurred!
[1.673s] Invoked command in '/home/ubuntuuser/ros2_ws/src/build/crazyflie_interfaces' returned '1': CMAKE_PREFIX_PATH=${CMAKE_PREFIX_PATH}:/opt/ros/jazzy DEBUGINFOD_URLS=https://debuginfod.ubuntu.com /usr/bin/cmake /home/ubuntuuser/ros2_ws/src/crazyswarm2/crazyflie_interfaces -DCMAKE_INSTALL_PREFIX=/home/ubuntuuser/ros2_ws/src/install/crazyflie_interfaces
