[2.487s] Invoking command in '/home/ubuntuuser/ros2_ws/src/turtlebot3_trailer': DEBUGINFOD_URLS=https://debuginfod.ubuntu.com PS1=(.venv) \[\e]0;\u@\h: \w\a\]${debian_chroot:+($debian_chroot)}\[\033[01;32m\]\u@\h\[\033[00m\]:\[\033[01;34m\]\w\[\033[00m\]\$ PYTHONPATH=/home/ubuntuuser/ros2_ws/build/turtlebot3_trailer/prefix_override:/home/ubuntuuser/ros2_ws/.venv/lib/python3.12/site-packages/colcon_core/task/python/colcon_distutils_commands:/home/ubuntuuser/ros2_ws/install/turtlebot3_trailer/lib/python3.12/site-packages:${PYTHONPATH} VIRTUAL_ENV_PROMPT=(.venv) /home/ubuntuuser/ros2_ws/.venv/bin/python3 -W ignore:setup.py install is deprecated -W ignore:easy_install command is deprecated setup.py egg_info --egg-base ../../build/turtlebot3_trailer build --build-base /home/ubuntuuser/ros2_ws/build/turtlebot3_trailer/build install --record /home/ubuntuuser/ros2_ws/build/turtlebot3_trailer/install.log --single-version-externally-managed install_data
[3.557s] /home/ubuntuuser/ros2_ws/.venv/lib/python3.12/site-packages/setuptools/_distutils/dist.py:289: UserWarning: Unknown distribution option: 'tests_require'
[3.557s]   warnings.warn(msg)
[5.165s] running egg_info
[5.342s] writing ../../build/turtlebot3_trailer/turtlebot3_trailer.egg-info/PKG-INFO
[5.349s] writing dependency_links to ../../build/turtlebot3_trailer/turtlebot3_trailer.egg-info/dependency_links.txt
[5.357s] writing requirements to ../../build/turtlebot3_trailer/turtlebot3_trailer.egg-info/requires.txt
[5.357s] writing top-level names to ../../build/turtlebot3_trailer/turtlebot3_trailer.egg-info/top_level.txt
[5.693s] reading manifest file '../../build/turtlebot3_trailer/turtlebot3_trailer.egg-info/SOURCES.txt'
[5.707s] writing manifest file '../../build/turtlebot3_trailer/turtlebot3_trailer.egg-info/SOURCES.txt'
[5.708s] running build
[5.708s] running build_py
[5.720s] copying turtlebot3_trailer/__init__.py -> /home/ubuntuuser/ros2_ws/build/turtlebot3_trailer/build/lib/turtlebot3_trailer
[5.721s] running install
[5.779s] running install_lib
[5.956s] running install_data
[5.958s] copying resource/turtlebot3_trailer -> /home/ubuntuuser/ros2_ws/install/turtlebot3_trailer/share/ament_index/resource_index/packages
[5.958s] copying package.xml -> /home/ubuntuuser/ros2_ws/install/turtlebot3_trailer/share/turtlebot3_trailer
[5.958s] copying launch/spawn_trailer.launch.py -> /home/ubuntuuser/ros2_ws/install/turtlebot3_trailer/share/turtlebot3_trailer/launch
[5.958s] copying urdf/trailer.urdf.xacro -> /home/ubuntuuser/ros2_ws/install/turtlebot3_trailer/share/turtlebot3_trailer/urdf
[5.959s] copying urdf/trailer.urdf.xacro~ -> /home/ubuntuuser/ros2_ws/install/turtlebot3_trailer/share/turtlebot3_trailer/urdf
[5.959s] running install_egg_info
[6.086s] removing '/home/ubuntuuser/ros2_ws/install/turtlebot3_trailer/lib/python3.12/site-packages/turtlebot3_trailer-0.0.0-py3.12.egg-info' (and everything under it)
[6.086s] Copying ../../build/turtlebot3_trailer/turtlebot3_trailer.egg-info to /home/ubuntuuser/ros2_ws/install/turtlebot3_trailer/lib/python3.12/site-packages/turtlebot3_trailer-0.0.0-py3.12.egg-info
[6.098s] running install_scripts
[6.515s] writing list of installed files to '/home/ubuntuuser/ros2_ws/build/turtlebot3_trailer/install.log'
[6.692s] Invoked command in '/home/ubuntuuser/ros2_ws/src/turtlebot3_trailer' returned '0': DEBUGINFOD_URLS=https://debuginfod.ubuntu.com PS1=(.venv) \[\e]0;\u@\h: \w\a\]${debian_chroot:+($debian_chroot)}\[\033[01;32m\]\u@\h\[\033[00m\]:\[\033[01;34m\]\w\[\033[00m\]\$ PYTHONPATH=/home/ubuntuuser/ros2_ws/build/turtlebot3_trailer/prefix_override:/home/ubuntuuser/ros2_ws/.venv/lib/python3.12/site-packages/colcon_core/task/python/colcon_distutils_commands:/home/ubuntuuser/ros2_ws/install/turtlebot3_trailer/lib/python3.12/site-packages:${PYTHONPATH} VIRTUAL_ENV_PROMPT=(.venv) /home/ubuntuuser/ros2_ws/.venv/bin/python3 -W ignore:setup.py install is deprecated -W ignore:easy_install command is deprecated setup.py egg_info --egg-base ../../build/turtlebot3_trailer build --build-base /home/ubuntuuser/ros2_ws/build/turtlebot3_trailer/build install --record /home/ubuntuuser/ros2_ws/build/turtlebot3_trailer/install.log --single-version-externally-managed install_data
