-- The C compiler identification is GNU 13.3.0
-- The CXX compiler identification is GNU 13.3.0
-- Detecting C compiler ABI info
-- Detecting C compiler ABI info - done
-- Check for working C compiler: /usr/bin/cc - skipped
-- Detecting C compile features
-- Detecting C compile features - done
-- Detecting CXX compiler ABI info
-- Detecting CXX compiler ABI info - done
-- Check for working CXX compiler: /usr/bin/c++ - skipped
-- Detecting CXX compile features
-- Detecting CXX compile features - done
-- Found ament_cmake: 2.5.4 (/opt/ros/jazzy/share/ament_cmake/cmake)
-- Found Python3: /home/ubuntuuser/ros2_ws/.venv/bin/python3 (found version "3.12.3") found components: Interpreter 
-- Found rclcpp: 28.1.11 (/opt/ros/jazzy/share/rclcpp/cmake)
-- Found rosidl_generator_c: 4.6.6 (/opt/ros/jazzy/share/rosidl_generator_c/cmake)
-- Found rosidl_generator_cpp: 4.6.6 (/opt/ros/jazzy/share/rosidl_generator_cpp/cmake)
-- Using all available rosidl_typesupport_c: rosidl_typesupport_fastrtps_c;rosidl_typesupport_introspection_c
-- Using all available rosidl_typesupport_cpp: rosidl_typesupport_fastrtps_cpp;rosidl_typesupport_introspection_cpp
-- Found rmw_implementation_cmake: 7.3.2 (/opt/ros/jazzy/share/rmw_implementation_cmake/cmake)
-- Found rmw_fastrtps_cpp: 8.4.3 (/opt/ros/jazzy/share/rmw_fastrtps_cpp/cmake)
-- Found OpenSSL: /usr/lib/x86_64-linux-gnu/libcrypto.so (found version "3.0.13")  
-- Found FastRTPS: /opt/ros/jazzy/include (Required is at least version "2.13") 
-- Using RMW implementation 'rmw_fastrtps_cpp' as default
-- Found tf2_ros: 0.36.14 (/opt/ros/jazzy/share/tf2_ros/cmake)
-- Found rclpy: 7.1.5 (/opt/ros/jazzy/share/rclpy/cmake)
-- Found std_srvs: 5.3.6 (/opt/ros/jazzy/share/std_srvs/cmake)
-- Found nav_msgs: 5.3.6 (/opt/ros/jazzy/share/nav_msgs/cmake)
-- Found sensor_msgs: 5.3.6 (/opt/ros/jazzy/share/sensor_msgs/cmake)
-- Found crazyflie_interfaces: 1.0.3 (/home/ubuntuuser/ros2_ws/install/crazyflie_interfaces/share/crazyflie_interfaces/cmake)
-- Found motion_capture_tracking_interfaces: 1.0.6 (/opt/ros/jazzy/share/motion_capture_tracking_interfaces/cmake)
-- Found ros_environment: 4.2.1 (/opt/ros/jazzy/share/ros_environment/cmake)
-- Found Boost: /usr/lib/x86_64-linux-gnu/cmake/Boost-1.83.0/BoostConfig.cmake (found version "1.83.0") found components: program_options 
-- Found libusb: /usr/lib/x86_64-linux-gnu/libusb-1.0.so  
-- Configuring done (5.0s)
-- Generating done (0.1s)
-- Build files have been written to: /home/ubuntuuser/ros2_ws/build/crazyflie
[  2%] [32mBuilding CXX object CMakeFiles/teleop.dir/src/teleop.cpp.o[0m
[  5%] [32m[1mLinking CXX executable teleop[0m
[  5%] Built target teleop
[  7%] [32mBuilding CXX object deps/crazyflie_tools/crazyflie_cpp/crazyflie-link-cpp/CMakeFiles/crazyflieLinkCpp.dir/src/USBManager.cpp.o[0m
[ 10%] [32mBuilding CXX object deps/crazyflie_tools/crazyflie_cpp/crazyflie-link-cpp/CMakeFiles/crazyflieLinkCpp.dir/src/Crazyradio.cpp.o[0m
[ 12%] [32mBuilding CXX object deps/crazyflie_tools/crazyflie_cpp/crazyflie-link-cpp/CMakeFiles/crazyflieLinkCpp.dir/src/CrazyradioThread.cpp.o[0m
[ 15%] [32mBuilding CXX object deps/crazyflie_tools/crazyflie_cpp/crazyflie-link-cpp/CMakeFiles/crazyflieLinkCpp.dir/src/CrazyflieUSB.cpp.o[0m
[ 17%] [32mBuilding CXX object deps/crazyflie_tools/crazyflie_cpp/crazyflie-link-cpp/CMakeFiles/crazyflieLinkCpp.dir/src/CrazyflieUSBThread.cpp.o[0m
[ 20%] [32mBuilding CXX object deps/crazyflie_tools/crazyflie_cpp/crazyflie-link-cpp/CMakeFiles/crazyflieLinkCpp.dir/src/Version.cpp.o[0m
[ 22%] [32mBuilding CXX object deps/crazyflie_tools/crazyflie_cpp/crazyflie-link-cpp/CMakeFiles/crazyflieLinkCpp.dir/src/USBDevice.cpp.o[0m
[ 25%] [32mBuilding CXX object deps/crazyflie_tools/crazyflie_cpp/crazyflie-link-cpp/CMakeFiles/crazyflieLinkCpp.dir/src/Connection.cpp.o[0m
[ 27%] [32m[1mLinking CXX static library libcrazyflieLinkCpp.a[0m
[ 27%] Built target crazyflieLinkCpp
[ 32%] [32mBuilding CXX object deps/crazyflie_tools/crazyflie_cpp/CMakeFiles/crazyflie_cpp.dir/src/Crazyflie.cpp.o[0m
[ 32%] [32mBuilding CXX object deps/crazyflie_tools/crazyflie_cpp/CMakeFiles/crazyflie_cpp.dir/src/crtp.cpp.o[0m
[ 35%] [32m[1mLinking CXX static library libcrazyflie_cpp.a[0m
[ 35%] Built target crazyflie_cpp
[ 37%] [32mBuilding CXX object CMakeFiles/crazyflie_server.dir/src/crazyflie_server.cpp.o[0m
[ 40%] [32mBuilding CXX object deps/crazyflie_tools/CMakeFiles/scan.dir/src/scan.cpp.o[0m
[ 42%] [32mBuilding CXX object deps/crazyflie_tools/CMakeFiles/listLogVariables.dir/src/listLogVariables.cpp.o[0m
[ 45%] [32m[1mLinking CXX executable scan[0m
[ 45%] Built target scan
[ 47%] [32m[1mLinking CXX executable listLogVariables[0m
[ 47%] Built target listLogVariables
[ 50%] [32mBuilding CXX object deps/crazyflie_tools/CMakeFiles/reboot.dir/src/reboot.cpp.o[0m
[ 52%] [32mBuilding CXX object deps/crazyflie_tools/CMakeFiles/listMemories.dir/src/listMemories.cpp.o[0m
[ 55%] [32mBuilding CXX object deps/crazyflie_tools/CMakeFiles/listParams.dir/src/listParams.cpp.o[0m
[ 57%] [32m[1mLinking CXX executable reboot[0m
[ 57%] Built target reboot
[ 60%] [32m[1mLinking CXX executable listMemories[0m
[ 62%] [32m[1mLinking CXX executable listParams[0m
[ 62%] Built target listMemories
[ 62%] Built target listParams
[ 65%] [32m[1mLinking CXX executable crazyflie_server[0m
[ 65%] Built target crazyflie_server
[ 67%] [32mBuilding CXX object deps/crazyflie_tools/CMakeFiles/console.dir/src/console.cpp.o[0m
[ 70%] [32m[1mLinking CXX executable console[0m
[ 70%] Built target console
[ 72%] [32mBuilding CXX object deps/crazyflie_tools/CMakeFiles/comCheck.dir/src/comCheck.cpp.o[0m
[ 75%] [32m[1mLinking CXX executable comCheck[0m
[ 75%] Built target comCheck
[ 77%] [32mBuilding CXX object deps/crazyflie_tools/CMakeFiles/log.dir/src/log.cpp.o[0m
[ 80%] [32m[1mLinking CXX executable log[0m
[ 80%] Built target log
[ 82%] [32mBuilding CXX object deps/crazyflie_tools/CMakeFiles/downloadUSDLogfile.dir/src/downloadUSDLogfile.cpp.o[0m
[ 85%] [32m[1mLinking CXX executable downloadUSDLogfile[0m
[ 85%] Built target downloadUSDLogfile
[ 87%] [32mBuilding CXX object deps/crazyflie_tools/CMakeFiles/setParam.dir/src/setParam.cpp.o[0m
[ 90%] [32m[1mLinking CXX executable setParam[0m
[ 90%] Built target setParam
[ 92%] [32mBuilding CXX object deps/crazyflie_tools/CMakeFiles/version.dir/src/version.cpp.o[0m
[ 95%] [32m[1mLinking CXX executable version[0m
[ 95%] Built target version
[ 97%] [32mBuilding CXX object deps/crazyflie_tools/CMakeFiles/battery.dir/src/battery.cpp.o[0m
[100%] [32m[1mLinking CXX executable battery[0m
[100%] Built target battery
-- Install configuration: ""
-- Installing: /home/ubuntuuser/ros2_ws/install/crazyflie/lib/crazyflie/comCheck
-- Installing: /home/ubuntuuser/ros2_ws/install/crazyflie/lib/crazyflie/scan
-- Installing: /home/ubuntuuser/ros2_ws/install/crazyflie/lib/crazyflie/listParams
-- Installing: /home/ubuntuuser/ros2_ws/install/crazyflie/lib/crazyflie/listLogVariables
-- Installing: /home/ubuntuuser/ros2_ws/install/crazyflie/lib/crazyflie/listMemories
-- Installing: /home/ubuntuuser/ros2_ws/install/crazyflie/lib/crazyflie/reboot
-- Installing: /home/ubuntuuser/ros2_ws/install/crazyflie/lib/crazyflie/battery
-- Installing: /home/ubuntuuser/ros2_ws/install/crazyflie/lib/crazyflie/version
-- Installing: /home/ubuntuuser/ros2_ws/install/crazyflie/lib/crazyflie/console
-- Installing: /home/ubuntuuser/ros2_ws/install/crazyflie/lib/crazyflie/log
-- Installing: /home/ubuntuuser/ros2_ws/install/crazyflie/lib/crazyflie/setParam
-- Installing: /home/ubuntuuser/ros2_ws/install/crazyflie/lib/crazyflie/downloadUSDLogfile
-- Installing: /home/ubuntuuser/ros2_ws/install/crazyflie/lib/crazyflie/teleop
-- Set non-toolchain portion of runtime path of "/home/ubuntuuser/ros2_ws/install/crazyflie/lib/crazyflie/teleop" to ""
-- Installing: /home/ubuntuuser/ros2_ws/install/crazyflie/lib/crazyflie/crazyflie_server
-- Set non-toolchain portion of runtime path of "/home/ubuntuuser/ros2_ws/install/crazyflie/lib/crazyflie/crazyflie_server" to ""
-- Installing: /home/ubuntuuser/ros2_ws/install/crazyflie/lib/crazyflie/crazyflie_server.py
-- Installing: /home/ubuntuuser/ros2_ws/install/crazyflie/lib/crazyflie/chooser.py
-- Installing: /home/ubuntuuser/ros2_ws/install/crazyflie/lib/crazyflie/vel_mux.py
-- Installing: /home/ubuntuuser/ros2_ws/install/crazyflie/lib/crazyflie/cfmult.py
-- Installing: /home/ubuntuuser/ros2_ws/install/crazyflie/lib/crazyflie/simple_mapper_multiranger.py
-- Installing: /home/ubuntuuser/ros2_ws/install/crazyflie/lib/crazyflie/aideck_streamer.py
-- Installing: /home/ubuntuuser/ros2_ws/install/crazyflie/lib/crazyflie/gui.py
-- Installing: /home/ubuntuuser/ros2_ws/install/crazyflie/lib/crazyflie/flash.py
-- Installing: /home/ubuntuuser/ros2_ws/install/crazyflie/share/crazyflie//launch
-- Installing: /home/ubuntuuser/ros2_ws/install/crazyflie/share/crazyflie//launch/teleop_launch.py
-- Installing: /home/ubuntuuser/ros2_ws/install/crazyflie/share/crazyflie//launch/launch_teleop2.py
-- Installing: /home/ubuntuuser/ros2_ws/install/crazyflie/share/crazyflie//launch/launch.py
-- Installing: /home/ubuntuuser/ros2_ws/install/crazyflie/share/crazyflie//config
-- Installing: /home/ubuntuuser/ros2_ws/install/crazyflie/share/crazyflie//config/crazyflies.yaml
-- Installing: /home/ubuntuuser/ros2_ws/install/crazyflie/share/crazyflie//config/teleop.yaml
-- Installing: /home/ubuntuuser/ros2_ws/install/crazyflie/share/crazyflie//config/motion_capture.yaml
-- Installing: /home/ubuntuuser/ros2_ws/install/crazyflie/share/crazyflie//config/server.yaml
-- Installing: /home/ubuntuuser/ros2_ws/install/crazyflie/share/crazyflie//config/aideck_streamer.yaml
-- Installing: /home/ubuntuuser/ros2_ws/install/crazyflie/share/crazyflie//config/config.rviz
-- Installing: /home/ubuntuuser/ros2_ws/install/crazyflie/share/crazyflie//urdf
-- Installing: /home/ubuntuuser/ros2_ws/install/crazyflie/share/crazyflie//urdf/crazyflie_description.urdf
-- Installing: /home/ubuntuuser/ros2_ws/install/crazyflie/share/crazyflie//urdf/cf2_assembly_with_props.dae
-- Installing: /home/ubuntuuser/ros2_ws/install/crazyflie/share/crazyflie//urdf/cf2_assembly.stl
-- Installing: /home/ubuntuuser/ros2_ws/install/crazyflie/share/ament_index/resource_index/package_run_dependencies/crazyflie
-- Installing: /home/ubuntuuser/ros2_ws/install/crazyflie/share/ament_index/resource_index/parent_prefix_path/crazyflie
-- Installing: /home/ubuntuuser/ros2_ws/install/crazyflie/share/crazyflie/environment/ament_prefix_path.sh
-- Installing: /home/ubuntuuser/ros2_ws/install/crazyflie/share/crazyflie/environment/ament_prefix_path.dsv
-- Installing: /home/ubuntuuser/ros2_ws/install/crazyflie/share/crazyflie/environment/path.sh
-- Installing: /home/ubuntuuser/ros2_ws/install/crazyflie/share/crazyflie/environment/path.dsv
-- Installing: /home/ubuntuuser/ros2_ws/install/crazyflie/share/crazyflie/local_setup.bash
-- Installing: /home/ubuntuuser/ros2_ws/install/crazyflie/share/crazyflie/local_setup.sh
-- Installing: /home/ubuntuuser/ros2_ws/install/crazyflie/share/crazyflie/local_setup.zsh
-- Installing: /home/ubuntuuser/ros2_ws/install/crazyflie/share/crazyflie/local_setup.dsv
-- Installing: /home/ubuntuuser/ros2_ws/install/crazyflie/share/crazyflie/package.dsv
-- Installing: /home/ubuntuuser/ros2_ws/install/crazyflie/share/ament_index/resource_index/packages/crazyflie
-- Installing: /home/ubuntuuser/ros2_ws/install/crazyflie/share/crazyflie/cmake/crazyflieConfig.cmake
-- Installing: /home/ubuntuuser/ros2_ws/install/crazyflie/share/crazyflie/cmake/crazyflieConfig-version.cmake
-- Installing: /home/ubuntuuser/ros2_ws/install/crazyflie/share/crazyflie/package.xml
