[0.055s] Invoking command in '/home/ubuntuuser/ros2_ws/build/turtlebot3_gazebo': CMAKE_PREFIX_PATH=${CMAKE_PREFIX_PATH}:/opt/ros/jazzy DEBUGINFOD_URLS=https://debuginfod.ubuntu.com /usr/bin/cmake /home/ubuntuuser/ros2_ws/src/turtlebot3_simulations/turtlebot3_gazebo -DCMAKE_INSTALL_PREFIX=/home/ubuntuuser/ros2_ws/install/turtlebot3_gazebo
[0.133s] -- Found ament_cmake: 2.5.4 (/opt/ros/jazzy/share/ament_cmake/cmake)
[0.809s] -- Found ros_gz_sim: 1.0.16 (/opt/ros/jazzy/share/ros_gz_sim/cmake)
[0.886s] -- Found rosidl_generator_c: 4.6.6 (/opt/ros/jazzy/share/rosidl_generator_c/cmake)
[0.913s] -- Found rosidl_generator_cpp: 4.6.6 (/opt/ros/jazzy/share/rosidl_generator_cpp/cmake)
[0.943s] -- Using all available rosidl_typesupport_c: rosidl_typesupport_fastrtps_c;rosidl_typesupport_introspection_c
[0.978s] -- Using all available rosidl_typesupport_cpp: rosidl_typesupport_fastrtps_cpp;rosidl_typesupport_introspection_cpp
[1.153s] -- Found rmw_implementation_cmake: 7.3.2 (/opt/ros/jazzy/share/rmw_implementation_cmake/cmake)
[1.157s] -- Found rmw_fastrtps_cpp: 8.4.3 (/opt/ros/jazzy/share/rmw_fastrtps_cpp/cmake)
[1.393s] -- Using RMW implementation 'rmw_fastrtps_cpp' as default
[2.086s] -- Found nav_msgs: 5.3.6 (/opt/ros/jazzy/share/nav_msgs/cmake)
[2.173s] -- Found sensor_msgs: 5.3.6 (/opt/ros/jazzy/share/sensor_msgs/cmake)
[2.232s] -- Found gz_math_vendor: 0.0.8 (/opt/ros/jazzy/share/gz_math_vendor/cmake)
[2.240s] -- Looking for gz-math7 -- found version 7.5.2
[2.257s] -- Searching for dependencies of gz-math7
[2.257s] -- Looking for gz-utils2 -- found version 2.2.1
[2.257s] -- Searching for dependencies of gz-utils2
[2.257s] -- Found gz_sim_vendor: 0.0.8 (/opt/ros/jazzy/share/gz_sim_vendor/cmake)
[2.289s] -- Looking for gz-sim8 -- found version 8.9.0
[2.290s] -- Searching for dependencies of gz-sim8
[2.292s] -- Looking for sdformat14 -- found version 14.8.0
[2.292s] -- Searching for dependencies of sdformat14
[2.303s] -- Checking for module 'tinyxml2'
[2.365s] --   Found tinyxml2, version 10.0.0
[2.471s] -- Looking for gz-math7 -- found version 7.5.2
[2.472s] -- Looking for gz-utils2 -- found version 2.2.1
[2.472s] -- Searching for dependencies of gz-utils2
[2.473s] -- Searching for <gz-utils2> component [cli]
[2.474s] -- Looking for gz-utils2-cli -- found version 2.2.1
[2.474s] -- Searching for dependencies of gz-utils2-cli
[2.477s] -- Looking for gz-plugin2 -- found version 2.0.4
[2.477s] -- Searching for dependencies of gz-plugin2
[2.478s] -- Looking for gz-utils2 -- found version 2.2.1
[2.479s] -- Searching for <gz-plugin2> component [loader]
[2.480s] -- Looking for gz-plugin2-loader -- found version 2.0.4
[2.481s] -- Searching for dependencies of gz-plugin2-loader
[2.482s] -- Searching for <gz-plugin2> component [register]
[2.482s] -- Looking for gz-plugin2-register -- found version 2.0.4
[2.482s] -- Searching for dependencies of gz-plugin2-register
[2.484s] -- Looking for gz-transport13 -- found version 13.4.1
[2.485s] -- Searching for dependencies of gz-transport13
[2.559s] -- Config-file not installed for ZeroMQ -- checking for pkg-config
[2.571s] -- Checking for module 'libzmq >= 4'
[2.625s] --   Found libzmq, version 4.3.5
[2.785s] -- Checking for module 'uuid'
[2.838s] --   Found uuid, version 2.39.3
[2.945s] -- Looking for gz-utils2 -- found version 2.2.1
[2.946s] -- Looking for gz-msgs10 -- found version 10.3.2
[2.946s] -- Searching for dependencies of gz-msgs10
[2.990s] -- Looking for gz-utils2 -- found version 2.2.1
[2.990s] -- Looking for gz-math7 -- found version 7.5.2
[3.006s] -- Searching for <gz-transport13> component [log]
[3.008s] -- Looking for gz-transport13-log -- found version 13.4.1
[3.008s] -- Searching for dependencies of gz-transport13-log
[3.010s] -- Searching for <gz-transport13> component [parameters]
[3.011s] -- Looking for gz-transport13-parameters -- found version 13.4.1
[3.011s] -- Searching for dependencies of gz-transport13-parameters
[3.016s] -- Looking for gz-msgs10 -- found version 10.3.2
[3.021s] -- Looking for gz-common5 -- found version 5.7.1
[3.021s] -- Searching for dependencies of gz-common5
[3.022s] -- Looking for gz-utils2 -- found version 2.2.1
[3.022s] -- Looking for dlfcn.h - found
[3.022s] -- Looking for libdl - found
[3.039s] -- Searching for <gz-common5> component [av]
[3.040s] -- Looking for gz-common5-av -- found version 5.7.1
[3.041s] -- Searching for dependencies of gz-common5-av
[3.054s] -- Checking for module 'libswscale'
[3.101s] --   Found libswscale, version 7.5.100
[3.213s] -- Checking for module 'libavdevice >= 56.4.100'
[3.259s] --   Found libavdevice, version 60.3.100
[3.393s] -- Checking for module 'libavformat'
[3.441s] --   Found libavformat, version 60.16.100
[3.561s] -- Checking for module 'libavcodec'
[3.606s] --   Found libavcodec, version 60.31.102
[3.728s] -- Checking for module 'libavutil'
[3.772s] --   Found libavutil, version 58.29.100
[3.873s] -- Searching for <gz-common5> component [events]
[3.874s] -- Looking for gz-common5-events -- found version 5.7.1
[3.874s] -- Searching for dependencies of gz-common5-events
[3.875s] -- Looking for gz-math7 -- found version 7.5.2
[3.876s] -- Searching for <gz-common5> component [graphics]
[3.879s] -- Looking for gz-common5-graphics -- found version 5.7.1
[3.879s] -- Searching for dependencies of gz-common5-graphics
[3.880s] -- Looking for gz-math7 -- found version 7.5.2
[3.886s] -- Searching for <gz-common5> component [io]
[3.887s] -- Looking for gz-common5-io -- found version 5.7.1
[3.887s] -- Searching for dependencies of gz-common5-io
[3.889s] -- Searching for <gz-common5> component [profiler]
[3.891s] -- Looking for gz-common5-profiler -- found version 5.7.1
[3.891s] -- Searching for dependencies of gz-common5-profiler
[3.893s] -- Looking for gz-fuel_tools9 -- found version 9.1.1
[3.893s] -- Searching for dependencies of gz-fuel_tools9
[4.005s] -- Checking for module 'jsoncpp'
[4.048s] --   Found jsoncpp, version 1.9.5
[4.192s] -- Checking for module 'yaml-0.1'
[4.235s] --   Found yaml-0.1, version 0.2.5
[4.351s] -- Checking for module 'libzip'
[4.395s] --   Found libzip, version 1.7.3
[4.491s] -- Looking for gz-utils2 -- found version 2.2.1
[4.492s] -- Looking for gz-common5 -- found version 5.7.1
[4.494s] -- Searching for dependencies of gz-common5
[4.494s] -- Looking for gz-utils2 -- found version 2.2.1
[4.494s] -- Looking for dlfcn.h - found
[4.494s] -- Looking for libdl - found
[4.510s] -- Searching for <gz-common5> component [testing]
[4.511s] -- Looking for gz-common5-testing -- found version 5.7.1
[4.512s] -- Searching for dependencies of gz-common5-testing
[4.513s] -- Looking for gz-math7 -- found version 7.5.2
[4.515s] -- Looking for gz-msgs10 -- found version 10.3.2
[4.518s] -- Looking for gz-gui8 -- found version 8.4.0
[4.518s] -- Searching for dependencies of gz-gui8
[4.583s] -- Looking for gz-utils2 -- found version 2.2.1
[4.584s] -- Looking for gz-math7 -- found version 7.5.2
[4.585s] -- Looking for gz-common5 -- found version 5.7.1
[4.586s] -- Looking for gz-plugin2 -- found version 2.0.4
[4.587s] -- Looking for gz-transport13 -- found version 13.4.1
[4.589s] -- Looking for gz-rendering8 -- found version 8.2.2
[4.589s] -- Searching for dependencies of gz-rendering8
[4.591s] -- Looking for gz-math7 -- found version 7.5.2
[4.591s] -- Searching for dependencies of gz-math7
[4.591s] -- Looking for gz-utils2 -- found version 2.2.1
[4.592s] -- Searching for <gz-math7> component [eigen3]
[4.592s] -- Looking for gz-math7-eigen3 -- found version 7.5.2
[4.592s] -- Searching for dependencies of gz-math7-eigen3
[4.596s] -- Looking for gz-common5 -- found version 5.7.1
[4.596s] -- Searching for dependencies of gz-common5
[4.597s] -- Looking for gz-utils2 -- found version 2.2.1
[4.597s] -- Looking for dlfcn.h - found
[4.598s] -- Looking for libdl - found
[4.614s] -- Searching for <gz-common5> component [graphics]
[4.614s] -- Searching for <gz-common5> component [events]
[4.614s] -- Searching for <gz-common5> component [geospatial]
[4.615s] -- Looking for gz-common5-geospatial -- found version 5.7.1
[4.616s] -- Searching for dependencies of gz-common5-geospatial
[4.616s] -- Looking for gz-math7 -- found version 7.5.2
[4.617s] -- Looking for gz-common5 -- found version 5.7.1
[4.621s] -- Looking for gz-plugin2 -- found version 2.0.4
[4.623s] -- Searching for dependencies of gz-plugin2
[4.623s] -- Looking for gz-utils2 -- found version 2.2.1
[4.624s] -- Searching for <gz-plugin2> component [all]
[4.624s] -- Looking for all libraries of gz-plugin2 -- found version 2.0.4
[4.624s] -- Looking for gz-plugin2 -- found version 2.0.4
[4.625s] -- Looking for gz-utils2 -- found version 2.2.1
[4.632s] -- Looking for gz-msgs10 -- found version 10.3.2
[4.666s] -- Looking for gz-physics7 -- found version 7.5.0
[4.667s] -- Searching for dependencies of gz-physics7
[4.667s] -- Looking for gz-common5 -- found version 5.7.1
[4.667s] -- Looking for gz-math7 -- found version 7.5.2
[4.668s] -- Looking for gz-plugin2 -- found version 2.0.4
[4.668s] -- Looking for gz-utils2 -- found version 2.2.1
[4.671s] -- Searching for <gz-physics7> component [heightmap]
[4.672s] -- Looking for gz-physics7-heightmap -- found version 7.5.0
[4.672s] -- Searching for dependencies of gz-physics7-heightmap
[4.673s] -- Looking for gz-common5 -- found version 5.7.1
[4.674s] -- Searching for <gz-physics7> component [mesh]
[4.675s] -- Looking for gz-physics7-mesh -- found version 7.5.0
[4.675s] -- Searching for dependencies of gz-physics7-mesh
[4.675s] -- Looking for gz-common5 -- found version 5.7.1
[4.676s] -- Searching for <gz-physics7> component [sdf]
[4.678s] -- Looking for gz-physics7-sdf -- found version 7.5.0
[4.679s] -- Searching for dependencies of gz-physics7-sdf
[4.680s] -- Looking for sdformat14 -- found version 14.8.0
[4.682s] -- Looking for gz-sensors8 -- found version 8.2.2
[4.682s] -- Searching for dependencies of gz-sensors8
[4.729s] -- Looking for gz-math7 -- found version 7.5.2
[4.730s] -- Looking for gz-common5 -- found version 5.7.1
[4.731s] -- Looking for gz-transport13 -- found version 13.4.1
[4.731s] -- Looking for gz-rendering8 -- found version 8.2.2
[4.732s] -- Looking for gz-msgs10 -- found version 10.3.2
[4.733s] -- Looking for sdformat14 -- found version 14.8.0
[4.735s] -- Searching for <gz-sensors8> component [air_pressure]
[4.736s] -- Looking for gz-sensors8-air_pressure -- found version 8.2.2
[4.736s] -- Searching for dependencies of gz-sensors8-air_pressure
[4.737s] -- Searching for <gz-sensors8> component [air_speed]
[4.738s] -- Looking for gz-sensors8-air_speed -- found version 8.2.2
[4.739s] -- Searching for dependencies of gz-sensors8-air_speed
[4.740s] -- Searching for <gz-sensors8> component [altimeter]
[4.742s] -- Looking for gz-sensors8-altimeter -- found version 8.2.2
[4.742s] -- Searching for dependencies of gz-sensors8-altimeter
[4.742s] -- Searching for <gz-sensors8> component [imu]
[4.743s] -- Looking for gz-sensors8-imu -- found version 8.2.2
[4.744s] -- Searching for dependencies of gz-sensors8-imu
[4.744s] -- Searching for <gz-sensors8> component [force_torque]
[4.748s] -- Looking for gz-sensors8-force_torque -- found version 8.2.2
[4.748s] -- Searching for dependencies of gz-sensors8-force_torque
[4.748s] -- Searching for <gz-sensors8> component [logical_camera]
[4.748s] -- Looking for gz-sensors8-logical_camera -- found version 8.2.2
[4.749s] -- Searching for dependencies of gz-sensors8-logical_camera
[4.750s] -- Searching for <gz-sensors8> component [magnetometer]
[4.751s] -- Looking for gz-sensors8-magnetometer -- found version 8.2.2
[4.752s] -- Searching for dependencies of gz-sensors8-magnetometer
[4.753s] -- Searching for <gz-sensors8> component [navsat]
[4.754s] -- Looking for gz-sensors8-navsat -- found version 8.2.2
[4.754s] -- Searching for dependencies of gz-sensors8-navsat
[4.755s] -- Searching for <gz-sensors8> component [dvl]
[4.756s] -- Looking for gz-sensors8-dvl -- found version 8.2.2
[4.756s] -- Searching for dependencies of gz-sensors8-dvl
[4.757s] -- Looking for gz-sensors8 -- found version 8.2.2
[4.758s] -- Searching for dependencies of gz-sensors8
[4.805s] -- Looking for gz-math7 -- found version 7.5.2
[4.805s] -- Looking for gz-common5 -- found version 5.7.1
[4.805s] -- Looking for gz-transport13 -- found version 13.4.1
[4.806s] -- Looking for gz-rendering8 -- found version 8.2.2
[4.807s] -- Looking for gz-msgs10 -- found version 10.3.2
[4.809s] -- Looking for sdformat14 -- found version 14.8.0
[4.809s] -- Searching for <gz-sensors8> component [rendering]
[4.810s] -- Looking for gz-sensors8-rendering -- found version 8.2.2
[4.811s] -- Searching for dependencies of gz-sensors8-rendering
[4.814s] -- Searching for <gz-sensors8> component [rendering]
[4.814s] -- Searching for <gz-sensors8> component [lidar]
[4.818s] -- Looking for gz-sensors8-lidar -- found version 8.2.2
[4.818s] -- Searching for dependencies of gz-sensors8-lidar
[4.819s] -- Looking for gz-sensors8 -- found version 8.2.2
[4.820s] -- Searching for <gz-sensors8> component [gpu_lidar]
[4.821s] -- Looking for gz-sensors8-gpu_lidar -- found version 8.2.2
[4.822s] -- Searching for dependencies of gz-sensors8-gpu_lidar
[4.822s] -- Looking for gz-sensors8 -- found version 8.2.2
[4.824s] -- Searching for <gz-sensors8> component [camera]
[4.824s] -- Looking for gz-sensors8-camera -- found version 8.2.2
[4.825s] -- Searching for dependencies of gz-sensors8-camera
[4.825s] -- Looking for gz-sensors8 -- found version 8.2.2
[4.830s] -- Searching for <gz-sensors8> component [boundingbox_camera]
[4.830s] -- Looking for gz-sensors8-boundingbox_camera -- found version 8.2.2
[4.830s] -- Searching for dependencies of gz-sensors8-boundingbox_camera
[4.833s] -- Searching for <gz-sensors8> component [segmentation_camera]
[4.833s] -- Looking for gz-sensors8-segmentation_camera -- found version 8.2.2
[4.833s] -- Searching for dependencies of gz-sensors8-segmentation_camera
[4.834s] -- Searching for <gz-sensors8> component [depth_camera]
[4.834s] -- Looking for gz-sensors8-depth_camera -- found version 8.2.2
[4.835s] -- Searching for dependencies of gz-sensors8-depth_camera
[4.836s] -- Looking for gz-sensors8 -- found version 8.2.2
[4.838s] -- Searching for <gz-sensors8> component [rgbd_camera]
[4.839s] -- Looking for gz-sensors8-rgbd_camera -- found version 8.2.2
[4.839s] -- Searching for dependencies of gz-sensors8-rgbd_camera
[4.840s] -- Looking for gz-sensors8 -- found version 8.2.2
[4.840s] -- Searching for <gz-sensors8> component [thermal_camera]
[4.841s] -- Looking for gz-sensors8-thermal_camera -- found version 8.2.2
[4.842s] -- Searching for dependencies of gz-sensors8-thermal_camera
[4.843s] -- Looking for gz-sensors8 -- found version 8.2.2
[4.844s] -- Searching for <gz-sensors8> component [wide_angle_camera]
[4.845s] -- Looking for gz-sensors8-wide_angle_camera -- found version 8.2.2
[4.845s] -- Searching for dependencies of gz-sensors8-wide_angle_camera
[4.848s] -- Looking for gz-rendering8 -- found version 8.2.2
[4.849s] -- Looking for gz-math7 -- found version 7.5.2
[4.849s] -- Looking for gz-utils2 -- found version 2.2.1
[4.895s] -- Looking for gz-plugin2 -- found version 2.0.4
[4.940s] Traceback (most recent call last):
[4.940s]   File "/opt/ros/jazzy/share/ament_cmake_core/cmake/core/package_xml_2_cmake.py", line 22, in <module>
[4.942s]     from catkin_pkg.package import parse_package_string
[4.942s] ModuleNotFoundError: No module named 'catkin_pkg'
[4.947s] [31mCMake Error at /opt/ros/jazzy/share/ament_cmake_core/cmake/core/ament_package_xml.cmake:95 (message):
[4.947s]   execute_process(/home/ubuntuuser/ros2_ws/.venv/bin/python3
[4.947s]   /opt/ros/jazzy/share/ament_cmake_core/cmake/core/package_xml_2_cmake.py
[4.948s]   /home/ubuntuuser/ros2_ws/src/turtlebot3_simulations/turtlebot3_gazebo/package.xml
[4.948s]   /home/ubuntuuser/ros2_ws/build/turtlebot3_gazebo/ament_cmake_core/package.cmake)
[4.948s]   returned error code 1
[4.948s] Call Stack (most recent call first):
[4.948s]   /opt/ros/jazzy/share/ament_cmake_core/cmake/core/ament_package_xml.cmake:49 (_ament_package_xml)
[4.948s]   /opt/ros/jazzy/share/ament_cmake_core/cmake/core/ament_package.cmake:63 (ament_package_xml)
[4.948s]   CMakeLists.txt:108 (ament_package)
[4.949s] 
[4.949s] [0m
[4.949s] -- Configuring incomplete, errors occurred!
