running egg_info
creating ../../build/r7021e_exploration/r7021e_exploration.egg-info
writing ../../build/r7021e_exploration/r7021e_exploration.egg-info/PKG-INFO
writing dependency_links to ../../build/r7021e_exploration/r7021e_exploration.egg-info/dependency_links.txt
writing entry points to ../../build/r7021e_exploration/r7021e_exploration.egg-info/entry_points.txt
writing requirements to ../../build/r7021e_exploration/r7021e_exploration.egg-info/requires.txt
writing top-level names to ../../build/r7021e_exploration/r7021e_exploration.egg-info/top_level.txt
writing manifest file '../../build/r7021e_exploration/r7021e_exploration.egg-info/SOURCES.txt'
reading manifest file '../../build/r7021e_exploration/r7021e_exploration.egg-info/SOURCES.txt'
writing manifest file '../../build/r7021e_exploration/r7021e_exploration.egg-info/SOURCES.txt'
running build
running build_py
creating /home/ubuntuuser/ros2_ws/build/r7021e_exploration/build
creating /home/ubuntuuser/ros2_ws/build/r7021e_exploration/build/lib
creating /home/ubuntuuser/ros2_ws/build/r7021e_exploration/build/lib/r7021e_exploration
copying r7021e_exploration/frontier_detector_node.py -> /home/ubuntuuser/ros2_ws/build/r7021e_exploration/build/lib/r7021e_exploration
copying r7021e_exploration/__init__.py -> /home/ubuntuuser/ros2_ws/build/r7021e_exploration/build/lib/r7021e_exploration
copying r7021e_exploration/navigation_node.py -> /home/ubuntuuser/ros2_ws/build/r7021e_exploration/build/lib/r7021e_exploration
copying r7021e_exploration/rrt.py -> /home/ubuntuuser/ros2_ws/build/r7021e_exploration/build/lib/r7021e_exploration
copying r7021e_exploration/path_follower_node.py -> /home/ubuntuuser/ros2_ws/build/r7021e_exploration/build/lib/r7021e_exploration
running install
running install_lib
creating /home/ubuntuuser/ros2_ws/install/r7021e_exploration/lib/python3.12/site-packages/r7021e_exploration
copying /home/ubuntuuser/ros2_ws/build/r7021e_exploration/build/lib/r7021e_exploration/frontier_detector_node.py -> /home/ubuntuuser/ros2_ws/install/r7021e_exploration/lib/python3.12/site-packages/r7021e_exploration
copying /home/ubuntuuser/ros2_ws/build/r7021e_exploration/build/lib/r7021e_exploration/__init__.py -> /home/ubuntuuser/ros2_ws/install/r7021e_exploration/lib/python3.12/site-packages/r7021e_exploration
copying /home/ubuntuuser/ros2_ws/build/r7021e_exploration/build/lib/r7021e_exploration/navigation_node.py -> /home/ubuntuuser/ros2_ws/install/r7021e_exploration/lib/python3.12/site-packages/r7021e_exploration
copying /home/ubuntuuser/ros2_ws/build/r7021e_exploration/build/lib/r7021e_exploration/rrt.py -> /home/ubuntuuser/ros2_ws/install/r7021e_exploration/lib/python3.12/site-packages/r7021e_exploration
copying /home/ubuntuuser/ros2_ws/build/r7021e_exploration/build/lib/r7021e_exploration/path_follower_node.py -> /home/ubuntuuser/ros2_ws/install/r7021e_exploration/lib/python3.12/site-packages/r7021e_exploration
byte-compiling /home/ubuntuuser/ros2_ws/install/r7021e_exploration/lib/python3.12/site-packages/r7021e_exploration/frontier_detector_node.py to frontier_detector_node.cpython-312.pyc
byte-compiling /home/ubuntuuser/ros2_ws/install/r7021e_exploration/lib/python3.12/site-packages/r7021e_exploration/__init__.py to __init__.cpython-312.pyc
byte-compiling /home/ubuntuuser/ros2_ws/install/r7021e_exploration/lib/python3.12/site-packages/r7021e_exploration/navigation_node.py to navigation_node.cpython-312.pyc
byte-compiling /home/ubuntuuser/ros2_ws/install/r7021e_exploration/lib/python3.12/site-packages/r7021e_exploration/rrt.py to rrt.cpython-312.pyc
byte-compiling /home/ubuntuuser/ros2_ws/install/r7021e_exploration/lib/python3.12/site-packages/r7021e_exploration/path_follower_node.py to path_follower_node.cpython-312.pyc
running install_data
creating /home/ubuntuuser/ros2_ws/install/r7021e_exploration/share/ament_index
creating /home/ubuntuuser/ros2_ws/install/r7021e_exploration/share/ament_index/resource_index
creating /home/ubuntuuser/ros2_ws/install/r7021e_exploration/share/ament_index/resource_index/packages
copying resource/r7021e_exploration -> /home/ubuntuuser/ros2_ws/install/r7021e_exploration/share/ament_index/resource_index/packages
copying package.xml -> /home/ubuntuuser/ros2_ws/install/r7021e_exploration/share/r7021e_exploration
creating /home/ubuntuuser/ros2_ws/install/r7021e_exploration/share/r7021e_exploration/launch
copying launch/exploration.launch.py -> /home/ubuntuuser/ros2_ws/install/r7021e_exploration/share/r7021e_exploration/launch
creating /home/ubuntuuser/ros2_ws/install/r7021e_exploration/share/r7021e_exploration/launch/rviz
copying launch/rviz/exploration.rviz -> /home/ubuntuuser/ros2_ws/install/r7021e_exploration/share/r7021e_exploration/launch/rviz
creating /home/ubuntuuser/ros2_ws/install/r7021e_exploration/share/r7021e_exploration/config
copying config/slam_config.yaml -> /home/ubuntuuser/ros2_ws/install/r7021e_exploration/share/r7021e_exploration/config
running install_egg_info
Copying ../../build/r7021e_exploration/r7021e_exploration.egg-info to /home/ubuntuuser/ros2_ws/install/r7021e_exploration/lib/python3.12/site-packages/r7021e_exploration-0.0.0-py3.12.egg-info
running install_scripts
Installing frontier_detector_node script to /home/ubuntuuser/ros2_ws/install/r7021e_exploration/lib/r7021e_exploration
Installing navigation_node script to /home/ubuntuuser/ros2_ws/install/r7021e_exploration/lib/r7021e_exploration
Installing path_follower_node script to /home/ubuntuuser/ros2_ws/install/r7021e_exploration/lib/r7021e_exploration
writing list of installed files to '/home/ubuntuuser/ros2_ws/build/r7021e_exploration/install.log'
