[2.929s] Invoking command in '/home/ubuntuuser/ros2_ws/src/r7021e_exploration': DEBUGINFOD_URLS=https://debuginfod.ubuntu.com PS1=(.venv) \[\e]0;\u@\h: \w\a\]${debian_chroot:+($debian_chroot)}\[\033[01;32m\]\u@\h\[\033[00m\]:\[\033[01;34m\]\w\[\033[00m\]\$ PYTHONPATH=/home/ubuntuuser/ros2_ws/build/r7021e_exploration/prefix_override:/usr/lib/python3/dist-packages/colcon_core/task/python/colcon_distutils_commands:/home/ubuntuuser/ros2_ws/install/r7021e_exploration/lib/python3.12/site-packages:${PYTHONPATH} VIRTUAL_ENV_PROMPT=(.venv) /usr/bin/python3 -W ignore:setup.py install is deprecated -W ignore:easy_install command is deprecated setup.py egg_info --egg-base ../../build/r7021e_exploration build --build-base /home/ubuntuuser/ros2_ws/build/r7021e_exploration/build install --record /home/ubuntuuser/ros2_ws/build/r7021e_exploration/install.log --single-version-externally-managed install_data
[3.877s] running egg_info
[3.877s] creating ../../build/r7021e_exploration/r7021e_exploration.egg-info
[4.004s] writing ../../build/r7021e_exploration/r7021e_exploration.egg-info/PKG-INFO
[4.009s] writing dependency_links to ../../build/r7021e_exploration/r7021e_exploration.egg-info/dependency_links.txt
[4.009s] writing entry points to ../../build/r7021e_exploration/r7021e_exploration.egg-info/entry_points.txt
[4.009s] writing requirements to ../../build/r7021e_exploration/r7021e_exploration.egg-info/requires.txt
[4.010s] writing top-level names to ../../build/r7021e_exploration/r7021e_exploration.egg-info/top_level.txt
[4.010s] writing manifest file '../../build/r7021e_exploration/r7021e_exploration.egg-info/SOURCES.txt'
[4.120s] reading manifest file '../../build/r7021e_exploration/r7021e_exploration.egg-info/SOURCES.txt'
[4.122s] writing manifest file '../../build/r7021e_exploration/r7021e_exploration.egg-info/SOURCES.txt'
[4.122s] running build
[4.122s] running build_py
[4.123s] creating /home/ubuntuuser/ros2_ws/build/r7021e_exploration/build
[4.123s] creating /home/ubuntuuser/ros2_ws/build/r7021e_exploration/build/lib
[4.124s] creating /home/ubuntuuser/ros2_ws/build/r7021e_exploration/build/lib/r7021e_exploration
[4.124s] copying r7021e_exploration/frontier_detector_node.py -> /home/ubuntuuser/ros2_ws/build/r7021e_exploration/build/lib/r7021e_exploration
[4.124s] copying r7021e_exploration/__init__.py -> /home/ubuntuuser/ros2_ws/build/r7021e_exploration/build/lib/r7021e_exploration
[4.126s] copying r7021e_exploration/navigation_node.py -> /home/ubuntuuser/ros2_ws/build/r7021e_exploration/build/lib/r7021e_exploration
[4.126s] copying r7021e_exploration/rrt.py -> /home/ubuntuuser/ros2_ws/build/r7021e_exploration/build/lib/r7021e_exploration
[4.126s] copying r7021e_exploration/path_follower_node.py -> /home/ubuntuuser/ros2_ws/build/r7021e_exploration/build/lib/r7021e_exploration
[4.126s] running install
[4.135s] running install_lib
[4.176s] creating /home/ubuntuuser/ros2_ws/install/r7021e_exploration/lib/python3.12/site-packages/r7021e_exploration
[4.176s] copying /home/ubuntuuser/ros2_ws/build/r7021e_exploration/build/lib/r7021e_exploration/frontier_detector_node.py -> /home/ubuntuuser/ros2_ws/install/r7021e_exploration/lib/python3.12/site-packages/r7021e_exploration
[4.176s] copying /home/ubuntuuser/ros2_ws/build/r7021e_exploration/build/lib/r7021e_exploration/__init__.py -> /home/ubuntuuser/ros2_ws/install/r7021e_exploration/lib/python3.12/site-packages/r7021e_exploration
[4.176s] copying /home/ubuntuuser/ros2_ws/build/r7021e_exploration/build/lib/r7021e_exploration/navigation_node.py -> /home/ubuntuuser/ros2_ws/install/r7021e_exploration/lib/python3.12/site-packages/r7021e_exploration
[4.176s] copying /home/ubuntuuser/ros2_ws/build/r7021e_exploration/build/lib/r7021e_exploration/rrt.py -> /home/ubuntuuser/ros2_ws/install/r7021e_exploration/lib/python3.12/site-packages/r7021e_exploration
[4.177s] copying /home/ubuntuuser/ros2_ws/build/r7021e_exploration/build/lib/r7021e_exploration/path_follower_node.py -> /home/ubuntuuser/ros2_ws/install/r7021e_exploration/lib/python3.12/site-packages/r7021e_exploration
[4.177s] byte-compiling /home/ubuntuuser/ros2_ws/install/r7021e_exploration/lib/python3.12/site-packages/r7021e_exploration/frontier_detector_node.py to frontier_detector_node.cpython-312.pyc
[4.178s] byte-compiling /home/ubuntuuser/ros2_ws/install/r7021e_exploration/lib/python3.12/site-packages/r7021e_exploration/__init__.py to __init__.cpython-312.pyc
[4.179s] byte-compiling /home/ubuntuuser/ros2_ws/install/r7021e_exploration/lib/python3.12/site-packages/r7021e_exploration/navigation_node.py to navigation_node.cpython-312.pyc
[4.184s] byte-compiling /home/ubuntuuser/ros2_ws/install/r7021e_exploration/lib/python3.12/site-packages/r7021e_exploration/rrt.py to rrt.cpython-312.pyc
[4.188s] byte-compiling /home/ubuntuuser/ros2_ws/install/r7021e_exploration/lib/python3.12/site-packages/r7021e_exploration/path_follower_node.py to path_follower_node.cpython-312.pyc
[4.191s] running install_data
[4.191s] creating /home/ubuntuuser/ros2_ws/install/r7021e_exploration/share/ament_index
[4.192s] creating /home/ubuntuuser/ros2_ws/install/r7021e_exploration/share/ament_index/resource_index
[4.194s] creating /home/ubuntuuser/ros2_ws/install/r7021e_exploration/share/ament_index/resource_index/packages
[4.194s] copying resource/r7021e_exploration -> /home/ubuntuuser/ros2_ws/install/r7021e_exploration/share/ament_index/resource_index/packages
[4.194s] copying package.xml -> /home/ubuntuuser/ros2_ws/install/r7021e_exploration/share/r7021e_exploration
[4.194s] creating /home/ubuntuuser/ros2_ws/install/r7021e_exploration/share/r7021e_exploration/launch
[4.194s] copying launch/exploration.launch.py -> /home/ubuntuuser/ros2_ws/install/r7021e_exploration/share/r7021e_exploration/launch
[4.195s] creating /home/ubuntuuser/ros2_ws/install/r7021e_exploration/share/r7021e_exploration/launch/rviz
[4.195s] copying launch/rviz/exploration.rviz -> /home/ubuntuuser/ros2_ws/install/r7021e_exploration/share/r7021e_exploration/launch/rviz
[4.195s] creating /home/ubuntuuser/ros2_ws/install/r7021e_exploration/share/r7021e_exploration/config
[4.195s] copying config/slam_config.yaml -> /home/ubuntuuser/ros2_ws/install/r7021e_exploration/share/r7021e_exploration/config
[4.195s] running install_egg_info
[4.231s] Copying ../../build/r7021e_exploration/r7021e_exploration.egg-info to /home/ubuntuuser/ros2_ws/install/r7021e_exploration/lib/python3.12/site-packages/r7021e_exploration-0.0.0-py3.12.egg-info
[4.234s] running install_scripts
[4.499s] Installing frontier_detector_node script to /home/ubuntuuser/ros2_ws/install/r7021e_exploration/lib/r7021e_exploration
[4.500s] Installing navigation_node script to /home/ubuntuuser/ros2_ws/install/r7021e_exploration/lib/r7021e_exploration
[4.500s] Installing path_follower_node script to /home/ubuntuuser/ros2_ws/install/r7021e_exploration/lib/r7021e_exploration
[4.501s] writing list of installed files to '/home/ubuntuuser/ros2_ws/build/r7021e_exploration/install.log'
