[2.780s] Invoking command in '/home/ubuntuuser/ros2_ws/src/r7021e_exploration': DEBUGINFOD_URLS=https://debuginfod.ubuntu.com PS1=(.venv) \[\e]0;\u@\h: \w\a\]${debian_chroot:+($debian_chroot)}\[\033[01;32m\]\u@\h\[\033[00m\]:\[\033[01;34m\]\w\[\033[00m\]\$ PYTHONPATH=/home/ubuntuuser/ros2_ws/build/r7021e_exploration/prefix_override:/usr/lib/python3/dist-packages/colcon_core/task/python/colcon_distutils_commands:/home/ubuntuuser/ros2_ws/install/r7021e_exploration/lib/python3.12/site-packages:${PYTHONPATH} VIRTUAL_ENV_PROMPT=(.venv) /usr/bin/python3 -W ignore:setup.py install is deprecated -W ignore:easy_install command is deprecated setup.py egg_info --egg-base ../../build/r7021e_exploration build --build-base /home/ubuntuuser/ros2_ws/build/r7021e_exploration/build install --record /home/ubuntuuser/ros2_ws/build/r7021e_exploration/install.log --single-version-externally-managed install_data
[3.897s] running egg_info
[3.980s] writing ../../build/r7021e_exploration/r7021e_exploration.egg-info/PKG-INFO
[3.982s] writing dependency_links to ../../build/r7021e_exploration/r7021e_exploration.egg-info/dependency_links.txt
[3.982s] writing entry points to ../../build/r7021e_exploration/r7021e_exploration.egg-info/entry_points.txt
[3.982s] writing requirements to ../../build/r7021e_exploration/r7021e_exploration.egg-info/requires.txt
[3.983s] writing top-level names to ../../build/r7021e_exploration/r7021e_exploration.egg-info/top_level.txt
[4.126s] reading manifest file '../../build/r7021e_exploration/r7021e_exploration.egg-info/SOURCES.txt'
[4.127s] writing manifest file '../../build/r7021e_exploration/r7021e_exploration.egg-info/SOURCES.txt'
[4.128s] running build
[4.129s] running build_py
[4.130s] copying r7021e_exploration/rrt.py -> /home/ubuntuuser/ros2_ws/build/r7021e_exploration/build/lib/r7021e_exploration
[4.130s] running install
[4.144s] running install_lib
[4.214s] copying /home/ubuntuuser/ros2_ws/build/r7021e_exploration/build/lib/r7021e_exploration/rrt.py -> /home/ubuntuuser/ros2_ws/install/r7021e_exploration/lib/python3.12/site-packages/r7021e_exploration
[4.217s] byte-compiling /home/ubuntuuser/ros2_ws/install/r7021e_exploration/lib/python3.12/site-packages/r7021e_exploration/rrt.py to rrt.cpython-312.pyc
[4.224s] running install_data
[4.225s] copying package.xml -> /home/ubuntuuser/ros2_ws/install/r7021e_exploration/share/r7021e_exploration
[4.225s] running install_egg_info
[4.284s] removing '/home/ubuntuuser/ros2_ws/install/r7021e_exploration/lib/python3.12/site-packages/r7021e_exploration-0.0.0-py3.12.egg-info' (and everything under it)
[4.285s] Copying ../../build/r7021e_exploration/r7021e_exploration.egg-info to /home/ubuntuuser/ros2_ws/install/r7021e_exploration/lib/python3.12/site-packages/r7021e_exploration-0.0.0-py3.12.egg-info
[4.287s] running install_scripts
[4.789s] Installing frontier_detector_node script to /home/ubuntuuser/ros2_ws/install/r7021e_exploration/lib/r7021e_exploration
[4.790s] Installing navigation_node script to /home/ubuntuuser/ros2_ws/install/r7021e_exploration/lib/r7021e_exploration
[4.793s] Installing path_follower_node script to /home/ubuntuuser/ros2_ws/install/r7021e_exploration/lib/r7021e_exploration
[4.795s] writing list of installed files to '/home/ubuntuuser/ros2_ws/build/r7021e_exploration/install.log'
[4.916s] Invoked command in '/home/ubuntuuser/ros2_ws/src/r7021e_exploration' returned '0': DEBUGINFOD_URLS=https://debuginfod.ubuntu.com PS1=(.venv) \[\e]0;\u@\h: \w\a\]${debian_chroot:+($debian_chroot)}\[\033[01;32m\]\u@\h\[\033[00m\]:\[\033[01;34m\]\w\[\033[00m\]\$ PYTHONPATH=/home/ubuntuuser/ros2_ws/build/r7021e_exploration/prefix_override:/usr/lib/python3/dist-packages/colcon_core/task/python/colcon_distutils_commands:/home/ubuntuuser/ros2_ws/install/r7021e_exploration/lib/python3.12/site-packages:${PYTHONPATH} VIRTUAL_ENV_PROMPT=(.venv) /usr/bin/python3 -W ignore:setup.py install is deprecated -W ignore:easy_install command is deprecated setup.py egg_info --egg-base ../../build/r7021e_exploration build --build-base /home/ubuntuuser/ros2_ws/build/r7021e_exploration/build install --record /home/ubuntuuser/ros2_ws/build/r7021e_exploration/install.log --single-version-externally-managed install_data
