[2.386s] Invoking command in '/home/ubuntuuser/ros2_ws/src/turtlebot3_trailer': DEBUGINFOD_URLS=https://debuginfod.ubuntu.com PS1=(.venv) \[\e]0;\u@\h: \w\a\]${debian_chroot:+($debian_chroot)}\[\033[01;32m\]\u@\h\[\033[00m\]:\[\033[01;34m\]\w\[\033[00m\]\$ PYTHONPATH=/home/ubuntuuser/ros2_ws/build/turtlebot3_trailer/prefix_override:/home/ubuntuuser/ros2_ws/.venv/lib/python3.12/site-packages/colcon_core/task/python/colcon_distutils_commands:/home/ubuntuuser/ros2_ws/install/turtlebot3_trailer/lib/python3.12/site-packages:${PYTHONPATH} VIRTUAL_ENV_PROMPT=(.venv) /home/ubuntuuser/ros2_ws/.venv/bin/python3 -W ignore:setup.py install is deprecated -W ignore:easy_install command is deprecated setup.py egg_info --egg-base ../../build/turtlebot3_trailer build --build-base /home/ubuntuuser/ros2_ws/build/turtlebot3_trailer/build install --record /home/ubuntuuser/ros2_ws/build/turtlebot3_trailer/install.log --single-version-externally-managed install_data
[3.066s] /home/ubuntuuser/ros2_ws/.venv/lib/python3.12/site-packages/setuptools/_distutils/dist.py:289: UserWarning: Unknown distribution option: 'tests_require'
[3.066s]   warnings.warn(msg)
[3.805s] running egg_info
[3.985s] writing ../../build/turtlebot3_trailer/turtlebot3_trailer.egg-info/PKG-INFO
[3.985s] writing dependency_links to ../../build/turtlebot3_trailer/turtlebot3_trailer.egg-info/dependency_links.txt
[3.985s] writing requirements to ../../build/turtlebot3_trailer/turtlebot3_trailer.egg-info/requires.txt
[3.985s] writing top-level names to ../../build/turtlebot3_trailer/turtlebot3_trailer.egg-info/top_level.txt
[4.252s] reading manifest file '../../build/turtlebot3_trailer/turtlebot3_trailer.egg-info/SOURCES.txt'
[4.252s] writing manifest file '../../build/turtlebot3_trailer/turtlebot3_trailer.egg-info/SOURCES.txt'
[4.252s] running build
[4.252s] running build_py
[4.253s] copying turtlebot3_trailer/__init__.py -> /home/ubuntuuser/ros2_ws/build/turtlebot3_trailer/build/lib/turtlebot3_trailer
[4.253s] running install
[4.272s] running install_lib
[4.336s] running install_data
[4.338s] copying resource/turtlebot3_trailer -> /home/ubuntuuser/ros2_ws/install/turtlebot3_trailer/share/ament_index/resource_index/packages
[4.340s] copying package.xml -> /home/ubuntuuser/ros2_ws/install/turtlebot3_trailer/share/turtlebot3_trailer
[4.343s] copying launch/spawn_trailer.launch.py -> /home/ubuntuuser/ros2_ws/install/turtlebot3_trailer/share/turtlebot3_trailer/launch
[4.345s] copying urdf/trailer.urdf.xacro -> /home/ubuntuuser/ros2_ws/install/turtlebot3_trailer/share/turtlebot3_trailer/urdf
[4.347s] copying urdf/trailer.urdf.xacro~ -> /home/ubuntuuser/ros2_ws/install/turtlebot3_trailer/share/turtlebot3_trailer/urdf
[4.349s] running install_egg_info
[4.419s] removing '/home/ubuntuuser/ros2_ws/install/turtlebot3_trailer/lib/python3.12/site-packages/turtlebot3_trailer-0.0.0-py3.12.egg-info' (and everything under it)
[4.423s] Copying ../../build/turtlebot3_trailer/turtlebot3_trailer.egg-info to /home/ubuntuuser/ros2_ws/install/turtlebot3_trailer/lib/python3.12/site-packages/turtlebot3_trailer-0.0.0-py3.12.egg-info
[4.426s] running install_scripts
[4.885s] writing list of installed files to '/home/ubuntuuser/ros2_ws/build/turtlebot3_trailer/install.log'
[5.187s] Invoked command in '/home/ubuntuuser/ros2_ws/src/turtlebot3_trailer' returned '0': DEBUGINFOD_URLS=https://debuginfod.ubuntu.com PS1=(.venv) \[\e]0;\u@\h: \w\a\]${debian_chroot:+($debian_chroot)}\[\033[01;32m\]\u@\h\[\033[00m\]:\[\033[01;34m\]\w\[\033[00m\]\$ PYTHONPATH=/home/ubuntuuser/ros2_ws/build/turtlebot3_trailer/prefix_override:/home/ubuntuuser/ros2_ws/.venv/lib/python3.12/site-packages/colcon_core/task/python/colcon_distutils_commands:/home/ubuntuuser/ros2_ws/install/turtlebot3_trailer/lib/python3.12/site-packages:${PYTHONPATH} VIRTUAL_ENV_PROMPT=(.venv) /home/ubuntuuser/ros2_ws/.venv/bin/python3 -W ignore:setup.py install is deprecated -W ignore:easy_install command is deprecated setup.py egg_info --egg-base ../../build/turtlebot3_trailer build --build-base /home/ubuntuuser/ros2_ws/build/turtlebot3_trailer/build install --record /home/ubuntuuser/ros2_ws/build/turtlebot3_trailer/install.log --single-version-externally-managed install_data
