[0.052s] Invoking command in '/home/ubuntuuser/ros2_ws/build/turtlebot3_gazebo': CMAKE_PREFIX_PATH=${CMAKE_PREFIX_PATH}:/opt/ros/jazzy DEBUGINFOD_URLS=https://debuginfod.ubuntu.com PS1=(.venv) \[\e]0;\u@\h: \w\a\]${debian_chroot:+($debian_chroot)}\[\033[01;32m\]\u@\h\[\033[00m\]:\[\033[01;34m\]\w\[\033[00m\]\$ VIRTUAL_ENV_PROMPT=(.venv) /usr/bin/cmake /home/ubuntuuser/ros2_ws/src/turtlebot3_simulations/turtlebot3_gazebo -DCMAKE_INSTALL_PREFIX=/home/ubuntuuser/ros2_ws/install/turtlebot3_gazebo
[0.095s] -- Found ament_cmake: 2.5.4 (/opt/ros/jazzy/share/ament_cmake/cmake)
[0.903s] -- Found ros_gz_sim: 1.0.16 (/opt/ros/jazzy/share/ros_gz_sim/cmake)
[1.040s] -- Found rosidl_generator_c: 4.6.6 (/opt/ros/jazzy/share/rosidl_generator_c/cmake)
[1.057s] -- Found rosidl_generator_cpp: 4.6.6 (/opt/ros/jazzy/share/rosidl_generator_cpp/cmake)
[1.086s] -- Using all available rosidl_typesupport_c: rosidl_typesupport_fastrtps_c;rosidl_typesupport_introspection_c
[1.160s] -- Using all available rosidl_typesupport_cpp: rosidl_typesupport_fastrtps_cpp;rosidl_typesupport_introspection_cpp
[1.340s] -- Found rmw_implementation_cmake: 7.3.2 (/opt/ros/jazzy/share/rmw_implementation_cmake/cmake)
[1.344s] -- Found rmw_fastrtps_cpp: 8.4.3 (/opt/ros/jazzy/share/rmw_fastrtps_cpp/cmake)
[1.624s] -- Using RMW implementation 'rmw_fastrtps_cpp' as default
[2.336s] -- Found nav_msgs: 5.3.6 (/opt/ros/jazzy/share/nav_msgs/cmake)
[2.448s] -- Found sensor_msgs: 5.3.6 (/opt/ros/jazzy/share/sensor_msgs/cmake)
[2.550s] -- Found gz_math_vendor: 0.0.8 (/opt/ros/jazzy/share/gz_math_vendor/cmake)
[2.556s] -- Looking for gz-math7 -- found version 7.5.2
[2.566s] -- Searching for dependencies of gz-math7
[2.567s] -- Looking for gz-utils2 -- found version 2.2.1
[2.567s] -- Searching for dependencies of gz-utils2
[2.570s] -- Found gz_sim_vendor: 0.0.8 (/opt/ros/jazzy/share/gz_sim_vendor/cmake)
[2.599s] -- Looking for gz-sim8 -- found version 8.9.0
[2.600s] -- Searching for dependencies of gz-sim8
[2.601s] -- Looking for sdformat14 -- found version 14.8.0
[2.601s] -- Searching for dependencies of sdformat14
[2.615s] -- Checking for module 'tinyxml2'
[2.669s] --   Found tinyxml2, version 10.0.0
[2.774s] -- Looking for gz-math7 -- found version 7.5.2
[2.775s] -- Looking for gz-utils2 -- found version 2.2.1
[2.776s] -- Searching for dependencies of gz-utils2
[2.777s] -- Searching for <gz-utils2> component [cli]
[2.779s] -- Looking for gz-utils2-cli -- found version 2.2.1
[2.779s] -- Searching for dependencies of gz-utils2-cli
[2.783s] -- Looking for gz-plugin2 -- found version 2.0.4
[2.784s] -- Searching for dependencies of gz-plugin2
[2.785s] -- Looking for gz-utils2 -- found version 2.2.1
[2.787s] -- Searching for <gz-plugin2> component [loader]
[2.788s] -- Looking for gz-plugin2-loader -- found version 2.0.4
[2.789s] -- Searching for dependencies of gz-plugin2-loader
[2.791s] -- Searching for <gz-plugin2> component [register]
[2.793s] -- Looking for gz-plugin2-register -- found version 2.0.4
[2.794s] -- Searching for dependencies of gz-plugin2-register
[2.796s] -- Looking for gz-transport13 -- found version 13.4.1
[2.799s] -- Searching for dependencies of gz-transport13
[2.881s] -- Config-file not installed for ZeroMQ -- checking for pkg-config
[2.894s] -- Checking for module 'libzmq >= 4'
[2.948s] --   Found libzmq, version 4.3.5
[3.087s] -- Checking for module 'uuid'
[3.128s] --   Found uuid, version 2.39.3
[3.225s] -- Looking for gz-utils2 -- found version 2.2.1
[3.226s] -- Looking for gz-msgs10 -- found version 10.3.2
[3.227s] -- Searching for dependencies of gz-msgs10
[3.273s] -- Looking for gz-utils2 -- found version 2.2.1
[3.274s] -- Looking for gz-math7 -- found version 7.5.2
[3.289s] -- Searching for <gz-transport13> component [log]
[3.290s] -- Looking for gz-transport13-log -- found version 13.4.1
[3.291s] -- Searching for dependencies of gz-transport13-log
[3.292s] -- Searching for <gz-transport13> component [parameters]
[3.292s] -- Looking for gz-transport13-parameters -- found version 13.4.1
[3.293s] -- Searching for dependencies of gz-transport13-parameters
[3.295s] -- Looking for gz-msgs10 -- found version 10.3.2
[3.295s] -- Looking for gz-common5 -- found version 5.7.1
[3.296s] -- Searching for dependencies of gz-common5
[3.297s] -- Looking for gz-utils2 -- found version 2.2.1
[3.297s] -- Looking for dlfcn.h - found
[3.297s] -- Looking for libdl - found
[3.315s] -- Searching for <gz-common5> component [av]
[3.316s] -- Looking for gz-common5-av -- found version 5.7.1
[3.316s] -- Searching for dependencies of gz-common5-av
[3.329s] -- Checking for module 'libswscale'
[3.371s] --   Found libswscale, version 7.5.100
[3.485s] -- Checking for module 'libavdevice >= 56.4.100'
[3.531s] --   Found libavdevice, version 60.3.100
[3.668s] -- Checking for module 'libavformat'
[3.714s] --   Found libavformat, version 60.16.100
[3.840s] -- Checking for module 'libavcodec'
[3.883s] --   Found libavcodec, version 60.31.102
[4.008s] -- Checking for module 'libavutil'
[4.051s] --   Found libavutil, version 58.29.100
[4.153s] -- Searching for <gz-common5> component [events]
[4.153s] -- Looking for gz-common5-events -- found version 5.7.1
[4.153s] -- Searching for dependencies of gz-common5-events
[4.153s] -- Looking for gz-math7 -- found version 7.5.2
[4.154s] -- Searching for <gz-common5> component [graphics]
[4.154s] -- Looking for gz-common5-graphics -- found version 5.7.1
[4.154s] -- Searching for dependencies of gz-common5-graphics
[4.155s] -- Looking for gz-math7 -- found version 7.5.2
[4.160s] -- Searching for <gz-common5> component [io]
[4.162s] -- Looking for gz-common5-io -- found version 5.7.1
[4.163s] -- Searching for dependencies of gz-common5-io
[4.164s] -- Searching for <gz-common5> component [profiler]
[4.165s] -- Looking for gz-common5-profiler -- found version 5.7.1
[4.166s] -- Searching for dependencies of gz-common5-profiler
[4.168s] -- Looking for gz-fuel_tools9 -- found version 9.1.1
[4.169s] -- Searching for dependencies of gz-fuel_tools9
[4.270s] -- Checking for module 'jsoncpp'
[4.314s] --   Found jsoncpp, version 1.9.5
[4.459s] -- Checking for module 'yaml-0.1'
[4.500s] --   Found yaml-0.1, version 0.2.5
[4.617s] -- Checking for module 'libzip'
[4.678s] --   Found libzip, version 1.7.3
[4.802s] -- Looking for gz-utils2 -- found version 2.2.1
[4.803s] -- Looking for gz-common5 -- found version 5.7.1
[4.803s] -- Searching for dependencies of gz-common5
[4.804s] -- Looking for gz-utils2 -- found version 2.2.1
[4.805s] -- Looking for dlfcn.h - found
[4.805s] -- Looking for libdl - found
[4.824s] -- Searching for <gz-common5> component [testing]
[4.825s] -- Looking for gz-common5-testing -- found version 5.7.1
[4.825s] -- Searching for dependencies of gz-common5-testing
[4.828s] -- Looking for gz-math7 -- found version 7.5.2
[4.830s] -- Looking for gz-msgs10 -- found version 10.3.2
[4.832s] -- Looking for gz-gui8 -- found version 8.4.0
[4.833s] -- Searching for dependencies of gz-gui8
[4.892s] -- Looking for gz-utils2 -- found version 2.2.1
[4.893s] -- Looking for gz-math7 -- found version 7.5.2
[4.893s] -- Looking for gz-common5 -- found version 5.7.1
[4.894s] -- Looking for gz-plugin2 -- found version 2.0.4
[4.895s] -- Looking for gz-transport13 -- found version 13.4.1
[4.896s] -- Looking for gz-rendering8 -- found version 8.2.2
[4.897s] -- Searching for dependencies of gz-rendering8
[4.897s] -- Looking for gz-math7 -- found version 7.5.2
[4.898s] -- Searching for dependencies of gz-math7
[4.899s] -- Looking for gz-utils2 -- found version 2.2.1
[4.899s] -- Searching for <gz-math7> component [eigen3]
[4.900s] -- Looking for gz-math7-eigen3 -- found version 7.5.2
[4.900s] -- Searching for dependencies of gz-math7-eigen3
[4.904s] -- Looking for gz-common5 -- found version 5.7.1
[4.905s] -- Searching for dependencies of gz-common5
[4.905s] -- Looking for gz-utils2 -- found version 2.2.1
[4.906s] -- Looking for dlfcn.h - found
[4.906s] -- Looking for libdl - found
[4.926s] -- Searching for <gz-common5> component [graphics]
[4.927s] -- Searching for <gz-common5> component [events]
[4.928s] -- Searching for <gz-common5> component [geospatial]
[4.928s] -- Looking for gz-common5-geospatial -- found version 5.7.1
[4.928s] -- Searching for dependencies of gz-common5-geospatial
[4.928s] -- Looking for gz-math7 -- found version 7.5.2
[4.929s] -- Looking for gz-common5 -- found version 5.7.1
[4.932s] -- Looking for gz-plugin2 -- found version 2.0.4
[4.932s] -- Searching for dependencies of gz-plugin2
[4.933s] -- Looking for gz-utils2 -- found version 2.2.1
[4.934s] -- Searching for <gz-plugin2> component [all]
[4.935s] -- Looking for all libraries of gz-plugin2 -- found version 2.0.4
[4.936s] -- Looking for gz-plugin2 -- found version 2.0.4
[4.938s] -- Looking for gz-utils2 -- found version 2.2.1
[4.945s] -- Looking for gz-msgs10 -- found version 10.3.2
[4.978s] -- Looking for gz-physics7 -- found version 7.5.0
[4.978s] -- Searching for dependencies of gz-physics7
[4.979s] -- Looking for gz-common5 -- found version 5.7.1
[4.980s] -- Looking for gz-math7 -- found version 7.5.2
[4.981s] -- Looking for gz-plugin2 -- found version 2.0.4
[4.982s] -- Looking for gz-utils2 -- found version 2.2.1
[4.984s] -- Searching for <gz-physics7> component [heightmap]
[4.985s] -- Looking for gz-physics7-heightmap -- found version 7.5.0
[4.986s] -- Searching for dependencies of gz-physics7-heightmap
[4.986s] -- Looking for gz-common5 -- found version 5.7.1
[4.987s] -- Searching for <gz-physics7> component [mesh]
[4.988s] -- Looking for gz-physics7-mesh -- found version 7.5.0
[4.988s] -- Searching for dependencies of gz-physics7-mesh
[4.989s] -- Looking for gz-common5 -- found version 5.7.1
[4.990s] -- Searching for <gz-physics7> component [sdf]
[4.991s] -- Looking for gz-physics7-sdf -- found version 7.5.0
[4.991s] -- Searching for dependencies of gz-physics7-sdf
[4.992s] -- Looking for sdformat14 -- found version 14.8.0
[4.994s] -- Looking for gz-sensors8 -- found version 8.2.2
[4.994s] -- Searching for dependencies of gz-sensors8
[5.042s] -- Looking for gz-math7 -- found version 7.5.2
[5.044s] -- Looking for gz-common5 -- found version 5.7.1
[5.045s] -- Looking for gz-transport13 -- found version 13.4.1
[5.046s] -- Looking for gz-rendering8 -- found version 8.2.2
[5.047s] -- Looking for gz-msgs10 -- found version 10.3.2
[5.048s] -- Looking for sdformat14 -- found version 14.8.0
[5.049s] -- Searching for <gz-sensors8> component [air_pressure]
[5.050s] -- Looking for gz-sensors8-air_pressure -- found version 8.2.2
[5.051s] -- Searching for dependencies of gz-sensors8-air_pressure
[5.051s] -- Searching for <gz-sensors8> component [air_speed]
[5.053s] -- Looking for gz-sensors8-air_speed -- found version 8.2.2
[5.054s] -- Searching for dependencies of gz-sensors8-air_speed
[5.055s] -- Searching for <gz-sensors8> component [altimeter]
[5.056s] -- Looking for gz-sensors8-altimeter -- found version 8.2.2
[5.056s] -- Searching for dependencies of gz-sensors8-altimeter
[5.057s] -- Searching for <gz-sensors8> component [imu]
[5.057s] -- Looking for gz-sensors8-imu -- found version 8.2.2
[5.058s] -- Searching for dependencies of gz-sensors8-imu
[5.059s] -- Searching for <gz-sensors8> component [force_torque]
[5.061s] -- Looking for gz-sensors8-force_torque -- found version 8.2.2
[5.062s] -- Searching for dependencies of gz-sensors8-force_torque
[5.062s] -- Searching for <gz-sensors8> component [logical_camera]
[5.063s] -- Looking for gz-sensors8-logical_camera -- found version 8.2.2
[5.064s] -- Searching for dependencies of gz-sensors8-logical_camera
[5.065s] -- Searching for <gz-sensors8> component [magnetometer]
[5.068s] -- Looking for gz-sensors8-magnetometer -- found version 8.2.2
[5.069s] -- Searching for dependencies of gz-sensors8-magnetometer
[5.071s] -- Searching for <gz-sensors8> component [navsat]
[5.071s] -- Looking for gz-sensors8-navsat -- found version 8.2.2
[5.072s] -- Searching for dependencies of gz-sensors8-navsat
[5.074s] -- Searching for <gz-sensors8> component [dvl]
[5.075s] -- Looking for gz-sensors8-dvl -- found version 8.2.2
[5.076s] -- Searching for dependencies of gz-sensors8-dvl
[5.077s] -- Looking for gz-sensors8 -- found version 8.2.2
[5.077s] -- Searching for dependencies of gz-sensors8
[5.127s] -- Looking for gz-math7 -- found version 7.5.2
[5.128s] -- Looking for gz-common5 -- found version 5.7.1
[5.130s] -- Looking for gz-transport13 -- found version 13.4.1
[5.131s] -- Looking for gz-rendering8 -- found version 8.2.2
[5.134s] -- Looking for gz-msgs10 -- found version 10.3.2
[5.134s] -- Looking for sdformat14 -- found version 14.8.0
[5.134s] -- Searching for <gz-sensors8> component [rendering]
[5.136s] -- Looking for gz-sensors8-rendering -- found version 8.2.2
[5.138s] -- Searching for dependencies of gz-sensors8-rendering
[5.142s] -- Searching for <gz-sensors8> component [rendering]
[5.142s] -- Searching for <gz-sensors8> component [lidar]
[5.148s] -- Looking for gz-sensors8-lidar -- found version 8.2.2
[5.149s] -- Searching for dependencies of gz-sensors8-lidar
[5.151s] -- Looking for gz-sensors8 -- found version 8.2.2
[5.152s] -- Searching for <gz-sensors8> component [gpu_lidar]
[5.155s] -- Looking for gz-sensors8-gpu_lidar -- found version 8.2.2
[5.156s] -- Searching for dependencies of gz-sensors8-gpu_lidar
[5.156s] -- Looking for gz-sensors8 -- found version 8.2.2
[5.158s] -- Searching for <gz-sensors8> component [camera]
[5.159s] -- Looking for gz-sensors8-camera -- found version 8.2.2
[5.161s] -- Searching for dependencies of gz-sensors8-camera
[5.161s] -- Looking for gz-sensors8 -- found version 8.2.2
[5.163s] -- Searching for <gz-sensors8> component [boundingbox_camera]
[5.165s] -- Looking for gz-sensors8-boundingbox_camera -- found version 8.2.2
[5.165s] -- Searching for dependencies of gz-sensors8-boundingbox_camera
[5.166s] -- Searching for <gz-sensors8> component [segmentation_camera]
[5.167s] -- Looking for gz-sensors8-segmentation_camera -- found version 8.2.2
[5.168s] -- Searching for dependencies of gz-sensors8-segmentation_camera
[5.169s] -- Searching for <gz-sensors8> component [depth_camera]
[5.169s] -- Looking for gz-sensors8-depth_camera -- found version 8.2.2
[5.170s] -- Searching for dependencies of gz-sensors8-depth_camera
[5.171s] -- Looking for gz-sensors8 -- found version 8.2.2
[5.172s] -- Searching for <gz-sensors8> component [rgbd_camera]
[5.173s] -- Looking for gz-sensors8-rgbd_camera -- found version 8.2.2
[5.173s] -- Searching for dependencies of gz-sensors8-rgbd_camera
[5.174s] -- Looking for gz-sensors8 -- found version 8.2.2
[5.175s] -- Searching for <gz-sensors8> component [thermal_camera]
[5.176s] -- Looking for gz-sensors8-thermal_camera -- found version 8.2.2
[5.176s] -- Searching for dependencies of gz-sensors8-thermal_camera
[5.177s] -- Looking for gz-sensors8 -- found version 8.2.2
[5.179s] -- Searching for <gz-sensors8> component [wide_angle_camera]
[5.180s] -- Looking for gz-sensors8-wide_angle_camera -- found version 8.2.2
[5.180s] -- Searching for dependencies of gz-sensors8-wide_angle_camera
[5.183s] -- Looking for gz-rendering8 -- found version 8.2.2
[5.183s] -- Looking for gz-math7 -- found version 7.5.2
[5.184s] -- Looking for gz-utils2 -- found version 2.2.1
[5.233s] -- Looking for gz-plugin2 -- found version 2.0.4
[5.273s] Traceback (most recent call last):
[5.273s]   File "/opt/ros/jazzy/share/ament_cmake_core/cmake/core/package_xml_2_cmake.py", line 22, in <module>
[5.273s]     from catkin_pkg.package import parse_package_string
[5.273s] ModuleNotFoundError: No module named 'catkin_pkg'
[5.279s] [31mCMake Error at /opt/ros/jazzy/share/ament_cmake_core/cmake/core/ament_package_xml.cmake:95 (message):
[5.279s]   execute_process(/home/ubuntuuser/ros2_ws/.venv/bin/python3
[5.279s]   /opt/ros/jazzy/share/ament_cmake_core/cmake/core/package_xml_2_cmake.py
[5.280s]   /home/ubuntuuser/ros2_ws/src/turtlebot3_simulations/turtlebot3_gazebo/package.xml
[5.280s]   /home/ubuntuuser/ros2_ws/build/turtlebot3_gazebo/ament_cmake_core/package.cmake)
[5.280s]   returned error code 1
[5.280s] Call Stack (most recent call first):
[5.280s]   /opt/ros/jazzy/share/ament_cmake_core/cmake/core/ament_package_xml.cmake:49 (_ament_package_xml)
[5.281s]   /opt/ros/jazzy/share/ament_cmake_core/cmake/core/ament_package.cmake:63 (ament_package_xml)
[5.281s]   CMakeLists.txt:108 (ament_package)
[5.281s] 
[5.281s] [0m
[5.281s] -- Configuring incomplete, errors occurred!
