[2.320s] Invoking command in '/home/ubuntuuser/ros2_ws/src/r7021e_exploration': DEBUGINFOD_URLS=https://debuginfod.ubuntu.com PYTHONPATH=/home/ubuntuuser/ros2_ws/build/r7021e_exploration/prefix_override:/usr/lib/python3/dist-packages/colcon_core/task/python/colcon_distutils_commands:/home/ubuntuuser/ros2_ws/install/r7021e_exploration/lib/python3.12/site-packages:${PYTHONPATH} /usr/bin/python3 -W ignore:setup.py install is deprecated -W ignore:easy_install command is deprecated setup.py egg_info --egg-base ../../build/r7021e_exploration build --build-base /home/ubuntuuser/ros2_ws/build/r7021e_exploration/build install --record /home/ubuntuuser/ros2_ws/build/r7021e_exploration/install.log --single-version-externally-managed install_data
[2.963s] running egg_info
[3.007s] writing ../../build/r7021e_exploration/r7021e_exploration.egg-info/PKG-INFO
[3.008s] writing dependency_links to ../../build/r7021e_exploration/r7021e_exploration.egg-info/dependency_links.txt
[3.009s] writing entry points to ../../build/r7021e_exploration/r7021e_exploration.egg-info/entry_points.txt
[3.009s] writing requirements to ../../build/r7021e_exploration/r7021e_exploration.egg-info/requires.txt
[3.009s] writing top-level names to ../../build/r7021e_exploration/r7021e_exploration.egg-info/top_level.txt
[3.086s] reading manifest file '../../build/r7021e_exploration/r7021e_exploration.egg-info/SOURCES.txt'
[3.097s] writing manifest file '../../build/r7021e_exploration/r7021e_exploration.egg-info/SOURCES.txt'
[3.097s] running build
[3.098s] running build_py
[3.109s] running install
[3.128s] running install_lib
[3.171s] running install_data
[3.174s] running install_egg_info
[3.225s] removing '/home/ubuntuuser/ros2_ws/install/r7021e_exploration/lib/python3.12/site-packages/r7021e_exploration-0.0.0-py3.12.egg-info' (and everything under it)
[3.225s] Copying ../../build/r7021e_exploration/r7021e_exploration.egg-info to /home/ubuntuuser/ros2_ws/install/r7021e_exploration/lib/python3.12/site-packages/r7021e_exploration-0.0.0-py3.12.egg-info
[3.232s] running install_scripts
[3.595s] Installing frontier_detector_node script to /home/ubuntuuser/ros2_ws/install/r7021e_exploration/lib/r7021e_exploration
[3.608s] Installing navigation_node script to /home/ubuntuuser/ros2_ws/install/r7021e_exploration/lib/r7021e_exploration
[3.608s] Installing path_follower_node script to /home/ubuntuuser/ros2_ws/install/r7021e_exploration/lib/r7021e_exploration
[3.609s] writing list of installed files to '/home/ubuntuuser/ros2_ws/build/r7021e_exploration/install.log'
[3.677s] Invoked command in '/home/ubuntuuser/ros2_ws/src/r7021e_exploration' returned '0': DEBUGINFOD_URLS=https://debuginfod.ubuntu.com PYTHONPATH=/home/ubuntuuser/ros2_ws/build/r7021e_exploration/prefix_override:/usr/lib/python3/dist-packages/colcon_core/task/python/colcon_distutils_commands:/home/ubuntuuser/ros2_ws/install/r7021e_exploration/lib/python3.12/site-packages:${PYTHONPATH} /usr/bin/python3 -W ignore:setup.py install is deprecated -W ignore:easy_install command is deprecated setup.py egg_info --egg-base ../../build/r7021e_exploration build --build-base /home/ubuntuuser/ros2_ws/build/r7021e_exploration/build install --record /home/ubuntuuser/ros2_ws/build/r7021e_exploration/install.log --single-version-externally-managed install_data
