/home/ubuntuuser/ros2_ws/.venv/lib/python3.12/site-packages/setuptools/_distutils/dist.py:289: UserWarning: Unknown distribution option: 'tests_require'
  warnings.warn(msg)
running egg_info
writing ../../build/turtlebot3_trailer/turtlebot3_trailer.egg-info/PKG-INFO
writing dependency_links to ../../build/turtlebot3_trailer/turtlebot3_trailer.egg-info/dependency_links.txt
writing requirements to ../../build/turtlebot3_trailer/turtlebot3_trailer.egg-info/requires.txt
writing top-level names to ../../build/turtlebot3_trailer/turtlebot3_trailer.egg-info/top_level.txt
reading manifest file '../../build/turtlebot3_trailer/turtlebot3_trailer.egg-info/SOURCES.txt'
writing manifest file '../../build/turtlebot3_trailer/turtlebot3_trailer.egg-info/SOURCES.txt'
running build
running build_py
copying turtlebot3_trailer/__init__.py -> /home/ubuntuuser/ros2_ws/build/turtlebot3_trailer/build/lib/turtlebot3_trailer
running install
running install_lib
running install_data
copying resource/turtlebot3_trailer -> /home/ubuntuuser/ros2_ws/install/turtlebot3_trailer/share/ament_index/resource_index/packages
copying package.xml -> /home/ubuntuuser/ros2_ws/install/turtlebot3_trailer/share/turtlebot3_trailer
copying launch/spawn_trailer.launch.py -> /home/ubuntuuser/ros2_ws/install/turtlebot3_trailer/share/turtlebot3_trailer/launch
copying urdf/trailer.urdf.xacro -> /home/ubuntuuser/ros2_ws/install/turtlebot3_trailer/share/turtlebot3_trailer/urdf
copying urdf/trailer.urdf.xacro~ -> /home/ubuntuuser/ros2_ws/install/turtlebot3_trailer/share/turtlebot3_trailer/urdf
running install_egg_info
removing '/home/ubuntuuser/ros2_ws/install/turtlebot3_trailer/lib/python3.12/site-packages/turtlebot3_trailer-0.0.0-py3.12.egg-info' (and everything under it)
Copying ../../build/turtlebot3_trailer/turtlebot3_trailer.egg-info to /home/ubuntuuser/ros2_ws/install/turtlebot3_trailer/lib/python3.12/site-packages/turtlebot3_trailer-0.0.0-py3.12.egg-info
running install_scripts
writing list of installed files to '/home/ubuntuuser/ros2_ws/build/turtlebot3_trailer/install.log'
