[0.054s] Invoking command in '/home/ubuntuuser/ros2_ws/build/turtlebot3_gazebo': CMAKE_PREFIX_PATH=${CMAKE_PREFIX_PATH}:/opt/ros/jazzy DEBUGINFOD_URLS=https://debuginfod.ubuntu.com /usr/bin/cmake /home/ubuntuuser/ros2_ws/src/turtlebot3_simulations/turtlebot3_gazebo -DCMAKE_INSTALL_PREFIX=/home/ubuntuuser/ros2_ws/install/turtlebot3_gazebo
[0.107s] -- Found ament_cmake: 2.5.4 (/opt/ros/jazzy/share/ament_cmake/cmake)
[0.700s] -- Found ros_gz_sim: 1.0.16 (/opt/ros/jazzy/share/ros_gz_sim/cmake)
[0.782s] -- Found rosidl_generator_c: 4.6.6 (/opt/ros/jazzy/share/rosidl_generator_c/cmake)
[0.811s] -- Found rosidl_generator_cpp: 4.6.6 (/opt/ros/jazzy/share/rosidl_generator_cpp/cmake)
[0.851s] -- Using all available rosidl_typesupport_c: rosidl_typesupport_fastrtps_c;rosidl_typesupport_introspection_c
[0.891s] -- Using all available rosidl_typesupport_cpp: rosidl_typesupport_fastrtps_cpp;rosidl_typesupport_introspection_cpp
[1.066s] -- Found rmw_implementation_cmake: 7.3.2 (/opt/ros/jazzy/share/rmw_implementation_cmake/cmake)
[1.070s] -- Found rmw_fastrtps_cpp: 8.4.3 (/opt/ros/jazzy/share/rmw_fastrtps_cpp/cmake)
[1.320s] -- Using RMW implementation 'rmw_fastrtps_cpp' as default
[1.934s] -- Found nav_msgs: 5.3.6 (/opt/ros/jazzy/share/nav_msgs/cmake)
[2.061s] -- Found sensor_msgs: 5.3.6 (/opt/ros/jazzy/share/sensor_msgs/cmake)
[2.120s] -- Found gz_math_vendor: 0.0.8 (/opt/ros/jazzy/share/gz_math_vendor/cmake)
[2.126s] -- Looking for gz-math7 -- found version 7.5.2
[2.138s] -- Searching for dependencies of gz-math7
[2.139s] -- Looking for gz-utils2 -- found version 2.2.1
[2.140s] -- Searching for dependencies of gz-utils2
[2.143s] -- Found gz_sim_vendor: 0.0.8 (/opt/ros/jazzy/share/gz_sim_vendor/cmake)
[2.186s] -- Looking for gz-sim8 -- found version 8.9.0
[2.186s] -- Searching for dependencies of gz-sim8
[2.186s] -- Looking for sdformat14 -- found version 14.8.0
[2.186s] -- Searching for dependencies of sdformat14
[2.203s] -- Checking for module 'tinyxml2'
[2.255s] --   Found tinyxml2, version 10.0.0
[2.397s] -- Looking for gz-math7 -- found version 7.5.2
[2.403s] -- Looking for gz-utils2 -- found version 2.2.1
[2.403s] -- Searching for dependencies of gz-utils2
[2.404s] -- Searching for <gz-utils2> component [cli]
[2.405s] -- Looking for gz-utils2-cli -- found version 2.2.1
[2.411s] -- Searching for dependencies of gz-utils2-cli
[2.411s] -- Looking for gz-plugin2 -- found version 2.0.4
[2.413s] -- Searching for dependencies of gz-plugin2
[2.414s] -- Looking for gz-utils2 -- found version 2.2.1
[2.417s] -- Searching for <gz-plugin2> component [loader]
[2.418s] -- Looking for gz-plugin2-loader -- found version 2.0.4
[2.420s] -- Searching for dependencies of gz-plugin2-loader
[2.422s] -- Searching for <gz-plugin2> component [register]
[2.423s] -- Looking for gz-plugin2-register -- found version 2.0.4
[2.424s] -- Searching for dependencies of gz-plugin2-register
[2.428s] -- Looking for gz-transport13 -- found version 13.4.1
[2.430s] -- Searching for dependencies of gz-transport13
[2.521s] -- Config-file not installed for ZeroMQ -- checking for pkg-config
[2.526s] -- Checking for module 'libzmq >= 4'
[2.594s] --   Found libzmq, version 4.3.5
[2.757s] -- Checking for module 'uuid'
[2.800s] --   Found uuid, version 2.39.3
[2.903s] -- Looking for gz-utils2 -- found version 2.2.1
[2.905s] -- Looking for gz-msgs10 -- found version 10.3.2
[2.906s] -- Searching for dependencies of gz-msgs10
[2.951s] -- Looking for gz-utils2 -- found version 2.2.1
[2.952s] -- Looking for gz-math7 -- found version 7.5.2
[2.968s] -- Searching for <gz-transport13> component [log]
[2.969s] -- Looking for gz-transport13-log -- found version 13.4.1
[2.970s] -- Searching for dependencies of gz-transport13-log
[2.971s] -- Searching for <gz-transport13> component [parameters]
[2.973s] -- Looking for gz-transport13-parameters -- found version 13.4.1
[2.973s] -- Searching for dependencies of gz-transport13-parameters
[2.975s] -- Looking for gz-msgs10 -- found version 10.3.2
[2.976s] -- Looking for gz-common5 -- found version 5.7.1
[2.976s] -- Searching for dependencies of gz-common5
[2.977s] -- Looking for gz-utils2 -- found version 2.2.1
[2.978s] -- Looking for dlfcn.h - found
[2.978s] -- Looking for libdl - found
[2.994s] -- Searching for <gz-common5> component [av]
[2.994s] -- Looking for gz-common5-av -- found version 5.7.1
[2.995s] -- Searching for dependencies of gz-common5-av
[3.007s] -- Checking for module 'libswscale'
[3.056s] --   Found libswscale, version 7.5.100
[3.176s] -- Checking for module 'libavdevice >= 56.4.100'
[3.220s] --   Found libavdevice, version 60.3.100
[3.358s] -- Checking for module 'libavformat'
[3.402s] --   Found libavformat, version 60.16.100
[3.526s] -- Checking for module 'libavcodec'
[3.573s] --   Found libavcodec, version 60.31.102
[3.687s] -- Checking for module 'libavutil'
[3.732s] --   Found libavutil, version 58.29.100
[3.830s] -- Searching for <gz-common5> component [events]
[3.831s] -- Looking for gz-common5-events -- found version 5.7.1
[3.832s] -- Searching for dependencies of gz-common5-events
[3.833s] -- Looking for gz-math7 -- found version 7.5.2
[3.834s] -- Searching for <gz-common5> component [graphics]
[3.835s] -- Looking for gz-common5-graphics -- found version 5.7.1
[3.835s] -- Searching for dependencies of gz-common5-graphics
[3.836s] -- Looking for gz-math7 -- found version 7.5.2
[3.841s] -- Searching for <gz-common5> component [io]
[3.842s] -- Looking for gz-common5-io -- found version 5.7.1
[3.843s] -- Searching for dependencies of gz-common5-io
[3.844s] -- Searching for <gz-common5> component [profiler]
[3.845s] -- Looking for gz-common5-profiler -- found version 5.7.1
[3.845s] -- Searching for dependencies of gz-common5-profiler
[3.848s] -- Looking for gz-fuel_tools9 -- found version 9.1.1
[3.848s] -- Searching for dependencies of gz-fuel_tools9
[3.946s] -- Checking for module 'jsoncpp'
[3.990s] --   Found jsoncpp, version 1.9.5
[4.124s] -- Checking for module 'yaml-0.1'
[4.169s] --   Found yaml-0.1, version 0.2.5
[4.283s] -- Checking for module 'libzip'
[4.325s] --   Found libzip, version 1.7.3
[4.429s] -- Looking for gz-utils2 -- found version 2.2.1
[4.430s] -- Looking for gz-common5 -- found version 5.7.1
[4.430s] -- Searching for dependencies of gz-common5
[4.432s] -- Looking for gz-utils2 -- found version 2.2.1
[4.432s] -- Looking for dlfcn.h - found
[4.432s] -- Looking for libdl - found
[4.451s] -- Searching for <gz-common5> component [testing]
[4.452s] -- Looking for gz-common5-testing -- found version 5.7.1
[4.452s] -- Searching for dependencies of gz-common5-testing
[4.453s] -- Looking for gz-math7 -- found version 7.5.2
[4.455s] -- Looking for gz-msgs10 -- found version 10.3.2
[4.457s] -- Looking for gz-gui8 -- found version 8.4.0
[4.457s] -- Searching for dependencies of gz-gui8
[4.514s] -- Looking for gz-utils2 -- found version 2.2.1
[4.515s] -- Looking for gz-math7 -- found version 7.5.2
[4.517s] -- Looking for gz-common5 -- found version 5.7.1
[4.517s] -- Looking for gz-plugin2 -- found version 2.0.4
[4.519s] -- Looking for gz-transport13 -- found version 13.4.1
[4.519s] -- Looking for gz-rendering8 -- found version 8.2.2
[4.519s] -- Searching for dependencies of gz-rendering8
[4.520s] -- Looking for gz-math7 -- found version 7.5.2
[4.520s] -- Searching for dependencies of gz-math7
[4.521s] -- Looking for gz-utils2 -- found version 2.2.1
[4.523s] -- Searching for <gz-math7> component [eigen3]
[4.524s] -- Looking for gz-math7-eigen3 -- found version 7.5.2
[4.524s] -- Searching for dependencies of gz-math7-eigen3
[4.527s] -- Looking for gz-common5 -- found version 5.7.1
[4.528s] -- Searching for dependencies of gz-common5
[4.529s] -- Looking for gz-utils2 -- found version 2.2.1
[4.530s] -- Looking for dlfcn.h - found
[4.531s] -- Looking for libdl - found
[4.545s] -- Searching for <gz-common5> component [graphics]
[4.546s] -- Searching for <gz-common5> component [events]
[4.546s] -- Searching for <gz-common5> component [geospatial]
[4.546s] -- Looking for gz-common5-geospatial -- found version 5.7.1
[4.547s] -- Searching for dependencies of gz-common5-geospatial
[4.548s] -- Looking for gz-math7 -- found version 7.5.2
[4.550s] -- Looking for gz-common5 -- found version 5.7.1
[4.552s] -- Looking for gz-plugin2 -- found version 2.0.4
[4.552s] -- Searching for dependencies of gz-plugin2
[4.553s] -- Looking for gz-utils2 -- found version 2.2.1
[4.554s] -- Searching for <gz-plugin2> component [all]
[4.555s] -- Looking for all libraries of gz-plugin2 -- found version 2.0.4
[4.555s] -- Looking for gz-plugin2 -- found version 2.0.4
[4.558s] -- Looking for gz-utils2 -- found version 2.2.1
[4.564s] -- Looking for gz-msgs10 -- found version 10.3.2
[4.598s] -- Looking for gz-physics7 -- found version 7.5.0
[4.598s] -- Searching for dependencies of gz-physics7
[4.598s] -- Looking for gz-common5 -- found version 5.7.1
[4.599s] -- Looking for gz-math7 -- found version 7.5.2
[4.600s] -- Looking for gz-plugin2 -- found version 2.0.4
[4.601s] -- Looking for gz-utils2 -- found version 2.2.1
[4.603s] -- Searching for <gz-physics7> component [heightmap]
[4.605s] -- Looking for gz-physics7-heightmap -- found version 7.5.0
[4.605s] -- Searching for dependencies of gz-physics7-heightmap
[4.606s] -- Looking for gz-common5 -- found version 5.7.1
[4.607s] -- Searching for <gz-physics7> component [mesh]
[4.608s] -- Looking for gz-physics7-mesh -- found version 7.5.0
[4.608s] -- Searching for dependencies of gz-physics7-mesh
[4.609s] -- Looking for gz-common5 -- found version 5.7.1
[4.610s] -- Searching for <gz-physics7> component [sdf]
[4.611s] -- Looking for gz-physics7-sdf -- found version 7.5.0
[4.612s] -- Searching for dependencies of gz-physics7-sdf
[4.613s] -- Looking for sdformat14 -- found version 14.8.0
[4.614s] -- Looking for gz-sensors8 -- found version 8.2.2
[4.615s] -- Searching for dependencies of gz-sensors8
[4.657s] -- Looking for gz-math7 -- found version 7.5.2
[4.657s] -- Looking for gz-common5 -- found version 5.7.1
[4.658s] -- Looking for gz-transport13 -- found version 13.4.1
[4.658s] -- Looking for gz-rendering8 -- found version 8.2.2
[4.660s] -- Looking for gz-msgs10 -- found version 10.3.2
[4.661s] -- Looking for sdformat14 -- found version 14.8.0
[4.662s] -- Searching for <gz-sensors8> component [air_pressure]
[4.663s] -- Looking for gz-sensors8-air_pressure -- found version 8.2.2
[4.664s] -- Searching for dependencies of gz-sensors8-air_pressure
[4.665s] -- Searching for <gz-sensors8> component [air_speed]
[4.666s] -- Looking for gz-sensors8-air_speed -- found version 8.2.2
[4.666s] -- Searching for dependencies of gz-sensors8-air_speed
[4.667s] -- Searching for <gz-sensors8> component [altimeter]
[4.668s] -- Looking for gz-sensors8-altimeter -- found version 8.2.2
[4.669s] -- Searching for dependencies of gz-sensors8-altimeter
[4.670s] -- Searching for <gz-sensors8> component [imu]
[4.671s] -- Looking for gz-sensors8-imu -- found version 8.2.2
[4.671s] -- Searching for dependencies of gz-sensors8-imu
[4.672s] -- Searching for <gz-sensors8> component [force_torque]
[4.673s] -- Looking for gz-sensors8-force_torque -- found version 8.2.2
[4.673s] -- Searching for dependencies of gz-sensors8-force_torque
[4.674s] -- Searching for <gz-sensors8> component [logical_camera]
[4.675s] -- Looking for gz-sensors8-logical_camera -- found version 8.2.2
[4.676s] -- Searching for dependencies of gz-sensors8-logical_camera
[4.677s] -- Searching for <gz-sensors8> component [magnetometer]
[4.678s] -- Looking for gz-sensors8-magnetometer -- found version 8.2.2
[4.678s] -- Searching for dependencies of gz-sensors8-magnetometer
[4.681s] -- Searching for <gz-sensors8> component [navsat]
[4.693s] -- Looking for gz-sensors8-navsat -- found version 8.2.2
[4.693s] -- Searching for dependencies of gz-sensors8-navsat
[4.694s] -- Searching for <gz-sensors8> component [dvl]
[4.694s] -- Looking for gz-sensors8-dvl -- found version 8.2.2
[4.694s] -- Searching for dependencies of gz-sensors8-dvl
[4.694s] -- Looking for gz-sensors8 -- found version 8.2.2
[4.694s] -- Searching for dependencies of gz-sensors8
[4.740s] -- Looking for gz-math7 -- found version 7.5.2
[4.741s] -- Looking for gz-common5 -- found version 5.7.1
[4.741s] -- Looking for gz-transport13 -- found version 13.4.1
[4.741s] -- Looking for gz-rendering8 -- found version 8.2.2
[4.743s] -- Looking for gz-msgs10 -- found version 10.3.2
[4.743s] -- Looking for sdformat14 -- found version 14.8.0
[4.744s] -- Searching for <gz-sensors8> component [rendering]
[4.745s] -- Looking for gz-sensors8-rendering -- found version 8.2.2
[4.746s] -- Searching for dependencies of gz-sensors8-rendering
[4.749s] -- Searching for <gz-sensors8> component [rendering]
[4.749s] -- Searching for <gz-sensors8> component [lidar]
[4.753s] -- Looking for gz-sensors8-lidar -- found version 8.2.2
[4.753s] -- Searching for dependencies of gz-sensors8-lidar
[4.754s] -- Looking for gz-sensors8 -- found version 8.2.2
[4.755s] -- Searching for <gz-sensors8> component [gpu_lidar]
[4.755s] -- Looking for gz-sensors8-gpu_lidar -- found version 8.2.2
[4.756s] -- Searching for dependencies of gz-sensors8-gpu_lidar
[4.756s] -- Looking for gz-sensors8 -- found version 8.2.2
[4.758s] -- Searching for <gz-sensors8> component [camera]
[4.758s] -- Looking for gz-sensors8-camera -- found version 8.2.2
[4.759s] -- Searching for dependencies of gz-sensors8-camera
[4.760s] -- Looking for gz-sensors8 -- found version 8.2.2
[4.762s] -- Searching for <gz-sensors8> component [boundingbox_camera]
[4.763s] -- Looking for gz-sensors8-boundingbox_camera -- found version 8.2.2
[4.763s] -- Searching for dependencies of gz-sensors8-boundingbox_camera
[4.765s] -- Searching for <gz-sensors8> component [segmentation_camera]
[4.766s] -- Looking for gz-sensors8-segmentation_camera -- found version 8.2.2
[4.766s] -- Searching for dependencies of gz-sensors8-segmentation_camera
[4.767s] -- Searching for <gz-sensors8> component [depth_camera]
[4.769s] -- Looking for gz-sensors8-depth_camera -- found version 8.2.2
[4.769s] -- Searching for dependencies of gz-sensors8-depth_camera
[4.770s] -- Looking for gz-sensors8 -- found version 8.2.2
[4.771s] -- Searching for <gz-sensors8> component [rgbd_camera]
[4.772s] -- Looking for gz-sensors8-rgbd_camera -- found version 8.2.2
[4.773s] -- Searching for dependencies of gz-sensors8-rgbd_camera
[4.773s] -- Looking for gz-sensors8 -- found version 8.2.2
[4.774s] -- Searching for <gz-sensors8> component [thermal_camera]
[4.775s] -- Looking for gz-sensors8-thermal_camera -- found version 8.2.2
[4.776s] -- Searching for dependencies of gz-sensors8-thermal_camera
[4.776s] -- Looking for gz-sensors8 -- found version 8.2.2
[4.778s] -- Searching for <gz-sensors8> component [wide_angle_camera]
[4.778s] -- Looking for gz-sensors8-wide_angle_camera -- found version 8.2.2
[4.779s] -- Searching for dependencies of gz-sensors8-wide_angle_camera
[4.781s] -- Looking for gz-rendering8 -- found version 8.2.2
[4.781s] -- Looking for gz-math7 -- found version 7.5.2
[4.782s] -- Looking for gz-utils2 -- found version 2.2.1
[4.829s] -- Looking for gz-plugin2 -- found version 2.0.4
[4.875s] Traceback (most recent call last):
[4.875s]   File "/opt/ros/jazzy/share/ament_cmake_core/cmake/core/package_xml_2_cmake.py", line 22, in <module>
[4.877s]     from catkin_pkg.package import parse_package_string
[4.877s] ModuleNotFoundError: No module named 'catkin_pkg'
[4.882s] [31mCMake Error at /opt/ros/jazzy/share/ament_cmake_core/cmake/core/ament_package_xml.cmake:95 (message):
[4.882s]   execute_process(/home/ubuntuuser/ros2_ws/.venv/bin/python3
[4.882s]   /opt/ros/jazzy/share/ament_cmake_core/cmake/core/package_xml_2_cmake.py
[4.882s]   /home/ubuntuuser/ros2_ws/src/turtlebot3_simulations/turtlebot3_gazebo/package.xml
[4.883s]   /home/ubuntuuser/ros2_ws/build/turtlebot3_gazebo/ament_cmake_core/package.cmake)
[4.883s]   returned error code 1
[4.883s] Call Stack (most recent call first):
[4.883s]   /opt/ros/jazzy/share/ament_cmake_core/cmake/core/ament_package_xml.cmake:49 (_ament_package_xml)
[4.883s]   /opt/ros/jazzy/share/ament_cmake_core/cmake/core/ament_package.cmake:63 (ament_package_xml)
[4.884s]   CMakeLists.txt:108 (ament_package)
[4.884s] 
[4.885s] [0m
[4.885s] -- Configuring incomplete, errors occurred!
