[2.362s] Invoking command in '/home/ubuntuuser/ros2_ws/src/r7021e_exploration': DEBUGINFOD_URLS=https://debuginfod.ubuntu.com PS1=(.venv) \[\e]0;\u@\h: \w\a\]${debian_chroot:+($debian_chroot)}\[\033[01;32m\]\u@\h\[\033[00m\]:\[\033[01;34m\]\w\[\033[00m\]\$ PYTHONPATH=/home/ubuntuuser/ros2_ws/build/r7021e_exploration/prefix_override:/home/ubuntuuser/ros2_ws/.venv/lib/python3.12/site-packages/colcon_core/task/python/colcon_distutils_commands:/home/ubuntuuser/ros2_ws/install/r7021e_exploration/lib/python3.12/site-packages:${PYTHONPATH} VIRTUAL_ENV_PROMPT=(.venv) /home/ubuntuuser/ros2_ws/.venv/bin/python3 -W ignore:setup.py install is deprecated -W ignore:easy_install command is deprecated setup.py egg_info --egg-base ../../build/r7021e_exploration build --build-base /home/ubuntuuser/ros2_ws/build/r7021e_exploration/build install --record /home/ubuntuuser/ros2_ws/build/r7021e_exploration/install.log --single-version-externally-managed install_data
[2.815s] /home/ubuntuuser/ros2_ws/.venv/lib/python3.12/site-packages/setuptools/_distutils/dist.py:289: UserWarning: Unknown distribution option: 'tests_require'
[2.815s]   warnings.warn(msg)
[3.326s] running egg_info
[3.389s] writing ../../build/r7021e_exploration/r7021e_exploration.egg-info/PKG-INFO
[3.390s] writing dependency_links to ../../build/r7021e_exploration/r7021e_exploration.egg-info/dependency_links.txt
[3.393s] writing entry points to ../../build/r7021e_exploration/r7021e_exploration.egg-info/entry_points.txt
[3.398s] writing requirements to ../../build/r7021e_exploration/r7021e_exploration.egg-info/requires.txt
[3.399s] writing top-level names to ../../build/r7021e_exploration/r7021e_exploration.egg-info/top_level.txt
[3.562s] reading manifest file '../../build/r7021e_exploration/r7021e_exploration.egg-info/SOURCES.txt'
[3.573s] writing manifest file '../../build/r7021e_exploration/r7021e_exploration.egg-info/SOURCES.txt'
[3.573s] running build
[3.573s] running build_py
[3.573s] copying r7021e_exploration/frontier_detector_node.py -> /home/ubuntuuser/ros2_ws/build/r7021e_exploration/build/lib/r7021e_exploration
[3.573s] copying r7021e_exploration/__init__.py -> /home/ubuntuuser/ros2_ws/build/r7021e_exploration/build/lib/r7021e_exploration
[3.573s] copying r7021e_exploration/navigation_node.py -> /home/ubuntuuser/ros2_ws/build/r7021e_exploration/build/lib/r7021e_exploration
[3.578s] copying r7021e_exploration/rrt.py -> /home/ubuntuuser/ros2_ws/build/r7021e_exploration/build/lib/r7021e_exploration
[3.579s] copying r7021e_exploration/path_follower_node.py -> /home/ubuntuuser/ros2_ws/build/r7021e_exploration/build/lib/r7021e_exploration
[3.579s] running install
[3.602s] running install_lib
[3.771s] running install_data
[3.771s] copying resource/r7021e_exploration -> /home/ubuntuuser/ros2_ws/install/r7021e_exploration/share/ament_index/resource_index/packages
[3.772s] copying launch/exploration.launch.py -> /home/ubuntuuser/ros2_ws/install/r7021e_exploration/share/r7021e_exploration/launch
[3.778s] copying config/slam_config.yaml -> /home/ubuntuuser/ros2_ws/install/r7021e_exploration/share/r7021e_exploration/config
[3.784s] running install_egg_info
[4.048s] removing '/home/ubuntuuser/ros2_ws/install/r7021e_exploration/lib/python3.12/site-packages/r7021e_exploration-0.0.0-py3.12.egg-info' (and everything under it)
[4.060s] Copying ../../build/r7021e_exploration/r7021e_exploration.egg-info to /home/ubuntuuser/ros2_ws/install/r7021e_exploration/lib/python3.12/site-packages/r7021e_exploration-0.0.0-py3.12.egg-info
[4.064s] running install_scripts
[4.592s] Installing frontier_detector_node script to /home/ubuntuuser/ros2_ws/install/r7021e_exploration/lib/r7021e_exploration
[4.594s] Installing navigation_node script to /home/ubuntuuser/ros2_ws/install/r7021e_exploration/lib/r7021e_exploration
[4.596s] Installing path_follower_node script to /home/ubuntuuser/ros2_ws/install/r7021e_exploration/lib/r7021e_exploration
[4.596s] writing list of installed files to '/home/ubuntuuser/ros2_ws/build/r7021e_exploration/install.log'
[4.788s] Invoked command in '/home/ubuntuuser/ros2_ws/src/r7021e_exploration' returned '0': DEBUGINFOD_URLS=https://debuginfod.ubuntu.com PS1=(.venv) \[\e]0;\u@\h: \w\a\]${debian_chroot:+($debian_chroot)}\[\033[01;32m\]\u@\h\[\033[00m\]:\[\033[01;34m\]\w\[\033[00m\]\$ PYTHONPATH=/home/ubuntuuser/ros2_ws/build/r7021e_exploration/prefix_override:/home/ubuntuuser/ros2_ws/.venv/lib/python3.12/site-packages/colcon_core/task/python/colcon_distutils_commands:/home/ubuntuuser/ros2_ws/install/r7021e_exploration/lib/python3.12/site-packages:${PYTHONPATH} VIRTUAL_ENV_PROMPT=(.venv) /home/ubuntuuser/ros2_ws/.venv/bin/python3 -W ignore:setup.py install is deprecated -W ignore:easy_install command is deprecated setup.py egg_info --egg-base ../../build/r7021e_exploration build --build-base /home/ubuntuuser/ros2_ws/build/r7021e_exploration/build install --record /home/ubuntuuser/ros2_ws/build/r7021e_exploration/install.log --single-version-externally-managed install_data
