[0.091s] Invoking command in '/home/ubuntuuser/ros2_ws/src/build/crazyflie_interfaces': CMAKE_PREFIX_PATH=${CMAKE_PREFIX_PATH}:/home/ubuntuuser/ros2_ws/install/r7021e_exploration:/home/ubuntuuser/ros2_ws/install/crazyflie_py:/opt/ros/jazzy DEBUGINFOD_URLS=https://debuginfod.ubuntu.com PS1=(.venv) \[\e]0;\u@\h: \w\a\]${debian_chroot:+($debian_chroot)}\[\033[01;32m\]\u@\h\[\033[00m\]:\[\033[01;34m\]\w\[\033[00m\]\$ VIRTUAL_ENV_PROMPT=(.venv) /usr/bin/cmake /home/ubuntuuser/ros2_ws/src/crazyswarm2/crazyflie_interfaces -DCMAKE_INSTALL_PREFIX=/home/ubuntuuser/ros2_ws/src/install/crazyflie_interfaces
[0.600s] -- The C compiler identification is GNU 13.3.0
[1.113s] -- The CXX compiler identification is GNU 13.3.0
[1.187s] -- Detecting C compiler ABI info
[1.639s] -- Detecting C compiler ABI info - done
[1.677s] -- Check for working C compiler: /usr/bin/cc - skipped
[1.678s] -- Detecting C compile features
[1.681s] -- Detecting C compile features - done
[1.734s] -- Detecting CXX compiler ABI info
[2.379s] -- Detecting CXX compiler ABI info - done
[2.450s] -- Check for working CXX compiler: /usr/bin/c++ - skipped
[2.450s] -- Detecting CXX compile features
[2.455s] -- Detecting CXX compile features - done
[2.492s] -- Found ament_cmake: 2.5.4 (/opt/ros/jazzy/share/ament_cmake/cmake)
[3.180s] -- Found Python3: /home/ubuntuuser/repos/ros2_robotics/.venv/bin/python3 (found version "3.12.3") found components: Interpreter 
[3.922s] -- Found builtin_interfaces: 2.0.3 (/opt/ros/jazzy/share/builtin_interfaces/cmake)
[4.116s] -- Found rosidl_generator_c: 4.6.6 (/opt/ros/jazzy/share/rosidl_generator_c/cmake)
[4.266s] -- Found rosidl_generator_cpp: 4.6.6 (/opt/ros/jazzy/share/rosidl_generator_cpp/cmake)
[4.334s] -- Using all available rosidl_typesupport_c: rosidl_typesupport_fastrtps_c;rosidl_typesupport_introspection_c
[4.519s] -- Using all available rosidl_typesupport_cpp: rosidl_typesupport_fastrtps_cpp;rosidl_typesupport_introspection_cpp
[4.582s] -- Found geometry_msgs: 5.3.6 (/opt/ros/jazzy/share/geometry_msgs/cmake)
[4.669s] -- Found rosidl_default_generators: 1.6.0 (/opt/ros/jazzy/share/rosidl_default_generators/cmake)
[4.799s] -- Found rosidl_adapter: 4.6.6 (/opt/ros/jazzy/share/rosidl_adapter/cmake)
[5.610s] [31mCMake Error at /opt/ros/jazzy/share/rosidl_adapter/cmake/rosidl_adapt_interfaces.cmake:57 (message):
[5.611s]   execute_process(/home/ubuntuuser/repos/ros2_robotics/.venv/bin/python3 -m
[5.611s]   rosidl_adapter --package-name crazyflie_interfaces --arguments-file
[5.613s]   /home/ubuntuuser/ros2_ws/src/build/crazyflie_interfaces/rosidl_adapter__arguments__crazyflie_interfaces.json
[5.614s]   --output-dir
[5.614s]   /home/ubuntuuser/ros2_ws/src/build/crazyflie_interfaces/rosidl_adapter/crazyflie_interfaces
[5.614s]   --output-file
[5.615s]   /home/ubuntuuser/ros2_ws/src/build/crazyflie_interfaces/rosidl_adapter/crazyflie_interfaces.idls)
[5.615s]   returned error code 1:
[5.615s] 
[5.615s]   Traceback (most recent call last):
[5.618s] 
[5.619s]     File "<frozen runpy>", line 198, in _run_module_as_main
[5.619s]     File "<frozen runpy>", line 88, in _run_code
[5.619s]     File "/opt/ros/jazzy/lib/python3.12/site-packages/rosidl_adapter/__main__.py", line 19, in <module>
[5.619s]       sys.exit(main())
[5.620s]                ^^^^^^
[5.620s]     File "/opt/ros/jazzy/lib/python3.12/site-packages/rosidl_adapter/main.py", line 53, in main
[5.620s]       abs_idl_file = convert_to_idl(
[5.620s]                      ^^^^^^^^^^^^^^^
[5.620s]     File "/opt/ros/jazzy/lib/python3.12/site-packages/rosidl_adapter/__init__.py", line 18, in convert_to_idl
[5.627s]       from rosidl_adapter.msg import convert_msg_to_idl
[5.628s]     File "/opt/ros/jazzy/lib/python3.12/site-packages/rosidl_adapter/msg/__init__.py", line 16, in <module>
[5.628s]       from rosidl_adapter.resource import expand_template
[5.628s]     File "/opt/ros/jazzy/lib/python3.12/site-packages/rosidl_adapter/resource/__init__.py", line 19, in <module>
[5.628s]       import em
[5.628s] 
[5.628s]   ModuleNotFoundError: No module named 'em'
[5.629s] 
[5.629s] Call Stack (most recent call first):
[5.630s]   /opt/ros/jazzy/share/rosidl_cmake/cmake/rosidl_generate_interfaces.cmake:132 (rosidl_adapt_interfaces)
[5.631s]   CMakeLists.txt:20 (rosidl_generate_interfaces)
[5.631s] 
[5.631s] [0m
[5.631s] -- Configuring incomplete, errors occurred!
[5.679s] Invoked command in '/home/ubuntuuser/ros2_ws/src/build/crazyflie_interfaces' returned '1': CMAKE_PREFIX_PATH=${CMAKE_PREFIX_PATH}:/home/ubuntuuser/ros2_ws/install/r7021e_exploration:/home/ubuntuuser/ros2_ws/install/crazyflie_py:/opt/ros/jazzy DEBUGINFOD_URLS=https://debuginfod.ubuntu.com PS1=(.venv) \[\e]0;\u@\h: \w\a\]${debian_chroot:+($debian_chroot)}\[\033[01;32m\]\u@\h\[\033[00m\]:\[\033[01;34m\]\w\[\033[00m\]\$ VIRTUAL_ENV_PROMPT=(.venv) /usr/bin/cmake /home/ubuntuuser/ros2_ws/src/crazyswarm2/crazyflie_interfaces -DCMAKE_INSTALL_PREFIX=/home/ubuntuuser/ros2_ws/src/install/crazyflie_interfaces
