[0.056s] Invoking command in '/home/ubuntuuser/ros2_ws/src/build/turtlebot3_gazebo': CMAKE_PREFIX_PATH=${CMAKE_PREFIX_PATH}:/opt/ros/jazzy DEBUGINFOD_URLS=https://debuginfod.ubuntu.com /usr/bin/cmake /home/ubuntuuser/ros2_ws/src/turtlebot3_simulations/turtlebot3_gazebo -DCMAKE_INSTALL_PREFIX=/home/ubuntuuser/ros2_ws/src/install/turtlebot3_gazebo
[0.109s] -- Found ament_cmake: 2.5.4 (/opt/ros/jazzy/share/ament_cmake/cmake)
[0.593s] -- Found ros_gz_sim: 1.0.16 (/opt/ros/jazzy/share/ros_gz_sim/cmake)
[0.693s] -- Found rosidl_generator_c: 4.6.6 (/opt/ros/jazzy/share/rosidl_generator_c/cmake)
[0.712s] -- Found rosidl_generator_cpp: 4.6.6 (/opt/ros/jazzy/share/rosidl_generator_cpp/cmake)
[0.739s] -- Using all available rosidl_typesupport_c: rosidl_typesupport_fastrtps_c;rosidl_typesupport_introspection_c
[0.771s] -- Using all available rosidl_typesupport_cpp: rosidl_typesupport_fastrtps_cpp;rosidl_typesupport_introspection_cpp
[0.929s] -- Found rmw_implementation_cmake: 7.3.2 (/opt/ros/jazzy/share/rmw_implementation_cmake/cmake)
[0.932s] -- Found rmw_fastrtps_cpp: 8.4.3 (/opt/ros/jazzy/share/rmw_fastrtps_cpp/cmake)
[1.108s] -- Using RMW implementation 'rmw_fastrtps_cpp' as default
[1.875s] -- Found nav_msgs: 5.3.6 (/opt/ros/jazzy/share/nav_msgs/cmake)
[1.957s] -- Found sensor_msgs: 5.3.6 (/opt/ros/jazzy/share/sensor_msgs/cmake)
[2.011s] -- Found gz_math_vendor: 0.0.8 (/opt/ros/jazzy/share/gz_math_vendor/cmake)
[2.017s] -- Looking for gz-math7 -- found version 7.5.2
[2.028s] -- Searching for dependencies of gz-math7
[2.029s] -- Looking for gz-utils2 -- found version 2.2.1
[2.029s] -- Searching for dependencies of gz-utils2
[2.033s] -- Found gz_sim_vendor: 0.0.8 (/opt/ros/jazzy/share/gz_sim_vendor/cmake)
[2.062s] -- Looking for gz-sim8 -- found version 8.9.0
[2.062s] -- Searching for dependencies of gz-sim8
[2.063s] -- Looking for sdformat14 -- found version 14.8.0
[2.063s] -- Searching for dependencies of sdformat14
[2.079s] -- Checking for module 'tinyxml2'
[2.137s] --   Found tinyxml2, version 10.0.0
[2.250s] -- Looking for gz-math7 -- found version 7.5.2
[2.250s] -- Looking for gz-utils2 -- found version 2.2.1
[2.251s] -- Searching for dependencies of gz-utils2
[2.252s] -- Searching for <gz-utils2> component [cli]
[2.253s] -- Looking for gz-utils2-cli -- found version 2.2.1
[2.253s] -- Searching for dependencies of gz-utils2-cli
[2.258s] -- Looking for gz-plugin2 -- found version 2.0.4
[2.259s] -- Searching for dependencies of gz-plugin2
[2.260s] -- Looking for gz-utils2 -- found version 2.2.1
[2.262s] -- Searching for <gz-plugin2> component [loader]
[2.264s] -- Looking for gz-plugin2-loader -- found version 2.0.4
[2.264s] -- Searching for dependencies of gz-plugin2-loader
[2.266s] -- Searching for <gz-plugin2> component [register]
[2.267s] -- Looking for gz-plugin2-register -- found version 2.0.4
[2.267s] -- Searching for dependencies of gz-plugin2-register
[2.269s] -- Looking for gz-transport13 -- found version 13.4.1
[2.270s] -- Searching for dependencies of gz-transport13
[2.359s] -- Config-file not installed for ZeroMQ -- checking for pkg-config
[2.372s] -- Checking for module 'libzmq >= 4'
[2.418s] --   Found libzmq, version 4.3.5
[2.554s] -- Checking for module 'uuid'
[2.606s] --   Found uuid, version 2.39.3
[2.706s] -- Looking for gz-utils2 -- found version 2.2.1
[2.707s] -- Looking for gz-msgs10 -- found version 10.3.2
[2.707s] -- Searching for dependencies of gz-msgs10
[2.751s] -- Looking for gz-utils2 -- found version 2.2.1
[2.751s] -- Looking for gz-math7 -- found version 7.5.2
[2.767s] -- Searching for <gz-transport13> component [log]
[2.768s] -- Looking for gz-transport13-log -- found version 13.4.1
[2.768s] -- Searching for dependencies of gz-transport13-log
[2.769s] -- Searching for <gz-transport13> component [parameters]
[2.770s] -- Looking for gz-transport13-parameters -- found version 13.4.1
[2.770s] -- Searching for dependencies of gz-transport13-parameters
[2.772s] -- Looking for gz-msgs10 -- found version 10.3.2
[2.773s] -- Looking for gz-common5 -- found version 5.7.1
[2.773s] -- Searching for dependencies of gz-common5
[2.774s] -- Looking for gz-utils2 -- found version 2.2.1
[2.775s] -- Looking for dlfcn.h - found
[2.775s] -- Looking for libdl - found
[2.790s] -- Searching for <gz-common5> component [av]
[2.791s] -- Looking for gz-common5-av -- found version 5.7.1
[2.792s] -- Searching for dependencies of gz-common5-av
[2.804s] -- Checking for module 'libswscale'
[2.855s] --   Found libswscale, version 7.5.100
[2.995s] -- Checking for module 'libavdevice >= 56.4.100'
[3.055s] --   Found libavdevice, version 60.3.100
[3.211s] -- Checking for module 'libavformat'
[3.253s] --   Found libavformat, version 60.16.100
[3.394s] -- Checking for module 'libavcodec'
[3.443s] --   Found libavcodec, version 60.31.102
[3.568s] -- Checking for module 'libavutil'
[3.626s] --   Found libavutil, version 58.29.100
[3.739s] -- Searching for <gz-common5> component [events]
[3.740s] -- Looking for gz-common5-events -- found version 5.7.1
[3.742s] -- Searching for dependencies of gz-common5-events
[3.742s] -- Looking for gz-math7 -- found version 7.5.2
[3.744s] -- Searching for <gz-common5> component [graphics]
[3.745s] -- Looking for gz-common5-graphics -- found version 5.7.1
[3.745s] -- Searching for dependencies of gz-common5-graphics
[3.746s] -- Looking for gz-math7 -- found version 7.5.2
[3.752s] -- Searching for <gz-common5> component [io]
[3.754s] -- Looking for gz-common5-io -- found version 5.7.1
[3.755s] -- Searching for dependencies of gz-common5-io
[3.755s] -- Searching for <gz-common5> component [profiler]
[3.756s] -- Looking for gz-common5-profiler -- found version 5.7.1
[3.757s] -- Searching for dependencies of gz-common5-profiler
[3.759s] -- Looking for gz-fuel_tools9 -- found version 9.1.1
[3.759s] -- Searching for dependencies of gz-fuel_tools9
[3.865s] -- Checking for module 'jsoncpp'
[3.908s] --   Found jsoncpp, version 1.9.5
[4.061s] -- Checking for module 'yaml-0.1'
[4.111s] --   Found yaml-0.1, version 0.2.5
[4.234s] -- Checking for module 'libzip'
[4.296s] --   Found libzip, version 1.7.3
[4.447s] -- Looking for gz-utils2 -- found version 2.2.1
[4.448s] -- Looking for gz-common5 -- found version 5.7.1
[4.451s] -- Searching for dependencies of gz-common5
[4.451s] -- Looking for gz-utils2 -- found version 2.2.1
[4.451s] -- Looking for dlfcn.h - found
[4.451s] -- Looking for libdl - found
[4.475s] -- Searching for <gz-common5> component [testing]
[4.477s] -- Looking for gz-common5-testing -- found version 5.7.1
[4.478s] -- Searching for dependencies of gz-common5-testing
[4.480s] -- Looking for gz-math7 -- found version 7.5.2
[4.480s] -- Looking for gz-msgs10 -- found version 10.3.2
[4.483s] -- Looking for gz-gui8 -- found version 8.4.0
[4.484s] -- Searching for dependencies of gz-gui8
[4.551s] -- Looking for gz-utils2 -- found version 2.2.1
[4.555s] -- Looking for gz-math7 -- found version 7.5.2
[4.556s] -- Looking for gz-common5 -- found version 5.7.1
[4.556s] -- Looking for gz-plugin2 -- found version 2.0.4
[4.557s] -- Looking for gz-transport13 -- found version 13.4.1
[4.559s] -- Looking for gz-rendering8 -- found version 8.2.2
[4.559s] -- Searching for dependencies of gz-rendering8
[4.560s] -- Looking for gz-math7 -- found version 7.5.2
[4.560s] -- Searching for dependencies of gz-math7
[4.561s] -- Looking for gz-utils2 -- found version 2.2.1
[4.561s] -- Searching for <gz-math7> component [eigen3]
[4.563s] -- Looking for gz-math7-eigen3 -- found version 7.5.2
[4.564s] -- Searching for dependencies of gz-math7-eigen3
[4.568s] -- Looking for gz-common5 -- found version 5.7.1
[4.568s] -- Searching for dependencies of gz-common5
[4.569s] -- Looking for gz-utils2 -- found version 2.2.1
[4.569s] -- Looking for dlfcn.h - found
[4.569s] -- Looking for libdl - found
[4.600s] -- Searching for <gz-common5> component [graphics]
[4.601s] -- Searching for <gz-common5> component [events]
[4.601s] -- Searching for <gz-common5> component [geospatial]
[4.602s] -- Looking for gz-common5-geospatial -- found version 5.7.1
[4.604s] -- Searching for dependencies of gz-common5-geospatial
[4.604s] -- Looking for gz-math7 -- found version 7.5.2
[4.605s] -- Looking for gz-common5 -- found version 5.7.1
[4.608s] -- Looking for gz-plugin2 -- found version 2.0.4
[4.610s] -- Searching for dependencies of gz-plugin2
[4.612s] -- Looking for gz-utils2 -- found version 2.2.1
[4.615s] -- Searching for <gz-plugin2> component [all]
[4.617s] -- Looking for all libraries of gz-plugin2 -- found version 2.0.4
[4.618s] -- Looking for gz-plugin2 -- found version 2.0.4
[4.620s] -- Looking for gz-utils2 -- found version 2.2.1
[4.629s] -- Looking for gz-msgs10 -- found version 10.3.2
[4.677s] -- Looking for gz-physics7 -- found version 7.5.0
[4.680s] -- Searching for dependencies of gz-physics7
[4.680s] -- Looking for gz-common5 -- found version 5.7.1
[4.681s] -- Looking for gz-math7 -- found version 7.5.2
[4.681s] -- Looking for gz-plugin2 -- found version 2.0.4
[4.683s] -- Looking for gz-utils2 -- found version 2.2.1
[4.688s] -- Searching for <gz-physics7> component [heightmap]
[4.689s] -- Looking for gz-physics7-heightmap -- found version 7.5.0
[4.690s] -- Searching for dependencies of gz-physics7-heightmap
[4.691s] -- Looking for gz-common5 -- found version 5.7.1
[4.694s] -- Searching for <gz-physics7> component [mesh]
[4.695s] -- Looking for gz-physics7-mesh -- found version 7.5.0
[4.695s] -- Searching for dependencies of gz-physics7-mesh
[4.695s] -- Looking for gz-common5 -- found version 5.7.1
[4.699s] -- Searching for <gz-physics7> component [sdf]
[4.702s] -- Looking for gz-physics7-sdf -- found version 7.5.0
[4.702s] -- Searching for dependencies of gz-physics7-sdf
[4.702s] -- Looking for sdformat14 -- found version 14.8.0
[4.702s] -- Looking for gz-sensors8 -- found version 8.2.2
[4.702s] -- Searching for dependencies of gz-sensors8
[4.766s] -- Looking for gz-math7 -- found version 7.5.2
[4.766s] -- Looking for gz-common5 -- found version 5.7.1
[4.767s] -- Looking for gz-transport13 -- found version 13.4.1
[4.768s] -- Looking for gz-rendering8 -- found version 8.2.2
[4.770s] -- Looking for gz-msgs10 -- found version 10.3.2
[4.770s] -- Looking for sdformat14 -- found version 14.8.0
[4.773s] -- Searching for <gz-sensors8> component [air_pressure]
[4.775s] -- Looking for gz-sensors8-air_pressure -- found version 8.2.2
[4.776s] -- Searching for dependencies of gz-sensors8-air_pressure
[4.777s] -- Searching for <gz-sensors8> component [air_speed]
[4.778s] -- Looking for gz-sensors8-air_speed -- found version 8.2.2
[4.782s] -- Searching for dependencies of gz-sensors8-air_speed
[4.782s] -- Searching for <gz-sensors8> component [altimeter]
[4.782s] -- Looking for gz-sensors8-altimeter -- found version 8.2.2
[4.782s] -- Searching for dependencies of gz-sensors8-altimeter
[4.783s] -- Searching for <gz-sensors8> component [imu]
[4.785s] -- Looking for gz-sensors8-imu -- found version 8.2.2
[4.787s] -- Searching for dependencies of gz-sensors8-imu
[4.787s] -- Searching for <gz-sensors8> component [force_torque]
[4.788s] -- Looking for gz-sensors8-force_torque -- found version 8.2.2
[4.788s] -- Searching for dependencies of gz-sensors8-force_torque
[4.789s] -- Searching for <gz-sensors8> component [logical_camera]
[4.791s] -- Looking for gz-sensors8-logical_camera -- found version 8.2.2
[4.791s] -- Searching for dependencies of gz-sensors8-logical_camera
[4.792s] -- Searching for <gz-sensors8> component [magnetometer]
[4.794s] -- Looking for gz-sensors8-magnetometer -- found version 8.2.2
[4.795s] -- Searching for dependencies of gz-sensors8-magnetometer
[4.797s] -- Searching for <gz-sensors8> component [navsat]
[4.798s] -- Looking for gz-sensors8-navsat -- found version 8.2.2
[4.799s] -- Searching for dependencies of gz-sensors8-navsat
[4.800s] -- Searching for <gz-sensors8> component [dvl]
[4.801s] -- Looking for gz-sensors8-dvl -- found version 8.2.2
[4.802s] -- Searching for dependencies of gz-sensors8-dvl
[4.803s] -- Looking for gz-sensors8 -- found version 8.2.2
[4.803s] -- Searching for dependencies of gz-sensors8
[4.854s] -- Looking for gz-math7 -- found version 7.5.2
[4.855s] -- Looking for gz-common5 -- found version 5.7.1
[4.855s] -- Looking for gz-transport13 -- found version 13.4.1
[4.858s] -- Looking for gz-rendering8 -- found version 8.2.2
[4.858s] -- Looking for gz-msgs10 -- found version 10.3.2
[4.859s] -- Looking for sdformat14 -- found version 14.8.0
[4.860s] -- Searching for <gz-sensors8> component [rendering]
[4.862s] -- Looking for gz-sensors8-rendering -- found version 8.2.2
[4.862s] -- Searching for dependencies of gz-sensors8-rendering
[4.863s] -- Searching for <gz-sensors8> component [rendering]
[4.863s] -- Searching for <gz-sensors8> component [lidar]
[4.867s] -- Looking for gz-sensors8-lidar -- found version 8.2.2
[4.867s] -- Searching for dependencies of gz-sensors8-lidar
[4.868s] -- Looking for gz-sensors8 -- found version 8.2.2
[4.869s] -- Searching for <gz-sensors8> component [gpu_lidar]
[4.870s] -- Looking for gz-sensors8-gpu_lidar -- found version 8.2.2
[4.874s] -- Searching for dependencies of gz-sensors8-gpu_lidar
[4.874s] -- Looking for gz-sensors8 -- found version 8.2.2
[4.876s] -- Searching for <gz-sensors8> component [camera]
[4.876s] -- Looking for gz-sensors8-camera -- found version 8.2.2
[4.877s] -- Searching for dependencies of gz-sensors8-camera
[4.878s] -- Looking for gz-sensors8 -- found version 8.2.2
[4.878s] -- Searching for <gz-sensors8> component [boundingbox_camera]
[4.878s] -- Looking for gz-sensors8-boundingbox_camera -- found version 8.2.2
[4.879s] -- Searching for dependencies of gz-sensors8-boundingbox_camera
[4.879s] -- Searching for <gz-sensors8> component [segmentation_camera]
[4.880s] -- Looking for gz-sensors8-segmentation_camera -- found version 8.2.2
[4.880s] -- Searching for dependencies of gz-sensors8-segmentation_camera
[4.881s] -- Searching for <gz-sensors8> component [depth_camera]
[4.882s] -- Looking for gz-sensors8-depth_camera -- found version 8.2.2
[4.882s] -- Searching for dependencies of gz-sensors8-depth_camera
[4.883s] -- Looking for gz-sensors8 -- found version 8.2.2
[4.884s] -- Searching for <gz-sensors8> component [rgbd_camera]
[4.885s] -- Looking for gz-sensors8-rgbd_camera -- found version 8.2.2
[4.886s] -- Searching for dependencies of gz-sensors8-rgbd_camera
[4.886s] -- Looking for gz-sensors8 -- found version 8.2.2
[4.888s] -- Searching for <gz-sensors8> component [thermal_camera]
[4.888s] -- Looking for gz-sensors8-thermal_camera -- found version 8.2.2
[4.889s] -- Searching for dependencies of gz-sensors8-thermal_camera
[4.889s] -- Looking for gz-sensors8 -- found version 8.2.2
[4.891s] -- Searching for <gz-sensors8> component [wide_angle_camera]
[4.892s] -- Looking for gz-sensors8-wide_angle_camera -- found version 8.2.2
[4.892s] -- Searching for dependencies of gz-sensors8-wide_angle_camera
[4.894s] -- Looking for gz-rendering8 -- found version 8.2.2
[4.896s] -- Looking for gz-math7 -- found version 7.5.2
[4.897s] -- Looking for gz-utils2 -- found version 2.2.1
[4.952s] -- Looking for gz-plugin2 -- found version 2.0.4
[5.012s] Traceback (most recent call last):
[5.012s]   File "/opt/ros/jazzy/share/ament_cmake_core/cmake/core/package_xml_2_cmake.py", line 22, in <module>
[5.014s]     from catkin_pkg.package import parse_package_string
[5.014s] ModuleNotFoundError: No module named 'catkin_pkg'
[5.021s] [31mCMake Error at /opt/ros/jazzy/share/ament_cmake_core/cmake/core/ament_package_xml.cmake:95 (message):
[5.021s]   execute_process(/home/ubuntuuser/repos/ros2_robotics/.venv/bin/python3
[5.021s]   /opt/ros/jazzy/share/ament_cmake_core/cmake/core/package_xml_2_cmake.py
[5.021s]   /home/ubuntuuser/ros2_ws/src/turtlebot3_simulations/turtlebot3_gazebo/package.xml
[5.022s]   /home/ubuntuuser/ros2_ws/src/build/turtlebot3_gazebo/ament_cmake_core/package.cmake)
[5.022s]   returned error code 1
[5.022s] Call Stack (most recent call first):
[5.022s]   /opt/ros/jazzy/share/ament_cmake_core/cmake/core/ament_package_xml.cmake:49 (_ament_package_xml)
[5.022s]   /opt/ros/jazzy/share/ament_cmake_core/cmake/core/ament_package.cmake:63 (ament_package_xml)
[5.022s]   CMakeLists.txt:108 (ament_package)
[5.022s] 
[5.022s] [0m
[5.023s] -- Configuring incomplete, errors occurred!
