[0.087s] Invoking command in '/home/ubuntuuser/ros2_ws/src/build/turtlebot3_gazebo': CMAKE_PREFIX_PATH=${CMAKE_PREFIX_PATH}:/home/ubuntuuser/ros2_ws/install/r7021e_exploration:/home/ubuntuuser/ros2_ws/install/crazyflie_py:/opt/ros/jazzy DEBUGINFOD_URLS=https://debuginfod.ubuntu.com PS1=(.venv) \[\e]0;\u@\h: \w\a\]${debian_chroot:+($debian_chroot)}\[\033[01;32m\]\u@\h\[\033[00m\]:\[\033[01;34m\]\w\[\033[00m\]\$ VIRTUAL_ENV_PROMPT=(.venv) /usr/bin/cmake /home/ubuntuuser/ros2_ws/src/turtlebot3_simulations/turtlebot3_gazebo -DCMAKE_INSTALL_PREFIX=/home/ubuntuuser/ros2_ws/src/install/turtlebot3_gazebo
[0.607s] -- The C compiler identification is GNU 13.3.0
[0.948s] -- The CXX compiler identification is GNU 13.3.0
[1.042s] -- Detecting C compiler ABI info
[1.434s] -- Detecting C compiler ABI info - done
[1.462s] -- Check for working C compiler: /usr/bin/cc - skipped
[1.471s] -- Detecting C compile features
[1.473s] -- Detecting C compile features - done
[1.494s] -- Detecting CXX compiler ABI info
[2.030s] -- Detecting CXX compiler ABI info - done
[2.073s] -- Check for working CXX compiler: /usr/bin/c++ - skipped
[2.074s] -- Detecting CXX compile features
[2.080s] -- Detecting CXX compile features - done
[2.123s] -- Found ament_cmake: 2.5.4 (/opt/ros/jazzy/share/ament_cmake/cmake)
[2.910s] -- Found Python3: /home/ubuntuuser/repos/ros2_robotics/.venv/bin/python3 (found version "3.12.3") found components: Interpreter 
[3.533s] -- Found ros_gz_sim: 1.0.16 (/opt/ros/jazzy/share/ros_gz_sim/cmake)
[3.876s] -- Found rosidl_generator_c: 4.6.6 (/opt/ros/jazzy/share/rosidl_generator_c/cmake)
[3.993s] -- Found rosidl_generator_cpp: 4.6.6 (/opt/ros/jazzy/share/rosidl_generator_cpp/cmake)
[4.085s] -- Using all available rosidl_typesupport_c: rosidl_typesupport_fastrtps_c;rosidl_typesupport_introspection_c
[4.234s] -- Using all available rosidl_typesupport_cpp: rosidl_typesupport_fastrtps_cpp;rosidl_typesupport_introspection_cpp
[4.802s] -- Found rmw_implementation_cmake: 7.3.2 (/opt/ros/jazzy/share/rmw_implementation_cmake/cmake)
[4.836s] -- Found rmw_fastrtps_cpp: 8.4.3 (/opt/ros/jazzy/share/rmw_fastrtps_cpp/cmake)
[5.444s] -- Found OpenSSL: /usr/lib/x86_64-linux-gnu/libcrypto.so (found version "3.0.13")  
[5.569s] -- Found FastRTPS: /opt/ros/jazzy/include (Required is at least version "2.13") 
[5.795s] -- Using RMW implementation 'rmw_fastrtps_cpp' as default
[7.355s] -- Found nav_msgs: 5.3.6 (/opt/ros/jazzy/share/nav_msgs/cmake)
[7.430s] -- Found sensor_msgs: 5.3.6 (/opt/ros/jazzy/share/sensor_msgs/cmake)
[7.512s] -- Found gz_math_vendor: 0.0.8 (/opt/ros/jazzy/share/gz_math_vendor/cmake)
[7.574s] -- Looking for gz-math7 -- found version 7.5.2
[7.612s] -- Searching for dependencies of gz-math7
[7.622s] -- Looking for gz-utils2 -- found version 2.2.1
[7.623s] -- Searching for dependencies of gz-utils2
[7.644s] -- Found gz_sim_vendor: 0.0.8 (/opt/ros/jazzy/share/gz_sim_vendor/cmake)
[7.948s] -- Looking for gz-sim8 -- found version 8.9.0
[7.948s] -- Searching for dependencies of gz-sim8
[7.963s] -- Looking for sdformat14 -- found version 14.8.0
[7.964s] -- Searching for dependencies of sdformat14
[7.983s] -- Checking for module 'tinyxml2'
[8.028s] --   Found tinyxml2, version 10.0.0
[8.167s] -- Looking for gz-math7 -- found version 7.5.2
[8.168s] -- Looking for gz-utils2 -- found version 2.2.1
[8.169s] -- Searching for dependencies of gz-utils2
[8.170s] -- Searching for <gz-utils2> component [cli]
[8.179s] -- Looking for gz-utils2-cli -- found version 2.2.1
[8.180s] -- Searching for dependencies of gz-utils2-cli
[8.203s] -- Looking for gz-plugin2 -- found version 2.0.4
[8.206s] -- Searching for dependencies of gz-plugin2
[8.207s] -- Looking for gz-utils2 -- found version 2.2.1
[8.216s] -- Searching for <gz-plugin2> component [loader]
[8.227s] -- Looking for gz-plugin2-loader -- found version 2.0.4
[8.228s] -- Searching for dependencies of gz-plugin2-loader
[8.234s] -- Searching for <gz-plugin2> component [register]
[8.251s] -- Looking for gz-plugin2-register -- found version 2.0.4
[8.251s] -- Searching for dependencies of gz-plugin2-register
[8.258s] -- Looking for gz-transport13 -- found version 13.4.1
[8.258s] -- Searching for dependencies of gz-transport13
[8.677s] -- Found Protobuf: /usr/lib/x86_64-linux-gnu/libprotobuf.so (found version "3.21.12") 
[8.716s] -- Config-file not installed for ZeroMQ -- checking for pkg-config
[8.729s] -- Checking for module 'libzmq >= 4'
[8.771s] --   Found libzmq, version 4.3.5
[8.916s] -- Found ZeroMQ: TRUE (Required is at least version "4") 
[8.932s] -- Checking for module 'uuid'
[8.971s] --   Found uuid, version 2.39.3
[9.067s] -- Found UUID: TRUE  
[9.068s] -- Looking for gz-utils2 -- found version 2.2.1
[9.076s] -- Looking for gz-msgs10 -- found version 10.3.2
[9.076s] -- Searching for dependencies of gz-msgs10
[9.124s] -- Looking for gz-utils2 -- found version 2.2.1
[9.125s] -- Looking for gz-math7 -- found version 7.5.2
[9.149s] -- Searching for <gz-transport13> component [log]
[9.156s] -- Looking for gz-transport13-log -- found version 13.4.1
[9.156s] -- Searching for dependencies of gz-transport13-log
[9.159s] -- Searching for <gz-transport13> component [parameters]
[9.167s] -- Looking for gz-transport13-parameters -- found version 13.4.1
[9.167s] -- Searching for dependencies of gz-transport13-parameters
[9.170s] -- Looking for gz-msgs10 -- found version 10.3.2
[9.178s] -- Looking for gz-common5 -- found version 5.7.1
[9.178s] -- Searching for dependencies of gz-common5
[9.179s] -- Looking for gz-utils2 -- found version 2.2.1
[9.180s] -- Looking for dlfcn.h - found
[9.183s] -- Looking for libdl - found
[9.187s] -- Found DL: TRUE  
[9.200s] -- Searching for <gz-common5> component [av]
[9.209s] -- Looking for gz-common5-av -- found version 5.7.1
[9.209s] -- Searching for dependencies of gz-common5-av
[9.222s] -- Checking for module 'libswscale'
[9.275s] --   Found libswscale, version 7.5.100
[9.416s] -- Found SWSCALE: TRUE  
[9.429s] -- Checking for module 'libavdevice >= 56.4.100'
[9.488s] --   Found libavdevice, version 60.3.100
[9.606s] -- Found AVDEVICE: TRUE (Required is at least version "56.4.100") 
[9.621s] -- Checking for module 'libavformat'
[9.671s] --   Found libavformat, version 60.16.100
[9.790s] -- Found AVFORMAT: TRUE  
[9.801s] -- Checking for module 'libavcodec'
[9.835s] --   Found libavcodec, version 60.31.102
[9.957s] -- Found AVCODEC: TRUE  
[9.971s] -- Checking for module 'libavutil'
[10.016s] --   Found libavutil, version 58.29.100
[10.123s] -- Found AVUTIL: TRUE  
[10.126s] -- Searching for <gz-common5> component [events]
[10.141s] -- Looking for gz-common5-events -- found version 5.7.1
[10.143s] -- Searching for dependencies of gz-common5-events
[10.143s] -- Looking for gz-math7 -- found version 7.5.2
[10.146s] -- Searching for <gz-common5> component [graphics]
[10.159s] -- Looking for gz-common5-graphics -- found version 5.7.1
[10.159s] -- Searching for dependencies of gz-common5-graphics
[10.160s] -- Looking for gz-math7 -- found version 7.5.2
[10.176s] -- Found GzAssimp: TRUE (found version "5.3.0") 
[10.178s] -- Searching for <gz-common5> component [io]
[10.186s] -- Looking for gz-common5-io -- found version 5.7.1
[10.186s] -- Searching for dependencies of gz-common5-io
[10.188s] -- Searching for <gz-common5> component [profiler]
[10.196s] -- Looking for gz-common5-profiler -- found version 5.7.1
[10.196s] -- Searching for dependencies of gz-common5-profiler
[10.205s] -- Looking for gz-fuel_tools9 -- found version 9.1.1
[10.206s] -- Searching for dependencies of gz-fuel_tools9
[10.393s] -- Found CURL: /usr/lib/x86_64-linux-gnu/libcurl.so (found version "8.5.0")  
[10.416s] -- Checking for module 'jsoncpp'
[10.450s] --   Found jsoncpp, version 1.9.5
[10.528s] -- Found JSONCPP: TRUE  
[10.558s] -- Checking for module 'yaml-0.1'
[10.594s] --   Found yaml-0.1, version 0.2.5
[10.671s] -- Found YAML: TRUE  
[10.682s] -- Checking for module 'libzip'
[10.714s] --   Found libzip, version 1.7.3
[10.792s] -- Found ZIP: TRUE  
[10.793s] -- Looking for gz-utils2 -- found version 2.2.1
[10.793s] -- Looking for gz-common5 -- found version 5.7.1
[10.794s] -- Searching for dependencies of gz-common5
[10.795s] -- Looking for gz-utils2 -- found version 2.2.1
[10.795s] -- Looking for dlfcn.h - found
[10.795s] -- Looking for libdl - found
[10.810s] -- Searching for <gz-common5> component [testing]
[10.816s] -- Looking for gz-common5-testing -- found version 5.7.1
[10.816s] -- Searching for dependencies of gz-common5-testing
[10.819s] -- Looking for gz-math7 -- found version 7.5.2
[10.819s] -- Looking for gz-msgs10 -- found version 10.3.2
[10.827s] -- Looking for gz-gui8 -- found version 8.4.0
[10.828s] -- Searching for dependencies of gz-gui8
[10.872s] -- Looking for gz-utils2 -- found version 2.2.1
[10.872s] -- Looking for gz-math7 -- found version 7.5.2
[10.873s] -- Looking for gz-common5 -- found version 5.7.1
[10.874s] -- Looking for gz-plugin2 -- found version 2.0.4
[10.875s] -- Looking for gz-transport13 -- found version 13.4.1
[10.881s] -- Looking for gz-rendering8 -- found version 8.2.2
[10.882s] -- Searching for dependencies of gz-rendering8
[10.882s] -- Looking for gz-math7 -- found version 7.5.2
[10.883s] -- Searching for dependencies of gz-math7
[10.883s] -- Looking for gz-utils2 -- found version 2.2.1
[10.884s] -- Searching for <gz-math7> component [eigen3]
[10.892s] -- Looking for gz-math7-eigen3 -- found version 7.5.2
[10.892s] -- Searching for dependencies of gz-math7-eigen3
[10.911s] -- Looking for gz-common5 -- found version 5.7.1
[10.911s] -- Searching for dependencies of gz-common5
[10.911s] -- Looking for gz-utils2 -- found version 2.2.1
[10.912s] -- Looking for dlfcn.h - found
[10.912s] -- Looking for libdl - found
[10.926s] -- Searching for <gz-common5> component [graphics]
[10.926s] -- Searching for <gz-common5> component [events]
[10.926s] -- Searching for <gz-common5> component [geospatial]
[10.934s] -- Looking for gz-common5-geospatial -- found version 5.7.1
[10.934s] -- Searching for dependencies of gz-common5-geospatial
[10.935s] -- Looking for gz-math7 -- found version 7.5.2
[10.935s] -- Looking for gz-common5 -- found version 5.7.1
[10.939s] -- Looking for gz-plugin2 -- found version 2.0.4
[10.939s] -- Searching for dependencies of gz-plugin2
[10.939s] -- Looking for gz-utils2 -- found version 2.2.1
[10.940s] -- Searching for <gz-plugin2> component [all]
[10.947s] -- Looking for all libraries of gz-plugin2 -- found version 2.0.4
[10.948s] -- Looking for gz-plugin2 -- found version 2.0.4
[10.950s] -- Looking for gz-utils2 -- found version 2.2.1
[10.982s] -- Found OpenGL: /usr/lib/x86_64-linux-gnu/libOpenGL.so  found components: OpenGL 
[10.985s] -- Looking for gz-msgs10 -- found version 10.3.2
[11.088s] -- Looking for gz-physics7 -- found version 7.5.0
[11.088s] -- Searching for dependencies of gz-physics7
[11.088s] -- Looking for gz-common5 -- found version 5.7.1
[11.089s] -- Looking for gz-math7 -- found version 7.5.2
[11.091s] -- Looking for gz-plugin2 -- found version 2.0.4
[11.092s] -- Looking for gz-utils2 -- found version 2.2.1
[11.095s] -- Searching for <gz-physics7> component [heightmap]
[11.101s] -- Looking for gz-physics7-heightmap -- found version 7.5.0
[11.102s] -- Searching for dependencies of gz-physics7-heightmap
[11.102s] -- Looking for gz-common5 -- found version 5.7.1
[11.103s] -- Searching for <gz-physics7> component [mesh]
[11.110s] -- Looking for gz-physics7-mesh -- found version 7.5.0
[11.110s] -- Searching for dependencies of gz-physics7-mesh
[11.111s] -- Looking for gz-common5 -- found version 5.7.1
[11.112s] -- Searching for <gz-physics7> component [sdf]
[11.119s] -- Looking for gz-physics7-sdf -- found version 7.5.0
[11.119s] -- Searching for dependencies of gz-physics7-sdf
[11.120s] -- Looking for sdformat14 -- found version 14.8.0
[11.130s] -- Looking for gz-sensors8 -- found version 8.2.2
[11.130s] -- Searching for dependencies of gz-sensors8
[11.169s] -- Looking for gz-math7 -- found version 7.5.2
[11.169s] -- Looking for gz-common5 -- found version 5.7.1
[11.171s] -- Looking for gz-transport13 -- found version 13.4.1
[11.171s] -- Looking for gz-rendering8 -- found version 8.2.2
[11.172s] -- Looking for gz-msgs10 -- found version 10.3.2
[11.174s] -- Looking for sdformat14 -- found version 14.8.0
[11.175s] -- Searching for <gz-sensors8> component [air_pressure]
[11.183s] -- Looking for gz-sensors8-air_pressure -- found version 8.2.2
[11.184s] -- Searching for dependencies of gz-sensors8-air_pressure
[11.186s] -- Searching for <gz-sensors8> component [air_speed]
[11.194s] -- Looking for gz-sensors8-air_speed -- found version 8.2.2
[11.194s] -- Searching for dependencies of gz-sensors8-air_speed
[11.197s] -- Searching for <gz-sensors8> component [altimeter]
[11.203s] -- Looking for gz-sensors8-altimeter -- found version 8.2.2
[11.203s] -- Searching for dependencies of gz-sensors8-altimeter
[11.205s] -- Searching for <gz-sensors8> component [imu]
[11.212s] -- Looking for gz-sensors8-imu -- found version 8.2.2
[11.212s] -- Searching for dependencies of gz-sensors8-imu
[11.213s] -- Searching for <gz-sensors8> component [force_torque]
[11.219s] -- Looking for gz-sensors8-force_torque -- found version 8.2.2
[11.219s] -- Searching for dependencies of gz-sensors8-force_torque
[11.223s] -- Searching for <gz-sensors8> component [logical_camera]
[11.227s] -- Looking for gz-sensors8-logical_camera -- found version 8.2.2
[11.228s] -- Searching for dependencies of gz-sensors8-logical_camera
[11.229s] -- Searching for <gz-sensors8> component [magnetometer]
[11.235s] -- Looking for gz-sensors8-magnetometer -- found version 8.2.2
[11.236s] -- Searching for dependencies of gz-sensors8-magnetometer
[11.237s] -- Searching for <gz-sensors8> component [navsat]
[11.243s] -- Looking for gz-sensors8-navsat -- found version 8.2.2
[11.244s] -- Searching for dependencies of gz-sensors8-navsat
[11.246s] -- Searching for <gz-sensors8> component [dvl]
[11.253s] -- Looking for gz-sensors8-dvl -- found version 8.2.2
[11.253s] -- Searching for dependencies of gz-sensors8-dvl
[11.253s] -- Looking for gz-sensors8 -- found version 8.2.2
[11.254s] -- Searching for dependencies of gz-sensors8
[11.288s] -- Looking for gz-math7 -- found version 7.5.2
[11.289s] -- Looking for gz-common5 -- found version 5.7.1
[11.290s] -- Looking for gz-transport13 -- found version 13.4.1
[11.290s] -- Looking for gz-rendering8 -- found version 8.2.2
[11.291s] -- Looking for gz-msgs10 -- found version 10.3.2
[11.291s] -- Looking for sdformat14 -- found version 14.8.0
[11.292s] -- Searching for <gz-sensors8> component [rendering]
[11.299s] -- Looking for gz-sensors8-rendering -- found version 8.2.2
[11.299s] -- Searching for dependencies of gz-sensors8-rendering
[11.303s] -- Searching for <gz-sensors8> component [rendering]
[11.303s] -- Searching for <gz-sensors8> component [lidar]
[11.308s] -- Looking for gz-sensors8-lidar -- found version 8.2.2
[11.309s] -- Searching for dependencies of gz-sensors8-lidar
[11.309s] -- Looking for gz-sensors8 -- found version 8.2.2
[11.311s] -- Searching for <gz-sensors8> component [gpu_lidar]
[11.317s] -- Looking for gz-sensors8-gpu_lidar -- found version 8.2.2
[11.317s] -- Searching for dependencies of gz-sensors8-gpu_lidar
[11.318s] -- Looking for gz-sensors8 -- found version 8.2.2
[11.320s] -- Searching for <gz-sensors8> component [camera]
[11.326s] -- Looking for gz-sensors8-camera -- found version 8.2.2
[11.327s] -- Searching for dependencies of gz-sensors8-camera
[11.327s] -- Looking for gz-sensors8 -- found version 8.2.2
[11.330s] -- Searching for <gz-sensors8> component [boundingbox_camera]
[11.335s] -- Looking for gz-sensors8-boundingbox_camera -- found version 8.2.2
[11.335s] -- Searching for dependencies of gz-sensors8-boundingbox_camera
[11.337s] -- Searching for <gz-sensors8> component [segmentation_camera]
[11.342s] -- Looking for gz-sensors8-segmentation_camera -- found version 8.2.2
[11.343s] -- Searching for dependencies of gz-sensors8-segmentation_camera
[11.345s] -- Searching for <gz-sensors8> component [depth_camera]
[11.352s] -- Looking for gz-sensors8-depth_camera -- found version 8.2.2
[11.353s] -- Searching for dependencies of gz-sensors8-depth_camera
[11.353s] -- Looking for gz-sensors8 -- found version 8.2.2
[11.355s] -- Searching for <gz-sensors8> component [rgbd_camera]
[11.361s] -- Looking for gz-sensors8-rgbd_camera -- found version 8.2.2
[11.361s] -- Searching for dependencies of gz-sensors8-rgbd_camera
[11.362s] -- Looking for gz-sensors8 -- found version 8.2.2
[11.364s] -- Searching for <gz-sensors8> component [thermal_camera]
[11.370s] -- Looking for gz-sensors8-thermal_camera -- found version 8.2.2
[11.370s] -- Searching for dependencies of gz-sensors8-thermal_camera
[11.371s] -- Looking for gz-sensors8 -- found version 8.2.2
[11.373s] -- Searching for <gz-sensors8> component [wide_angle_camera]
[11.379s] -- Looking for gz-sensors8-wide_angle_camera -- found version 8.2.2
[11.380s] -- Searching for dependencies of gz-sensors8-wide_angle_camera
[11.382s] -- Looking for gz-rendering8 -- found version 8.2.2
[11.383s] -- Looking for gz-math7 -- found version 7.5.2
[11.383s] -- Looking for gz-utils2 -- found version 2.2.1
[11.427s] -- Looking for gz-plugin2 -- found version 2.0.4
[11.471s] Traceback (most recent call last):
[11.471s]   File "/opt/ros/jazzy/share/ament_cmake_core/cmake/core/package_xml_2_cmake.py", line 22, in <module>
[11.471s]     from catkin_pkg.package import parse_package_string
[11.471s] ModuleNotFoundError: No module named 'catkin_pkg'
[11.478s] [31mCMake Error at /opt/ros/jazzy/share/ament_cmake_core/cmake/core/ament_package_xml.cmake:95 (message):
[11.478s]   execute_process(/home/ubuntuuser/repos/ros2_robotics/.venv/bin/python3
[11.478s]   /opt/ros/jazzy/share/ament_cmake_core/cmake/core/package_xml_2_cmake.py
[11.478s]   /home/ubuntuuser/ros2_ws/src/turtlebot3_simulations/turtlebot3_gazebo/package.xml
[11.478s]   /home/ubuntuuser/ros2_ws/src/build/turtlebot3_gazebo/ament_cmake_core/package.cmake)
[11.479s]   returned error code 1
[11.479s] Call Stack (most recent call first):
[11.479s]   /opt/ros/jazzy/share/ament_cmake_core/cmake/core/ament_package_xml.cmake:49 (_ament_package_xml)
[11.479s]   /opt/ros/jazzy/share/ament_cmake_core/cmake/core/ament_package.cmake:63 (ament_package_xml)
[11.479s]   CMakeLists.txt:108 (ament_package)
[11.479s] 
[11.479s] [0m
[11.479s] -- Configuring incomplete, errors occurred!
