/home/ubuntuuser/ros2_ws/install/r7021e_exploration/lib/python3.12/site-packages/r7021e_exploration/frontier_detector_node.py
/home/ubuntuuser/ros2_ws/install/r7021e_exploration/lib/python3.12/site-packages/r7021e_exploration/__init__.py
/home/ubuntuuser/ros2_ws/install/r7021e_exploration/lib/python3.12/site-packages/r7021e_exploration/navigation_node.py
/home/ubuntuuser/ros2_ws/install/r7021e_exploration/lib/python3.12/site-packages/r7021e_exploration/rrt.py
/home/ubuntuuser/ros2_ws/install/r7021e_exploration/lib/python3.12/site-packages/r7021e_exploration/path_follower_node.py
/home/ubuntuuser/ros2_ws/install/r7021e_exploration/lib/python3.12/site-packages/r7021e_exploration/__pycache__/frontier_detector_node.cpython-312.pyc
/home/ubuntuuser/ros2_ws/install/r7021e_exploration/lib/python3.12/site-packages/r7021e_exploration/__pycache__/__init__.cpython-312.pyc
/home/ubuntuuser/ros2_ws/install/r7021e_exploration/lib/python3.12/site-packages/r7021e_exploration/__pycache__/navigation_node.cpython-312.pyc
/home/ubuntuuser/ros2_ws/install/r7021e_exploration/lib/python3.12/site-packages/r7021e_exploration/__pycache__/rrt.cpython-312.pyc
/home/ubuntuuser/ros2_ws/install/r7021e_exploration/lib/python3.12/site-packages/r7021e_exploration/__pycache__/path_follower_node.cpython-312.pyc
/home/ubuntuuser/ros2_ws/install/r7021e_exploration/share/ament_index/resource_index/packages/r7021e_exploration
/home/ubuntuuser/ros2_ws/install/r7021e_exploration/share/r7021e_exploration/package.xml
/home/ubuntuuser/ros2_ws/install/r7021e_exploration/share/r7021e_exploration/launch/exploration.launch.py
/home/ubuntuuser/ros2_ws/install/r7021e_exploration/share/r7021e_exploration/launch/rviz/exploration.rviz
/home/ubuntuuser/ros2_ws/install/r7021e_exploration/share/r7021e_exploration/config/slam_config.yaml
/home/ubuntuuser/ros2_ws/install/r7021e_exploration/lib/python3.12/site-packages/r7021e_exploration-0.0.0-py3.12.egg-info/requires.txt
/home/ubuntuuser/ros2_ws/install/r7021e_exploration/lib/python3.12/site-packages/r7021e_exploration-0.0.0-py3.12.egg-info/zip-safe
/home/ubuntuuser/ros2_ws/install/r7021e_exploration/lib/python3.12/site-packages/r7021e_exploration-0.0.0-py3.12.egg-info/entry_points.txt
/home/ubuntuuser/ros2_ws/install/r7021e_exploration/lib/python3.12/site-packages/r7021e_exploration-0.0.0-py3.12.egg-info/SOURCES.txt
/home/ubuntuuser/ros2_ws/install/r7021e_exploration/lib/python3.12/site-packages/r7021e_exploration-0.0.0-py3.12.egg-info/PKG-INFO
/home/ubuntuuser/ros2_ws/install/r7021e_exploration/lib/python3.12/site-packages/r7021e_exploration-0.0.0-py3.12.egg-info/dependency_links.txt
/home/ubuntuuser/ros2_ws/install/r7021e_exploration/lib/python3.12/site-packages/r7021e_exploration-0.0.0-py3.12.egg-info/top_level.txt
/home/ubuntuuser/ros2_ws/install/r7021e_exploration/lib/r7021e_exploration/frontier_detector_node
/home/ubuntuuser/ros2_ws/install/r7021e_exploration/lib/r7021e_exploration/navigation_node
/home/ubuntuuser/ros2_ws/install/r7021e_exploration/lib/r7021e_exploration/path_follower_node
