[0.083s] Invoking command in '/home/ubuntuuser/ros2_ws/src/build/turtlebot3_fake_node': CMAKE_PREFIX_PATH=${CMAKE_PREFIX_PATH}:/home/ubuntuuser/ros2_ws/install/r7021e_exploration:/home/ubuntuuser/ros2_ws/install/crazyflie_py:/opt/ros/jazzy DEBUGINFOD_URLS=https://debuginfod.ubuntu.com PS1=(.venv) \[\e]0;\u@\h: \w\a\]${debian_chroot:+($debian_chroot)}\[\033[01;32m\]\u@\h\[\033[00m\]:\[\033[01;34m\]\w\[\033[00m\]\$ VIRTUAL_ENV_PROMPT=(.venv) /usr/bin/cmake /home/ubuntuuser/ros2_ws/src/turtlebot3_simulations/turtlebot3_fake_node -DCMAKE_INSTALL_PREFIX=/home/ubuntuuser/ros2_ws/src/install/turtlebot3_fake_node
[0.598s] -- The C compiler identification is GNU 13.3.0
[0.982s] -- The CXX compiler identification is GNU 13.3.0
[1.073s] -- Detecting C compiler ABI info
[1.528s] -- Detecting C compiler ABI info - done
[1.556s] -- Check for working C compiler: /usr/bin/cc - skipped
[1.557s] -- Detecting C compile features
[1.561s] -- Detecting C compile features - done
[1.615s] -- Detecting CXX compiler ABI info
[2.095s] -- Detecting CXX compiler ABI info - done
[2.171s] -- Check for working CXX compiler: /usr/bin/c++ - skipped
[2.184s] -- Detecting CXX compile features
[2.189s] -- Detecting CXX compile features - done
[2.248s] -- Found ament_cmake: 2.5.4 (/opt/ros/jazzy/share/ament_cmake/cmake)
[2.892s] -- Found Python3: /home/ubuntuuser/repos/ros2_robotics/.venv/bin/python3 (found version "3.12.3") found components: Interpreter 
[3.714s] -- Found geometry_msgs: 5.3.6 (/opt/ros/jazzy/share/geometry_msgs/cmake)
[4.046s] -- Found rosidl_generator_c: 4.6.6 (/opt/ros/jazzy/share/rosidl_generator_c/cmake)
[4.128s] -- Found rosidl_generator_cpp: 4.6.6 (/opt/ros/jazzy/share/rosidl_generator_cpp/cmake)
[4.230s] -- Using all available rosidl_typesupport_c: rosidl_typesupport_fastrtps_c;rosidl_typesupport_introspection_c
[4.494s] -- Using all available rosidl_typesupport_cpp: rosidl_typesupport_fastrtps_cpp;rosidl_typesupport_introspection_cpp
[4.707s] -- Found nav_msgs: 5.3.6 (/opt/ros/jazzy/share/nav_msgs/cmake)
[4.893s] -- Found rclcpp: 28.1.11 (/opt/ros/jazzy/share/rclcpp/cmake)
[5.136s] -- Found rmw_implementation_cmake: 7.3.2 (/opt/ros/jazzy/share/rmw_implementation_cmake/cmake)
[5.161s] -- Found rmw_fastrtps_cpp: 8.4.3 (/opt/ros/jazzy/share/rmw_fastrtps_cpp/cmake)
[5.637s] -- Found OpenSSL: /usr/lib/x86_64-linux-gnu/libcrypto.so (found version "3.0.13")  
[5.850s] -- Found FastRTPS: /opt/ros/jazzy/include (Required is at least version "2.13") 
[5.961s] -- Using RMW implementation 'rmw_fastrtps_cpp' as default
[6.225s] -- Found sensor_msgs: 5.3.6 (/opt/ros/jazzy/share/sensor_msgs/cmake)
[6.324s] -- Found tf2: 0.36.14 (/opt/ros/jazzy/share/tf2/cmake)
[6.362s] -- Found tf2_msgs: 0.36.14 (/opt/ros/jazzy/share/tf2_msgs/cmake)
[6.709s] -- Found turtlebot3_msgs: 2.4.0 (/opt/ros/jazzy/share/turtlebot3_msgs/cmake)
[7.004s] Traceback (most recent call last):
[7.005s]   File "/opt/ros/jazzy/share/ament_cmake_core/cmake/core/package_xml_2_cmake.py", line 22, in <module>
[7.005s]     from catkin_pkg.package import parse_package_string
[7.005s] ModuleNotFoundError: No module named 'catkin_pkg'
[7.032s] [31mCMake Error at /opt/ros/jazzy/share/ament_cmake_core/cmake/core/ament_package_xml.cmake:95 (message):
[7.032s]   execute_process(/home/ubuntuuser/repos/ros2_robotics/.venv/bin/python3
[7.033s]   /opt/ros/jazzy/share/ament_cmake_core/cmake/core/package_xml_2_cmake.py
[7.034s]   /home/ubuntuuser/ros2_ws/src/turtlebot3_simulations/turtlebot3_fake_node/package.xml
[7.034s]   /home/ubuntuuser/ros2_ws/src/build/turtlebot3_fake_node/ament_cmake_core/package.cmake)
[7.035s]   returned error code 1
[7.035s] Call Stack (most recent call first):
[7.035s]   /opt/ros/jazzy/share/ament_cmake_core/cmake/core/ament_package_xml.cmake:49 (_ament_package_xml)
[7.038s]   /opt/ros/jazzy/share/ament_cmake_core/cmake/core/ament_package.cmake:63 (ament_package_xml)
[7.038s]   CMakeLists.txt:75 (ament_package)
[7.038s] 
[7.039s] [0m
[7.039s] -- Configuring incomplete, errors occurred!
