[1.593s] Invoking command in '/home/ubuntuuser/ros2_ws/src/turtlebot3_trailer': DEBUGINFOD_URLS=https://debuginfod.ubuntu.com PYTHONPATH=/home/ubuntuuser/ros2_ws/src/turtlebot3_trailer/build/turtlebot3_trailer/prefix_override:/usr/lib/python3/dist-packages/colcon_core/task/python/colcon_distutils_commands:/home/ubuntuuser/ros2_ws/src/turtlebot3_trailer/install/turtlebot3_trailer/lib/python3.12/site-packages:${PYTHONPATH} /usr/bin/python3 -W ignore:setup.py install is deprecated -W ignore:easy_install command is deprecated setup.py egg_info --egg-base build/turtlebot3_trailer build --build-base /home/ubuntuuser/ros2_ws/src/turtlebot3_trailer/build/turtlebot3_trailer/build install --record /home/ubuntuuser/ros2_ws/src/turtlebot3_trailer/build/turtlebot3_trailer/install.log --single-version-externally-managed install_data
[2.124s] running egg_info
[2.124s] creating build/turtlebot3_trailer/turtlebot3_trailer.egg-info
[2.168s] writing build/turtlebot3_trailer/turtlebot3_trailer.egg-info/PKG-INFO
[2.169s] writing dependency_links to build/turtlebot3_trailer/turtlebot3_trailer.egg-info/dependency_links.txt
[2.169s] writing requirements to build/turtlebot3_trailer/turtlebot3_trailer.egg-info/requires.txt
[2.169s] writing top-level names to build/turtlebot3_trailer/turtlebot3_trailer.egg-info/top_level.txt
[2.169s] writing manifest file 'build/turtlebot3_trailer/turtlebot3_trailer.egg-info/SOURCES.txt'
[2.252s] reading manifest file 'build/turtlebot3_trailer/turtlebot3_trailer.egg-info/SOURCES.txt'
[2.253s] writing manifest file 'build/turtlebot3_trailer/turtlebot3_trailer.egg-info/SOURCES.txt'
[2.253s] running build
[2.253s] running build_py
[2.254s] creating /home/ubuntuuser/ros2_ws/src/turtlebot3_trailer/build/turtlebot3_trailer/build
[2.254s] creating /home/ubuntuuser/ros2_ws/src/turtlebot3_trailer/build/turtlebot3_trailer/build/lib
[2.254s] creating /home/ubuntuuser/ros2_ws/src/turtlebot3_trailer/build/turtlebot3_trailer/build/lib/turtlebot3_trailer
[2.255s] copying turtlebot3_trailer/__init__.py -> /home/ubuntuuser/ros2_ws/src/turtlebot3_trailer/build/turtlebot3_trailer/build/lib/turtlebot3_trailer
[2.255s] running install
[2.264s] running install_lib
[2.304s] creating /home/ubuntuuser/ros2_ws/src/turtlebot3_trailer/install/turtlebot3_trailer/lib/python3.12/site-packages/turtlebot3_trailer
[2.304s] copying /home/ubuntuuser/ros2_ws/src/turtlebot3_trailer/build/turtlebot3_trailer/build/lib/turtlebot3_trailer/__init__.py -> /home/ubuntuuser/ros2_ws/src/turtlebot3_trailer/install/turtlebot3_trailer/lib/python3.12/site-packages/turtlebot3_trailer
[2.305s] byte-compiling /home/ubuntuuser/ros2_ws/src/turtlebot3_trailer/install/turtlebot3_trailer/lib/python3.12/site-packages/turtlebot3_trailer/__init__.py to __init__.cpython-312.pyc
[2.306s] running install_data
[2.306s] creating /home/ubuntuuser/ros2_ws/src/turtlebot3_trailer/install/turtlebot3_trailer/share/ament_index
[2.309s] creating /home/ubuntuuser/ros2_ws/src/turtlebot3_trailer/install/turtlebot3_trailer/share/ament_index/resource_index
[2.309s] creating /home/ubuntuuser/ros2_ws/src/turtlebot3_trailer/install/turtlebot3_trailer/share/ament_index/resource_index/packages
[2.311s] copying resource/turtlebot3_trailer -> /home/ubuntuuser/ros2_ws/src/turtlebot3_trailer/install/turtlebot3_trailer/share/ament_index/resource_index/packages
[2.311s] copying package.xml -> /home/ubuntuuser/ros2_ws/src/turtlebot3_trailer/install/turtlebot3_trailer/share/turtlebot3_trailer
[2.312s] running install_egg_info
[2.356s] Copying build/turtlebot3_trailer/turtlebot3_trailer.egg-info to /home/ubuntuuser/ros2_ws/src/turtlebot3_trailer/install/turtlebot3_trailer/lib/python3.12/site-packages/turtlebot3_trailer-0.0.0-py3.12.egg-info
[2.357s] running install_scripts
[2.623s] writing list of installed files to '/home/ubuntuuser/ros2_ws/src/turtlebot3_trailer/build/turtlebot3_trailer/install.log'
[2.670s] Invoked command in '/home/ubuntuuser/ros2_ws/src/turtlebot3_trailer' returned '0': DEBUGINFOD_URLS=https://debuginfod.ubuntu.com PYTHONPATH=/home/ubuntuuser/ros2_ws/src/turtlebot3_trailer/build/turtlebot3_trailer/prefix_override:/usr/lib/python3/dist-packages/colcon_core/task/python/colcon_distutils_commands:/home/ubuntuuser/ros2_ws/src/turtlebot3_trailer/install/turtlebot3_trailer/lib/python3.12/site-packages:${PYTHONPATH} /usr/bin/python3 -W ignore:setup.py install is deprecated -W ignore:easy_install command is deprecated setup.py egg_info --egg-base build/turtlebot3_trailer build --build-base /home/ubuntuuser/ros2_ws/src/turtlebot3_trailer/build/turtlebot3_trailer/build install --record /home/ubuntuuser/ros2_ws/src/turtlebot3_trailer/build/turtlebot3_trailer/install.log --single-version-externally-managed install_data
