[2.403s] Invoking command in '/home/ubuntuuser/ros2_ws/src/crazyswarm2/crazyflie_py': AMENT_PREFIX_PATH=/home/ubuntuuser/ros2_ws/install/crazyflie_interfaces:${AMENT_PREFIX_PATH} CMAKE_PREFIX_PATH=/home/ubuntuuser/ros2_ws/install/crazyflie_interfaces:${CMAKE_PREFIX_PATH} DEBUGINFOD_URLS=https://debuginfod.ubuntu.com LD_LIBRARY_PATH=/home/ubuntuuser/ros2_ws/install/crazyflie_interfaces/lib:${LD_LIBRARY_PATH} PS1=(.venv) \[\e]0;\u@\h: \w\a\]${debian_chroot:+($debian_chroot)}\[\033[01;32m\]\u@\h\[\033[00m\]:\[\033[01;34m\]\w\[\033[00m\]\$ PYTHONPATH=/home/ubuntuuser/ros2_ws/build/crazyflie_py/prefix_override:/usr/lib/python3/dist-packages/colcon_core/task/python/colcon_distutils_commands:/home/ubuntuuser/ros2_ws/install/crazyflie_py/lib/python3.12/site-packages:/home/ubuntuuser/ros2_ws/install/crazyflie_interfaces/lib/python3.12/site-packages:${PYTHONPATH} VIRTUAL_ENV_PROMPT=(.venv) /usr/bin/python3 -W ignore:setup.py install is deprecated -W ignore:easy_install command is deprecated setup.py egg_info --egg-base ../../../build/crazyflie_py build --build-base /home/ubuntuuser/ros2_ws/build/crazyflie_py/build install --record /home/ubuntuuser/ros2_ws/build/crazyflie_py/install.log --single-version-externally-managed install_data
[3.183s] running egg_info
[3.183s] creating ../../../build/crazyflie_py/crazyflie_py.egg-info
[3.234s] writing ../../../build/crazyflie_py/crazyflie_py.egg-info/PKG-INFO
[3.235s] writing dependency_links to ../../../build/crazyflie_py/crazyflie_py.egg-info/dependency_links.txt
[3.235s] writing requirements to ../../../build/crazyflie_py/crazyflie_py.egg-info/requires.txt
[3.235s] writing top-level names to ../../../build/crazyflie_py/crazyflie_py.egg-info/top_level.txt
[3.235s] writing manifest file '../../../build/crazyflie_py/crazyflie_py.egg-info/SOURCES.txt'
[3.347s] reading manifest file '../../../build/crazyflie_py/crazyflie_py.egg-info/SOURCES.txt'
[3.348s] writing manifest file '../../../build/crazyflie_py/crazyflie_py.egg-info/SOURCES.txt'
[3.349s] running build
[3.349s] running build_py
[3.350s] creating /home/ubuntuuser/ros2_ws/build/crazyflie_py/build
[3.351s] creating /home/ubuntuuser/ros2_ws/build/crazyflie_py/build/lib
[3.352s] creating /home/ubuntuuser/ros2_ws/build/crazyflie_py/build/lib/crazyflie_py
[3.353s] copying crazyflie_py/crazyflie.py -> /home/ubuntuuser/ros2_ws/build/crazyflie_py/build/lib/crazyflie_py
[3.370s] copying crazyflie_py/genericJoystick.py -> /home/ubuntuuser/ros2_ws/build/crazyflie_py/build/lib/crazyflie_py
[3.371s] copying crazyflie_py/util.py -> /home/ubuntuuser/ros2_ws/build/crazyflie_py/build/lib/crazyflie_py
[3.371s] copying crazyflie_py/joystick.py -> /home/ubuntuuser/ros2_ws/build/crazyflie_py/build/lib/crazyflie_py
[3.371s] copying crazyflie_py/__init__.py -> /home/ubuntuuser/ros2_ws/build/crazyflie_py/build/lib/crazyflie_py
[3.373s] copying crazyflie_py/keyboard.py -> /home/ubuntuuser/ros2_ws/build/crazyflie_py/build/lib/crazyflie_py
[3.373s] copying crazyflie_py/uav_trajectory.py -> /home/ubuntuuser/ros2_ws/build/crazyflie_py/build/lib/crazyflie_py
[3.373s] copying crazyflie_py/linuxjsdev.py -> /home/ubuntuuser/ros2_ws/build/crazyflie_py/build/lib/crazyflie_py
[3.373s] copying crazyflie_py/crazyswarm_py.py -> /home/ubuntuuser/ros2_ws/build/crazyflie_py/build/lib/crazyflie_py
[3.373s] running install
[3.374s] running install_lib
[3.421s] creating /home/ubuntuuser/ros2_ws/install/crazyflie_py/lib/python3.12/site-packages/crazyflie_py
[3.423s] copying /home/ubuntuuser/ros2_ws/build/crazyflie_py/build/lib/crazyflie_py/crazyflie.py -> /home/ubuntuuser/ros2_ws/install/crazyflie_py/lib/python3.12/site-packages/crazyflie_py
[3.426s] copying /home/ubuntuuser/ros2_ws/build/crazyflie_py/build/lib/crazyflie_py/genericJoystick.py -> /home/ubuntuuser/ros2_ws/install/crazyflie_py/lib/python3.12/site-packages/crazyflie_py
[3.427s] copying /home/ubuntuuser/ros2_ws/build/crazyflie_py/build/lib/crazyflie_py/util.py -> /home/ubuntuuser/ros2_ws/install/crazyflie_py/lib/python3.12/site-packages/crazyflie_py
[3.427s] copying /home/ubuntuuser/ros2_ws/build/crazyflie_py/build/lib/crazyflie_py/joystick.py -> /home/ubuntuuser/ros2_ws/install/crazyflie_py/lib/python3.12/site-packages/crazyflie_py
[3.427s] copying /home/ubuntuuser/ros2_ws/build/crazyflie_py/build/lib/crazyflie_py/__init__.py -> /home/ubuntuuser/ros2_ws/install/crazyflie_py/lib/python3.12/site-packages/crazyflie_py
[3.427s] copying /home/ubuntuuser/ros2_ws/build/crazyflie_py/build/lib/crazyflie_py/keyboard.py -> /home/ubuntuuser/ros2_ws/install/crazyflie_py/lib/python3.12/site-packages/crazyflie_py
[3.427s] copying /home/ubuntuuser/ros2_ws/build/crazyflie_py/build/lib/crazyflie_py/uav_trajectory.py -> /home/ubuntuuser/ros2_ws/install/crazyflie_py/lib/python3.12/site-packages/crazyflie_py
[3.428s] copying /home/ubuntuuser/ros2_ws/build/crazyflie_py/build/lib/crazyflie_py/linuxjsdev.py -> /home/ubuntuuser/ros2_ws/install/crazyflie_py/lib/python3.12/site-packages/crazyflie_py
[3.428s] copying /home/ubuntuuser/ros2_ws/build/crazyflie_py/build/lib/crazyflie_py/crazyswarm_py.py -> /home/ubuntuuser/ros2_ws/install/crazyflie_py/lib/python3.12/site-packages/crazyflie_py
[3.428s] byte-compiling /home/ubuntuuser/ros2_ws/install/crazyflie_py/lib/python3.12/site-packages/crazyflie_py/crazyflie.py to crazyflie.cpython-312.pyc
[3.440s] byte-compiling /home/ubuntuuser/ros2_ws/install/crazyflie_py/lib/python3.12/site-packages/crazyflie_py/genericJoystick.py to genericJoystick.cpython-312.pyc
[3.443s] byte-compiling /home/ubuntuuser/ros2_ws/install/crazyflie_py/lib/python3.12/site-packages/crazyflie_py/util.py to util.cpython-312.pyc
[3.447s] byte-compiling /home/ubuntuuser/ros2_ws/install/crazyflie_py/lib/python3.12/site-packages/crazyflie_py/joystick.py to joystick.cpython-312.pyc
[3.447s] byte-compiling /home/ubuntuuser/ros2_ws/install/crazyflie_py/lib/python3.12/site-packages/crazyflie_py/__init__.py to __init__.cpython-312.pyc
[3.449s] byte-compiling /home/ubuntuuser/ros2_ws/install/crazyflie_py/lib/python3.12/site-packages/crazyflie_py/keyboard.py to keyboard.cpython-312.pyc
[3.452s] byte-compiling /home/ubuntuuser/ros2_ws/install/crazyflie_py/lib/python3.12/site-packages/crazyflie_py/uav_trajectory.py to uav_trajectory.cpython-312.pyc
[3.474s] byte-compiling /home/ubuntuuser/ros2_ws/install/crazyflie_py/lib/python3.12/site-packages/crazyflie_py/linuxjsdev.py to linuxjsdev.cpython-312.pyc
[3.474s] byte-compiling /home/ubuntuuser/ros2_ws/install/crazyflie_py/lib/python3.12/site-packages/crazyflie_py/crazyswarm_py.py to crazyswarm_py.cpython-312.pyc
[3.474s] running install_data
[3.475s] creating /home/ubuntuuser/ros2_ws/install/crazyflie_py/share/ament_index
[3.475s] creating /home/ubuntuuser/ros2_ws/install/crazyflie_py/share/ament_index/resource_index
[3.477s] creating /home/ubuntuuser/ros2_ws/install/crazyflie_py/share/ament_index/resource_index/packages
[3.477s] copying resource/crazyflie_py -> /home/ubuntuuser/ros2_ws/install/crazyflie_py/share/ament_index/resource_index/packages
[3.477s] copying package.xml -> /home/ubuntuuser/ros2_ws/install/crazyflie_py/share/crazyflie_py
[3.477s] running install_egg_info
[3.530s] Copying ../../../build/crazyflie_py/crazyflie_py.egg-info to /home/ubuntuuser/ros2_ws/install/crazyflie_py/lib/python3.12/site-packages/crazyflie_py-1.0.3-py3.12.egg-info
[3.532s] running install_scripts
[3.914s] writing list of installed files to '/home/ubuntuuser/ros2_ws/build/crazyflie_py/install.log'
[4.014s] Invoked command in '/home/ubuntuuser/ros2_ws/src/crazyswarm2/crazyflie_py' returned '0': AMENT_PREFIX_PATH=/home/ubuntuuser/ros2_ws/install/crazyflie_interfaces:${AMENT_PREFIX_PATH} CMAKE_PREFIX_PATH=/home/ubuntuuser/ros2_ws/install/crazyflie_interfaces:${CMAKE_PREFIX_PATH} DEBUGINFOD_URLS=https://debuginfod.ubuntu.com LD_LIBRARY_PATH=/home/ubuntuuser/ros2_ws/install/crazyflie_interfaces/lib:${LD_LIBRARY_PATH} PS1=(.venv) \[\e]0;\u@\h: \w\a\]${debian_chroot:+($debian_chroot)}\[\033[01;32m\]\u@\h\[\033[00m\]:\[\033[01;34m\]\w\[\033[00m\]\$ PYTHONPATH=/home/ubuntuuser/ros2_ws/build/crazyflie_py/prefix_override:/usr/lib/python3/dist-packages/colcon_core/task/python/colcon_distutils_commands:/home/ubuntuuser/ros2_ws/install/crazyflie_py/lib/python3.12/site-packages:/home/ubuntuuser/ros2_ws/install/crazyflie_interfaces/lib/python3.12/site-packages:${PYTHONPATH} VIRTUAL_ENV_PROMPT=(.venv) /usr/bin/python3 -W ignore:setup.py install is deprecated -W ignore:easy_install command is deprecated setup.py egg_info --egg-base ../../../build/crazyflie_py build --build-base /home/ubuntuuser/ros2_ws/build/crazyflie_py/build install --record /home/ubuntuuser/ros2_ws/build/crazyflie_py/install.log --single-version-externally-managed install_data
